******************************************************************************
            TI ARM Clang Linker PC v4.0.3                      
******************************************************************************
>> Linked Tue Jun 17 17:32:36 2025

OUTPUT FILE NAME:   <onoff_switch_LP_EM_CC2340R53_freertos_ticlang.out>
ENTRY POINT SYMBOL: "resetISR"  address: 0002ed09


MEMORY CONFIGURATION

         name            origin    length      used     unused   attr    fill
----------------------  --------  ---------  --------  --------  ----  --------
  FLASH                 00000000   0007f000  00033a4c  0004b5b4  R  X
  NVRAM                 0007f000   00001000  00001000  00000000  R  X
  SRAM                  20000000   00010000  00006089  00009f77  RW X
  S2RRAM                40098000   00001000  00000000  00001000  RW  
  CCFG                  4e020000   00000800  00000800  00000000  R   
  LOG_DATA              90000000   00040000  00000000  00040000  R   
  LOG_PTR               94000008   00040000  00000000  00040000  R   


SEGMENT ALLOCATION MAP

run origin  load origin   length   init length attrs members
----------  ----------- ---------- ----------- ----- -------
00000000    00000000    00033a50   00033a50    r-x
  00000000    00000000    0000008c   0000008c    r-- .resetVecs
  00000090    00000090    00030088   00030088    r-x .text
  00030118    00030118    000037b0   000037b0    r-- .rodata
  000338c8    000338c8    00000188   00000188    r-- .cinit
0007f000    0007f000    00001000   00000000    rw-
  0007f000    0007f000    00001000   00000000    rw- .TI.bound:flashBuf0
20000440    20000440    00000020   00000000    rw-
  20000440    20000440    00000010   00000000    rw- .TI.bound:dmaChannel4ControlTableEntry
  20000450    20000450    00000010   00000000    rw- .TI.bound:dmaChannel5ControlTableEntry
20000460    20000460    00005be1   00000000    rw-
  20000460    20000460    00003d1c   00000000    rw- .bss
  20004180    20004180    00001ec1   00000000    rw- .data
2000fc00    2000fc00    00000400   00000000    rw-
  2000fc00    2000fc00    00000400   00000000    rw- .stack
4e020000    4e020000    00000800   00000800    r--
  4e020000    4e020000    00000800   00000800    r-- .ccfg


SECTION ALLOCATION MAP

 output                                  attributes/
section   page    origin      length       input sections
--------  ----  ----------  ----------   ----------------
.resetVecs 
*          0    00000000    0000008c     
                  00000000    0000008c     ti_freertos_config.o (.resetVecs)

.binit     0    00000000    00000000     

.text      0    00000090    00030088     
                  00000090    00002cb4     zb_zdo_ed.a : zboss_r23_zdo_zdo_rx.obj (.text.zb_zdo_data_indication)
                  00002d44    00001af4     zb_ed_role.a : zboss_r23_common_zb_nvram.obj (.text.zb_nvram_load)
                  00004838    000010fc     rcl_cc23x0r5.a : ieee.c.obj (.text.RCL_Handler_Ieee_RxTx)
                  00005934    000010ec     ti_f3_main.o (.text.main_task_function)
                  00006a20    0000102c     zb_ed_role.a : zboss_r23_aps_aps_main.obj (.text.zb_nlde_data_indication_continue)
                  00007a4c    00000d64     {3FB32876-5DB2-46BA-9311-5B1CEE5FD1E3} (.text.write_dataset_body_by_type)
                  000087b0    000009c4     {3FB32876-5DB2-46BA-9311-5B1CEE5FD1E3} (.text.ep_process_zcl_cmd)
                  00009174    000008dc     zb_ed_role.a : zboss_r23_mac_mac.obj (.text.zb_mac_logic_iteration)
                  00009a50    000008b0                  : zboss_r23_nwk_nwk_discovery.obj (.text.zb_mlme_beacon_notify_indication)
                  0000a300    00000808                  : zboss_r23_nwk_nwk_main.obj (.text.zb_mcps_data_indication_process_nwk)
                  0000ab08    000006cc     {3FB32876-5DB2-46BA-9311-5B1CEE5FD1E3} (.text.zb_apsde_data_request_main)
                  0000b1d4    000006a8     zb_cluster_ed.a : zboss_r23_zcl_zcl_scenes.obj (.text.zb_zcl_process_scenes_specific_commands_cli)
                  0000b87c    000005b4                     : zboss_r23_zcl_zcl_on_off_commands.obj (.text.zb_zcl_process_on_off_specific_commands_cli)
                  0000be30    00000534     {3FB32876-5DB2-46BA-9311-5B1CEE5FD1E3} (.text.zb_sw_crypto_scalarmult)
                  0000c364    000004bc     {3FB32876-5DB2-46BA-9311-5B1CEE5FD1E3} (.text.done_with_frag_tx_ack)
                  0000c820    00000470     zb_ti_platform_zed.a : mac_ti_f3_mac.obj (.text.rfCallback)
                  0000cc90    0000042c     zb_zdo_ed.a : zboss_r23_zdo_af_rx.obj (.text.zb_apsde_data_acknowledged)
                  0000d0bc    000003d8     zb_ed_role.a : zboss_r23_nwk_nwk_join.obj (.text.zb_nlme_rejoin_response)
                  0000d494    000003d4     on_off_switch.o (.text.my_main_loop)
                  0000d868    000003c0     {3FB32876-5DB2-46BA-9311-5B1CEE5FD1E3} (.text.zb_zcl_read_attr_handler_continue)
                  0000dc28    000003b4     zb_cluster_ed.a : zboss_r23_zcl_zcl_reporting.obj (.text.zb_zcl_report_attr)
                  0000dfdc    000003a0     zb_ed_role.a : zboss_r23_nwk_nwk_discovery.obj (.text.zb_mlme_scan_confirm)
                  0000e37c    00000394     {3FB32876-5DB2-46BA-9311-5B1CEE5FD1E3} (.text.zb_zdo_common_response_handler)
                  0000e710    0000037c     zb_cluster_ed.a : zboss_r23_zcl_zcl_general_commands.obj (.text.zb_zcl_write_attr_handler)
                  0000ea8c    00000364     zb_ed_role.a : zboss_r23_secur_zdo_secur.obj (.text.zb_apsme_transport_key_indication)
                  0000edf0    0000033c                  : zboss_r23_aps_aps_main.obj (.text.zb_apsde_data_request)
                  0000f12c    00000324                  : zboss_r23_secur_aps_secur.obj (.text.zb_aps_unsecure_frame)
                  0000f450    00000300                  : zboss_r23_aps_aps_main.obj (.text.zb_nlde_data_confirm)
                  0000f750    00000300     zb_zdo_ed.a : zboss_r23_zdo_zdo_bind_manage.obj (.text.zb_zdo_bind_unbind_res)
                  0000fa50    000002f4     rcl_cc23x0r5.a : LRFCC23X0.c.obj (.text.LRF_temperatureCompensateTrim)
                  0000fd44    000002d4     {3FB32876-5DB2-46BA-9311-5B1CEE5FD1E3} (.text.zb_zcl_finish_and_send_packet_common)
                  00010018    000002c8     rcl_cc23x0r5.a : LRF.c.obj (.text.LRF_applySettings)
                  000102e0    000002c8     zb_ed_role.a : zboss_r23_nwk_nwk_main.obj (.text.nwk_frame_indication)
                  000105a8    000002b4     secure_drivers_cc23x0r5.a : AESCMACLPF3.c.obj (.text.AESCMAC_oneStepSign)
                  0001085c    000002ac     {3FB32876-5DB2-46BA-9311-5B1CEE5FD1E3} (.text.bdb_rejoin_machine)
                  00010b08    000002ac     zb_ed_role.a : zboss_r23_aps_aps_bind.obj (.text.zb_apsme_bind_request)
                  00010db4    000002ac                  : zboss_r23_common_zb_scheduler.obj (.text.zb_schedule_alarm)
                  00011060    000002a8                  : zboss_r23_mac_mac_scan.obj (.text.zb_mlme_scan_step)
                  00011308    000002a4     rcl_cc23x0r5.a : LRFCC23X0.c.obj (.text.LRF_programFrequency)
                  000115ac    00000290     zb_ed_role.a : zboss_r23_nwk_nwk_main.obj (.text.zb_nwk_handle_mcps_data_confirm)
                  0001183c    00000278                  : zboss_r23_mac_mac.obj (.text.zb_mac_send_frame)
                  00011ab4    00000274                  : zboss_r23_secur_aps_secur.obj (.text.zb_aps_secure_frame)
                  00011d28    00000270     {3FB32876-5DB2-46BA-9311-5B1CEE5FD1E3} (.text.process_binding_for_respondent)
                  00011f98    0000025c     zb_zdo_ed.a : zboss_r23_zdo_zdo_app_join.obj (.text.zb_nlme_network_discovery_confirm)
                  000121f4    00000258     zb_ti_platform_zed.a : mac_ti_f3_mac.obj (.text.mac_ti23xx_radio_init)
                  0001244c    00000254     zb_ed_role.a : zboss_r23_common_zb_address.obj (.text.zb_address_update)
                  000126a0    00000250     {3FB32876-5DB2-46BA-9311-5B1CEE5FD1E3} (.text.bdb_network_steering_machine)
                  000128f0    00000240     {3FB32876-5DB2-46BA-9311-5B1CEE5FD1E3} (.text.bdb_handle_comm_signal)
                  00012b30    0000023c     rcl_cc23x0r5.a : ieee.c.obj (.text.RCL_Handler_Ieee_processRxAction)
                  00012d6c    00000238     zb_ed_role.a : zboss_r23_aps_aps_main.obj (.text.zb_nlde_data_indication)
                  00012fa4    0000022c     {3FB32876-5DB2-46BA-9311-5B1CEE5FD1E3} (.text.sendTx)
                  000131d0    0000022c     zb_ed_role.a : zboss_r23_nwk_nwk_main.obj (.text.zb_nwk_forward)
                  000133fc    0000022c     {3FB32876-5DB2-46BA-9311-5B1CEE5FD1E3} (.text.zcl_write_attr_post_process)
                  00013628    00000228     zb_ed_role.a : zboss_r23_nwk_nwk_join.obj (.text.zb_mlme_associate_confirm)
                  00013850    0000021c                  : zboss_r23_aps_aps_main.obj (.text.zb_aps_ack_timer_cb)
                  00013a6c    0000021c     on_off_switch.o (.text.zboss_signal_handler)
                  00013c88    00000218     {3FB32876-5DB2-46BA-9311-5B1CEE5FD1E3} (.text.zb_nvram_get_length_dataset)
                  00013ea0    00000210     {3FB32876-5DB2-46BA-9311-5B1CEE5FD1E3} (.text.aps_ack_send_handle)
                  000140b0    0000020c     rcl_cc23x0r5.a : adc_noise.c.obj (.text.RCL_Handler_ADC_Noise_getNoise)
                  000142bc    00000204     {3FB32876-5DB2-46BA-9311-5B1CEE5FD1E3} (.text.zb_aps_unsecure_frame_bykey)
                  000144c0    00000200     rcl_cc23x0r5.a : RCL.c.obj (.text.rclCommandHwi)
                  000146c0    000001f8     zb_ed_role.a : zboss_r23_commissioning_bdb_zdo_commissioning_bdb.obj (.text.bdb_commissioning_machine)
                  000148b8    000001f8     zb_cluster_ed.a : zboss_r23_zcl_zcl_reporting.obj (.text.zb_zcl_mark_attr_for_reporting_manuf)
                  00014ab0    000001f0     {3FB32876-5DB2-46BA-9311-5B1CEE5FD1E3} (.text.find_datasets_on_page)
                  00014ca0    000001ec     rcl_cc23x0r5.a : LRFCC23X0.c.obj (.text.LRF_setupRadio)
                  00014e8c    000001e4     {3FB32876-5DB2-46BA-9311-5B1CEE5FD1E3} (.text.nwk_choose_parent)
                  00015070    000001e4     {3FB32876-5DB2-46BA-9311-5B1CEE5FD1E3} (.text.zb_aps_out_frag_schedule_send_next_block)
                  00015254    000001e4     {3FB32876-5DB2-46BA-9311-5B1CEE5FD1E3} (.text.zb_zcl_scenes_process_add_scene_command)
                  00015438    000001dc     zb_zdo_ed.a : zboss_r23_zdo_zdo_wwah_survey_beacons.obj (.text.zb_nlme_beacon_survey_scan_confirm)
                  00015614    000001dc     zb_ed_role.a : zboss_r23_nwk_nwk_join.obj (.text.zb_nlme_join_request)
                  000157f0    000001dc                  : zboss_r23_nwk_nwk_main.obj (.text.zb_nwk_do_leave)
                  000159cc    000001d8     {3FB32876-5DB2-46BA-9311-5B1CEE5FD1E3} (.text.zb_aps_send_command_main)
                  00015ba4    000001d4     {3FB32876-5DB2-46BA-9311-5B1CEE5FD1E3} (.text.addr_add)
                  00015d78    000001d0     secure_drivers_cc23x0r5.a : AESCTRLPF3.c.obj (.text.AESCTR_oneStepEncrypt)
                  00015f48    000001d0     zb_ed_role.a : zboss_r23_mac_mac_pib.obj (.text.zb_mlme_set_request_sync)
                  00016118    000001cc     {3FB32876-5DB2-46BA-9311-5B1CEE5FD1E3} (.text.zb_zcl_disc_attr_handler)
                  000162e4    000001c0     {3FB32876-5DB2-46BA-9311-5B1CEE5FD1E3} (.text.nwk_association_join)
                  000164a4    000001b8     zb_ed_role.a : zboss_r23_mac_mac_pib.obj (.text.zb_mlme_get_request)
                  0001665c    000001b4                  : zboss_r23_secur_zdo_secur.obj (.text.zb_secur_update_key_pair_ex)
                  00016810    000001b0     zb_ti_platform_zed.a : osif_ti_f3_crypto.obj (.text.hw_aes128)
                  000169c0    000001a8     zb_cluster_ed.a : zboss_r23_zcl_zcl_identify_commands.obj (.text.zb_zcl_process_identify_specific_commands)
                  00016b68    000001a0     {3FB32876-5DB2-46BA-9311-5B1CEE5FD1E3} (.text.done_with_this_ack)
                  00016d08    000001a0     ti_f3_main.o (.text.main)
                  00016ea8    0000019c     zb_cluster_ed.a : zboss_r23_zcl_zcl_common.obj (.text.zb_zcl_process_device_command)
                  00017044    00000194     {3FB32876-5DB2-46BA-9311-5B1CEE5FD1E3} (.text.migrate_curr_page_to_new_version)
                  000171d8    00000194     zb_cluster_ed.a : zboss_r23_zcl_zcl_s_wwah.obj (.text.zb_zcl_wwah_periodic_checkin_match_desc_req)
                  0001736c    0000018c     ti_freertos_config.o (.text.xQueueSemaphoreTake)
                  000174f8    00000188     zb_ed_role.a : zboss_r23_aps_aps_main.obj (.text.zb_aps_hdr_parse)
                  00017680    00000184     zb_cluster_ed.a : zboss_r23_zcl_zcl_general_commands.obj (.text.zb_zcl_discover_commands_res)
                  00017804    00000180     zb_ed_role.a : zboss_r23_mac_mac_scan.obj (.text.zb_mlme_scan_request)
                  00017984    0000017c     {3FB32876-5DB2-46BA-9311-5B1CEE5FD1E3} (.text.mlme_get_mac_diag_info)
                  00017b00    00000178     zb_ed_role.a : zboss_r23_nwk_nwk_disc_table.obj (.text.zb_nwk_neighbor_ext_to_base)
                  00017c78    00000178                  : zboss_r23_secur_zdo_secur.obj (.text.zb_zdo_secur_ecdhe_start)
                  00017df0    00000174                  : zboss_r23_mac_mac_scan.obj (.text.zb_mac_send_enhanced_beacon_request_command)
                  00017f64    00000174     {3FB32876-5DB2-46BA-9311-5B1CEE5FD1E3} (.text.zdo_send_req)
                  000180d8    0000016c     zb_ed_role.a : zboss_r23_mac_mac_data.obj (.text.zb_mcps_data_request)
                  00018244    00000168                  : zboss_r23_nwk_nwk_nlme.obj (.text.zb_nwk_load_pib_stm)
                  000183ac    00000160     {3FB32876-5DB2-46BA-9311-5B1CEE5FD1E3} (.text.zb_zcl_scenes_process_view_scene_command)
                  0001850c    0000015c     {3FB32876-5DB2-46BA-9311-5B1CEE5FD1E3} (.text.nwk_alloc_and_fill_hdr_int)
                  00018668    0000015c     zb_zdo_ed.a : zboss_r23_zdo_zdo_poll.obj (.text.zb_nlme_sync_confirm)
                  000187c4    00000158     {3FB32876-5DB2-46BA-9311-5B1CEE5FD1E3} (.text.prvTimerTask)
                  0001891c    00000158     {3FB32876-5DB2-46BA-9311-5B1CEE5FD1E3} (.text.zb_nvram_migrate_current_page)
                  00018a74    00000154     zb_ed_role.a : zboss_r23_secur_nwk_secur.obj (.text.zb_nwk_secure_frame)
                  00018bc8    0000014c     {3FB32876-5DB2-46BA-9311-5B1CEE5FD1E3} (.text.RNGLPF3RF_generateEntropy)
                  00018d14    0000014c     zb_ed_role.a : zboss_r23_aps_aps_main.obj (.text.zb_aps_clear_after_leave)
                  00018e60    00000148                  : zboss_r23_commissioning_bdb_bdb_finding_binding.obj (.text.zb_bdb_process_identify_query_res)
                  00018fa8    00000140     drivers_cc23x0r5.a : NVSLPF3.c.obj (.text.NVSLPF3_write)
                  000190e8    00000140     {3FB32876-5DB2-46BA-9311-5B1CEE5FD1E3} (.text.process_ed_timeout_resp)
                  00019228    00000140     rcl_cc23x0r5.a : RCL.c.obj (.text.rclStop)
                  00019368    00000140     ti_freertos_config.o (.text.xQueueGenericSend)
                  000194a8    0000013c     zb_ed_role.a : zboss_r23_mac_mac.obj (.text.zb_mac_change_channel)
                  000195e4    00000138     rcl_cc23x0r5.a : RCL_Scheduler.c.obj (.text.rclSchedulerProcessCmdStartStopTime)
                  0001971c    00000138     zb_ed_role.a : zboss_r23_secur_secur_ccm.obj (.text.zb_ccm_auth_trans)
                  00019854    00000138     zb_zdo_ed.a : zboss_r23_zdo_zdo_app_leave.obj (.text.zb_nlme_leave_confirm)
                  0001998c    00000138     {3FB32876-5DB2-46BA-9311-5B1CEE5FD1E3} (.text.zb_zdo_node_desc_req_2param_cb)
                  00019ac4    00000134     {3FB32876-5DB2-46BA-9311-5B1CEE5FD1E3} (.text.prvAddNewTaskToReadyList)
                  00019bf8    00000130     zb_zdo_ed.a : zboss_r23_zdo_zdo_disc_cli.obj (.text.zb_zdo_initiate_nwk_addr_req_2param)
                  00019d28    0000012c     zb_cluster_ed.a : zboss_r23_zcl_zcl_s_wwah.obj (.text.zb_zcl_wwah_periodic_checkin_tc_poll)
                  00019e54    00000128                     : zboss_r23_zcl_zcl_common.obj (.text.zb_zcl_get_attribute_size)
                  00019f7c    00000124     ti_freertos_config.o (.text.PowerCC23X0_standbyPolicy)
                  0001a0a0    00000124     zb_ed_role.a : zboss_r23_commissioning_bdb_bdb_finding_binding.obj (.text.zb_bdb_active_eps_check_cb)
                  0001a1c4    00000124     zb_zdo_ed.a : zboss_r23_zdo_zdo_disc_cli.obj (.text.zb_zdo_init_node_desc_req_2param)
                  0001a2e8    00000124                 : zboss_r23_zdo_zdo_commissioning.obj (.text.zdo_commissioning_join_via_scanlist)
                  0001a40c    00000124                 : zboss_r23_zdo_zdo_commissioning.obj (.text.zdo_commissioning_leave_done)
                  0001a530    0000011c     {3FB32876-5DB2-46BA-9311-5B1CEE5FD1E3} (.text.allocate_buffer_unsafe)
                  0001a64c    0000011c     zb_ed_role.a : zboss_r23_aps_aps_main.obj (.text.aps_data_hdr_fill_datareq)
                  0001a768    0000011c                  : zboss_r23_commissioning_bdb_zdo_commissioning_bdb.obj (.text.bdb_initialization_procedure)
                  0001a884    0000011c     ti_freertos_config.o (.text.xQueueReceive)
                  0001a9a0    0000011c     zb_ed_role.a : zboss_r23_nwk_nwk_nlme.obj (.text.zb_nlme_leave_request)
                  0001aabc    0000011c                  : zboss_r23_common_zb_scheduler.obj (.text.zb_schedule_alarm_cancel)
                  0001abd8    0000011c     {3FB32876-5DB2-46BA-9311-5B1CEE5FD1E3} (.text.zdo_ed_scan_completed_by_update_request)
                  0001acf4    00000118     zb_zdo_ed.a : zboss_r23_zdo_af_rx.obj (.text.zb_apsde_data_indication)
                  0001ae0c    00000118     zb_ed_role.a : zboss_r23_secur_zdo_secur.obj (.text.zb_zdo_secur_send_challenge_req)
                  0001af24    00000114     {3FB32876-5DB2-46BA-9311-5B1CEE5FD1E3} (.text.AESCTRDRBG_reseed)
                  0001b038    00000114     {3FB32876-5DB2-46BA-9311-5B1CEE5FD1E3} (.text.bdb_initialization_machine)
                  0001b14c    00000110     ti_freertos_config.o (.text.xTaskResumeAll)
                  0001b25c    00000110     zb_zdo_ed.a : zboss_r23_zdo_zdo_app.obj (.text.zb_apsde_data_confirm)
                  0001b36c    00000108     {3FB32876-5DB2-46BA-9311-5B1CEE5FD1E3} (.text.check_in_handle_check_binding_confirm)
                  0001b474    00000108     zb_ed_role.a : zboss_r23_mac_mac.obj (.text.zb_mlme_handle_in_command)
                  0001b57c    00000108     {3FB32876-5DB2-46BA-9311-5B1CEE5FD1E3} (.text.zdo_mgmt_leave_local)
                  0001b684    00000104     zb_zdo_ed.a : zboss_r23_zdo_zdo_app.obj (.text.zb_aps_command_confirm)
                  0001b788    00000104     zb_ed_role.a : zboss_r23_secur_aps_secur.obj (.text.zb_aps_secure_frame_by_key)
                  0001b88c    00000100     rcl_cc23x0r5.a : RCL.c.obj (.text.rclSchedulerHwi)
                  0001b98c    000000fc     {3FB32876-5DB2-46BA-9311-5B1CEE5FD1E3} (.text.aps_in_frag_do_merge_blocks)
                  0001ba88    000000fc     ti_freertos_config.o (.text.xTaskIncrementTick)
                  0001bb84    000000fc     zb_ed_role.a : zboss_r23_aps_aps_main.obj (.text.zb_apsde_data_request_relay)
                  0001bc80    000000fc                  : zboss_r23_commissioning_bdb_bdb_finding_binding.obj (.text.zb_bdb_process_ext_addr_resp)
                  0001bd7c    000000fc     zb_zdo_ed.a : zboss_r23_zdo_zdo_app_join.obj (.text.zdo_authenticated_send_device_annce)
                  0001be78    000000f8     {3FB32876-5DB2-46BA-9311-5B1CEE5FD1E3} (.text.encrypt_trans)
                  0001bf70    000000f8     zb_ed_role.a : zboss_r23_common_zb_nvram.obj (.text.zb_nvram_write_end)
                  0001c068    000000f8     zb_ti_platform_zed.a : osif_ti_f3_nvram.obj (.text.zb_osif_nvram_erase_async)
                  0001c160    000000f8     zb_cluster_ed.a : zboss_r23_zcl_zcl_common.obj (.text.zb_zcl_check_attribute_writable)
                  0001c258    000000f4     {3FB32876-5DB2-46BA-9311-5B1CEE5FD1E3} (.text.zb_zcl_on_off_timer_handler)
                  0001c34c    000000f4     {3FB32876-5DB2-46BA-9311-5B1CEE5FD1E3} (.text.zdo_diagnostics_get_mac_stats_cb)
                  0001c440    000000ec     {3FB32876-5DB2-46BA-9311-5B1CEE5FD1E3} (.text.bdb_restore_saved_rr)
                  0001c52c    000000ec     {3FB32876-5DB2-46BA-9311-5B1CEE5FD1E3} (.text.zb_apsme_unbind_all)
                  0001c618    000000ec     zb_ed_role.a : zboss_r23_mac_mac_data.obj (.text.zb_handle_mcps_data_req)
                  0001c704    000000ec                  : zboss_r23_nwk_nwk_main.obj (.text.zb_nlde_data_request)
                  0001c7f0    000000ec     {3FB32876-5DB2-46BA-9311-5B1CEE5FD1E3} (.text.zb_nvram_dataset_data_is_valid)
                  0001c8dc    000000e8     zb_ed_role.a : zboss_r23_aps_aps_main.obj (.text.zb_aps_pass_group_msg_up)
                  0001c9c4    000000e8                  : zboss_r23_aps_aps_bind.obj (.text.zb_apsme_unbind_by_ref)
                  0001caac    000000e4                  : zboss_r23_common_zb_address.obj (.text.zb_address_set_pan_id)
                  0001cb90    000000e4     zb_cluster_ed.a : zboss_r23_zcl_zcl_reporting.obj (.text.zb_zcl_reporting_timer_handler)
                  0001cc74    000000e2     {3FB32876-5DB2-46BA-9311-5B1CEE5FD1E3} (.text.zb_zcl_put_attribute_value)
                  0001cd56    00000002     rcl_cc23x0r5.a : RCL_Gpio.c.obj (.text.RCL_GPIO_disable)
                  0001cd58    000000e0     zb_ed_role.a : zboss_r23_secur_apsme_secur.obj (.text.zb_apsme_verify_key_req)
                  0001ce38    000000dc     {3FB32876-5DB2-46BA-9311-5B1CEE5FD1E3} (.text.bdb_key_exchg_node_desc_callback)
                  0001cf14    000000dc     ti_freertos_config.o (.text.pvPortMalloc)
                  0001cff0    000000dc     zb_cluster_ed.a : zboss_r23_zcl_zcl_s_wwah.obj (.text.zb_zcl_wwah_send_survey_beacons_response)
                  0001d0cc    000000d8     zb_ti_platform_zed.a : mac_ti_f3_mac.obj (.text.mac_ti23xx_trans_set_rx_on_off)
                  0001d1a4    000000d8     {3FB32876-5DB2-46BA-9311-5B1CEE5FD1E3} (.text.nvram_read_aps_keypair)
                  0001d27c    000000d8     rcl_cc23x0r5.a : RCL.c.obj (.text.rclDispatchHwi)
                  0001d354    000000d8     zb_ed_role.a : zboss_r23_nwk_nwk_nlme.obj (.text.zb_nlme_sync_request)
                  0001d42c    000000d8     {3FB32876-5DB2-46BA-9311-5B1CEE5FD1E3} (.text.zb_zdo_pim_turbo_poll_adaptation)
                  0001d504    000000d8     zb_ed_role.a : zboss_r23_secur_zdo_secur.obj (.text.zb_zdo_sec_st_key_neg_req_send)
                  0001d5dc    000000d8     zb_zdo_ed.a : zboss_r23_zdo_zdo_diagnostics.obj (.text.zdo_diagnostics_inc)
                  0001d6b4    000000d4     drivers_cc23x0r5.a : PowerCC23X0.c.obj (.text.Power_init)
                  0001d788    000000d4     zb_ed_role.a : zboss_r23_commissioning_bdb_zdo_commissioning_bdb.obj (.text.bdb_force_link)
                  0001d85c    000000d4                  : zboss_r23_mac_mac.obj (.text.zb_handle_mlme_poll_request)
                  0001d930    000000d0                  : zboss_r23_nwk_nwk_main.obj (.text.mcps_indication_process_in)
                  0001da00    000000d0     ti_freertos_config.o (.text.pthread_create)
                  0001dad0    000000d0     zb_ed_role.a : zboss_r23_aps_aps_main.obj (.text.zb_aps_add_max_trans_size)
                  0001dba0    000000d0                  : zboss_r23_secur_apsme_secur.obj (.text.zb_aps_in_relay)
                  0001dc70    000000d0                  : zboss_r23_nwk_nwk_join.obj (.text.zb_nlme_rejoin_scan_confirm)
                  0001dd40    000000d0     zb_zdo_ed.a : zboss_r23_zdo_zdo_commissioning.obj (.text.zdo_commissioning_dev_annce_sent)
                  0001de10    000000d0     {3FB32876-5DB2-46BA-9311-5B1CEE5FD1E3} (.text.zdo_initiate_rejoin_cont)
                  0001dee0    000000cc     {3FB32876-5DB2-46BA-9311-5B1CEE5FD1E3} (.text.PowerCC23X0_oscillatorISR)
                  0001dfac    000000cc     {3FB32876-5DB2-46BA-9311-5B1CEE5FD1E3} (.text.zb_check_frag_queue_cleanup_and_send_fail_confirm)
                  0001e078    000000cc     {3FB32876-5DB2-46BA-9311-5B1CEE5FD1E3} (.text.zb_nvram_read_aps_counters)
                  0001e144    000000cc     zb_ti_platform_zed.a : osif_ti_f3_crypto.obj (.text.zb_osif_random_hw)
                  0001e210    000000cc     zb_ed_role.a : zboss_r23_mac_mac_common.obj (.text.zb_parse_mhr_ptr)
                  0001e2dc    000000cc     {3FB32876-5DB2-46BA-9311-5B1CEE5FD1E3} (.text.zb_zcl_conform_singleton)
                  0001e3a8    000000c4     zb_ed_role.a : zboss_r23_common_zb_bufpool_mult.obj (.text.zb_buf_free_func)
                  0001e46c    000000c4                  : zboss_r23_nwk_nwk_main.obj (.text.zb_nwk_forget_device)
                  0001e530    000000c4     zb_zdo_ed.a : zboss_r23_zdo_zdo_common.obj (.text.zdo_send_req_by_short)
                  0001e5f4    000000c0                 : zboss_r23_zdo_af_descriptor.obj (.text.zb_set_default_ed_descriptor_values)
                  0001e6b4    000000c0     zb_cluster_ed.a : zboss_r23_zcl_zcl_reporting.obj (.text.zb_zcl_find_reporting_info_manuf)
                  0001e774    000000bc     zb_ed_role.a : zboss_r23_mac_mac_associate.obj (.text.mac_call_associate_confirm_fail)
                  0001e830    000000bc     ti_freertos_config.o (.text.vTaskSuspend)
                  0001e8ec    000000bc     {3FB32876-5DB2-46BA-9311-5B1CEE5FD1E3} (.text.zb_nlme_nwk_commis_req_send_pkt)
                  0001e9a8    000000bc     {3FB32876-5DB2-46BA-9311-5B1CEE5FD1E3} (.text.zb_zcl_adjust_reporting_timer)
                  0001ea64    000000bc     zb_cluster_ed.a : zboss_r23_zcl_zcl_common.obj (.text.zb_zcl_get_next_target_endpoint)
                  0001eb20    000000bc     {3FB32876-5DB2-46BA-9311-5B1CEE5FD1E3} (.text.zdo_nwk_update_req_process_channel_ed_scan)
                  0001ebdc    000000b8     rcl_cc23x0r5.a : RCL.c.obj (.text.RCL_scheduleHook)
                  0001ec94    000000b8     zb_ed_role.a : zboss_r23_aps_aps_main.obj (.text.aps_send_fail_confirm)
                  0001ed4c    000000b8     ti_freertos_config.o (.text.xQueueGenericReset)
                  0001ee04    000000b8     zb_ed_role.a : zboss_r23_nwk_nwk_join.obj (.text.zb_nlme_rejoin_send_pkt)
                  0001eebc    000000b8                  : zboss_r23_secur_ic_secur.obj (.text.zb_secur_ic_get_key_by_address)
                  0001ef74    000000b4     {3FB32876-5DB2-46BA-9311-5B1CEE5FD1E3} (.text.handle_bind_confirm.1114)
                  0001f028    000000b4     {3FB32876-5DB2-46BA-9311-5B1CEE5FD1E3} (.text.zb_mlme_reset_request_sync)
                  0001f0dc    000000b4     zb_ed_role.a : zboss_r23_common_zb_nvram.obj (.text.zb_nvram_write_start)
                  0001f190    000000b4     zb_zdo_ed.a : zboss_r23_zdo_af_rx.obj (.text.zb_zdo_device_is_unreachable)
                  0001f244    000000b4                 : zboss_r23_zdo_zdo_common.obj (.text.zdo_af_resp)
                  0001f2f8    000000b4                 : zboss_r23_zdo_zdo_app_join.obj (.text.zdo_join_to_nwk_descr)
                  0001f3ac    000000b0     {3FB32876-5DB2-46BA-9311-5B1CEE5FD1E3} (.text.nwk_fill_alloc_hdr_req)
                  0001f45c    000000b0     {3FB32876-5DB2-46BA-9311-5B1CEE5FD1E3} (.text.send_bind_unbind_req)
                  0001f50c    000000b0     zb_ed_role.a : zboss_r23_commissioning_bdb_bdb_finding_binding.obj (.text.zb_bdb_simple_desc_check_cb)
                  0001f5bc    000000b0                  : zboss_r23_mac_mac_associate.obj (.text.zb_mlme_send_association_req_cmd)
                  0001f66c    000000b0     zb_cluster_ed.a : zboss_r23_zcl_zcl_reporting.obj (.text.zb_zcl_wait_reporting_timeout)
                  0001f71c    000000b0     {3FB32876-5DB2-46BA-9311-5B1CEE5FD1E3} (.text.zdo_mgmt_leave_req)
                  0001f7cc    000000ac     ti_freertos_config.o (.text.vTaskDelete)
                  0001f878    000000ac     zb_ed_role.a : zboss_r23_common_zb_address.obj (.text.zb_add_short_addr_sorted)
                  0001f924    000000a8     {3FB32876-5DB2-46BA-9311-5B1CEE5FD1E3} (.text.aps_in_frag_assemble_window_delayed)
                  0001f9cc    000000a8     ti_f3_led_buttons.o (.text.button_callback)
                  0001fa74    000000a8     zb_ed_role.a : zboss_r23_common_zb_nvram.obj (.text.zb_aps_keypair_write)
                  0001fb1c    000000a8                  : zboss_r23_common_zb_bufpool_mult.obj (.text.zb_buf_copy_func)
                  0001fbc4    000000a8                  : zboss_r23_nwk_nwk_neighbor.obj (.text.zb_nwk_neighbor_get)
                  0001fc6c    000000a4     {3FB32876-5DB2-46BA-9311-5B1CEE5FD1E3} (.text.PowerCC23X0_lfxtQual)
                  0001fd10    000000a4     zb_ed_role.a : zboss_r23_commissioning_bdb_bdb_finding_binding.obj (.text.zb_bdb_process_active_eps_res)
                  0001fdb4    000000a4                  : zboss_r23_secur_secur_ccm.obj (.text.zb_ccm_decrypt_n_auth)
                  0001fe58    000000a4                  : zboss_r23_mac_mac_data.obj (.text.zb_mac_get_indirect_data)
                  0001fefc    000000a4     {3FB32876-5DB2-46BA-9311-5B1CEE5FD1E3} (.text.zb_nlme_status_indication_process)
                  0001ffa0    000000a4     {3FB32876-5DB2-46BA-9311-5B1CEE5FD1E3} (.text.zb_zdo_nwk_addr_req_2param_cb)
                  00020044    000000a4     zb_zdo_ed.a : zboss_r23_zdo_zdo_tlv_mgmt.obj (.text.zb_zdo_upd_key_req_process_tlv)
                  000200e8    000000a4     {3FB32876-5DB2-46BA-9311-5B1CEE5FD1E3} (.text.zdo_cb_killer)
                  0002018c    000000a2     libclang_rt.builtins.a : udivmoddi4.S.obj (.text)
                  0002022e    00000002     rcl_cc23x0r5.a : RCL_Gpio.c.obj (.text.RCL_GPIO_enable)
                  00020230    000000a0     zb_ed_role.a : zboss_r23_nwk_nwk_nlme.obj (.text.nwk_next_rejoin_poll)
                  000202d0    000000a0     rcl_cc23x0r5.a : RCL_Scheduler.c.obj (.text.rclSchedulerCancelStopTime)
                  00020370    000000a0     ti_freertos_config.o (.text.xTaskRemoveFromEventList)
                  00020410    000000a0     zb_ed_role.a : zboss_r23_nwk_nwk_main.obj (.text.zb_mcps_data_indication)
                  000204b0    000000a0                  : zboss_r23_nwk_nwk_join.obj (.text.zb_nlme_rejoin_response_timeout)
                  00020550    0000009c     rcl_cc23x0r5.a : LRF.c.obj (.text.LRF_TxPowerTable_findValue)
                  000205ec    0000009c     drivers_cc23x0r5.a : PowerCC23X0.c.obj (.text.PowerLPF3_sleep)
                  00020688    0000009c     {3FB32876-5DB2-46BA-9311-5B1CEE5FD1E3} (.text.doErase)
                  00020724    0000009c     zb_ed_role.a : zboss_r23_common_zb_address.obj (.text.zb_address_unlock_func)
                  000207c0    0000009c     {3FB32876-5DB2-46BA-9311-5B1CEE5FD1E3} (.text.zb_channel_page_list_set_logical_channel)
                  0002085c    0000009c     {3FB32876-5DB2-46BA-9311-5B1CEE5FD1E3} (.text.zb_clear_bind_trans)
                  000208f8    0000009c     zb_ed_role.a : zboss_r23_nwk_nwk_nlme.obj (.text.zb_nlme_send_status)
                  00020994    0000009c     {3FB32876-5DB2-46BA-9311-5B1CEE5FD1E3} (.text.zb_zdo_poll_parent)
                  00020a30    00000098     zb_ed_role.a : zboss_r23_secur_zdo_secur.obj (.text.secur_nwk_key_switch)
                  00020ac8    00000098     {3FB32876-5DB2-46BA-9311-5B1CEE5FD1E3} (.text.zb_aps_relay_secured)
                  00020b60    00000098     {3FB32876-5DB2-46BA-9311-5B1CEE5FD1E3} (.text.zb_mac_send_data_conf)
                  00020bf8    00000098     zb_ed_role.a : zboss_r23_nwk_nwk_broadcasting.obj (.text.zb_nwk_broadcasting_add_btr)
                  00020c90    00000094     driverlib.a : interrupt.c.obj (.text.IntSetPriority)
                  00020d24    00000094     rcl_cc23x0r5.a : RCL_Scheduler.c.obj (.text.RCL_Scheduler_setStopTimes)
                  00020db8    00000094     drivers_cc23x0r5.a : TemperatureLPF3.c.obj (.text.Temperature_init)
                  00020e4c    00000094     zb_ed_role.a : zboss_r23_aps_aps_main.obj (.text.zb_aps_pass_local_msg_up)
                  00020ee0    00000094                  : zboss_r23_common_zb_bufpool_mult.obj (.text.zb_buf_initial_alloc_func)
                  00020f74    00000094                  : zboss_r23_nwk_nwk_nlme.obj (.text.zb_nlme_reset_request)
                  00021008    00000094                  : zboss_r23_secur_zdo_secur.obj (.text.zb_secur_create_best_suitable_link_key_pair_set)
                  0002109c    00000094     zb_cluster_ed.a : zboss_r23_zcl_zcl_main.obj (.text.zb_zcl_send_default_resp_ext)
                  00021130    00000094     {3FB32876-5DB2-46BA-9311-5B1CEE5FD1E3} (.text.zdo_join_done_cont)
                  000211c4    0000000c     rcl_cc23x0r5.a : LRFCC23X0.c.obj (.text.LRF_disableCoexGrant)
                  000211d0    00000092     driverlib.a : aes_ticlang.s.obj (.text)
                  00021262    00000002     rcl_cc23x0r5.a : RCL.c.obj (.text.RCL_phyHook)
                  00021264    00000090     {3FB32876-5DB2-46BA-9311-5B1CEE5FD1E3} (.text.AESCMACLPF3_getResult)
                  000212f4    00000090     rcl_cc23x0r5.a : RCL_Buffer.c.obj (.text.RCL_MultiBuffer_RxEntry_get)
                  00021384    00000090     {3FB32876-5DB2-46BA-9311-5B1CEE5FD1E3} (.text.aps_send_frame_via_binding)
                  00021414    00000090     {3FB32876-5DB2-46BA-9311-5B1CEE5FD1E3} (.text.broadcast_endpoint_delivery_step)
                  000214a4    00000090     {3FB32876-5DB2-46BA-9311-5B1CEE5FD1E3} (.text.nwk_scan_find_next_channel_mask)
                  00021534    00000090     {3FB32876-5DB2-46BA-9311-5B1CEE5FD1E3} (.text.prvInitialiseNewTask)
                  000215c4    00000090     {3FB32876-5DB2-46BA-9311-5B1CEE5FD1E3} (.text.prvUnlockQueue)
                  00021654    00000090     ti_freertos_config.o (.text.vTaskStartScheduler)
                  000216e4    00000090     zb_ed_role.a : zboss_r23_secur_aps_secur.obj (.text.zb_increase_aps_outgoing_frame_counter)
                  00021774    00000090                  : zboss_r23_mac_mac_common.obj (.text.zb_mac_fill_mhr)
                  00021804    00000090                  : zboss_r23_mac_mac_data.obj (.text.zb_mac_indirect_data_rx_failed)
                  00021894    00000090                  : zboss_r23_nwk_nwk_discovery.obj (.text.zb_nlme_network_discovery_request)
                  00021924    00000090                  : zboss_r23_common_zb_nvram.obj (.text.zb_nvram_write_dataset)
                  000219b4    00000090     zb_cluster_ed.a : zboss_r23_zcl_zcl_reporting.obj (.text.zb_zcl_reporting_slot_number)
                  00021a44    00000090     zb_zdo_ed.a : zboss_r23_zdo_zdo_poll.obj (.text.zb_zdo_pim_init_defaults)
                  00021ad4    00000090     {3FB32876-5DB2-46BA-9311-5B1CEE5FD1E3} (.text.zdo_initiate_rejoin)
                  00021b64    0000008e     {3FB32876-5DB2-46BA-9311-5B1CEE5FD1E3} (.text.square)
                  00021bf2    00000002     libclang_rt.builtins.a : aeabi_div0.c.obj (.text.__aeabi_idiv0)
                  00021bf4    0000008c     {3FB32876-5DB2-46BA-9311-5B1CEE5FD1E3} (.text.aps_in_frag_get_received_mask)
                  00021c80    0000008c     {3FB32876-5DB2-46BA-9311-5B1CEE5FD1E3} (.text.short_search)
                  00021d0c    0000008c     on_off_switch.o (.text.start_finding_binding)
                  00021d98    0000008c     zb_ed_role.a : zboss_r23_mac_mac_pib.obj (.text.zb_mac_reinit_pib)
                  00021e24    0000008c     zb_zdo_ed.a : zboss_r23_zdo_zdo_hubs.obj (.text.zb_wwah_set_pending_channel)
                  00021eb0    0000008c     zb_cluster_ed.a : zboss_r23_zcl_zcl_on_off_commands.obj (.text.zb_zcl_on_off_invoke_user_app)
                  00021f3c    00000088     {3FB32876-5DB2-46BA-9311-5B1CEE5FD1E3} (.text.ClockP_hwiCallback)
                  00021fc4    00000088     rcl_cc23x0r5.a : RCL_AdcNoise.c.obj (.text.RCL_AdcNoise_get_samples_blocking)
                  0002204c    00000088     {3FB32876-5DB2-46BA-9311-5B1CEE5FD1E3} (.text.bdb_node_desc_workaround_callback)
                  000220d4    00000088     zb_cluster_ed.a : zboss_r23_zcl_zcl_common.obj (.text.cluster_needs_aps_encryption)
                  0002215c    00000088     zb_ed_role.a : zboss_r23_common_zb_bufpool_mult.obj (.text.zb_buf_alloc_right_func)
                  000221e4    00000088     zb_cluster_ed.a : zboss_r23_zcl_zcl_ias_zone_commands.obj (.text.zb_zcl_ias_zone_put_cie_address_to_binding_whitelist)
                  0002226c    00000088                     : zboss_r23_zcl_zcl_main.obj (.text.zb_zcl_process_command_finish)
                  000222f4    00000088                     : zboss_r23_zcl_zcl_reporting.obj (.text.zb_zcl_reporting_cb)
                  0002237c    00000088     {3FB32876-5DB2-46BA-9311-5B1CEE5FD1E3} (.text.zb_zcl_start_identifying)
                  00022404    00000088     {3FB32876-5DB2-46BA-9311-5B1CEE5FD1E3} (.text.zdo_nwk_update_req_process_new_active_channel)
                  0002248c    00000086     {3FB32876-5DB2-46BA-9311-5B1CEE5FD1E3} (.text.zb_zcl_set_attr_val)
                  00022512    00000002     libclang_rt.builtins.a : aeabi_div0.c.obj (.text.__aeabi_ldiv0)
                  00022514    00000084     ti_freertos_config.o (.text.ClockP_startup)
                  00022598    00000084     ti_freertos_config.o (.text.memalign)
                  0002261c    00000084     {3FB32876-5DB2-46BA-9311-5B1CEE5FD1E3} (.text.prvAddCurrentTaskToDelayedList)
                  000226a0    00000084     {3FB32876-5DB2-46BA-9311-5B1CEE5FD1E3} (.text.prvCheckForValidListAndQueue)
                  00022724    00000084     rcl_cc23x0r5.a : RCL_Scheduler.c.obj (.text.rclSchedulerSetNewStopTime)
                  000227a8    00000084     {3FB32876-5DB2-46BA-9311-5B1CEE5FD1E3} (.text.send_bind_unbind_with_check)
                  0002282c    00000084     ti_freertos_config.o (.text.vTaskSwitchContext)
                  000228b0    00000084     zb_ed_role.a : zboss_r23_aps_aps_binding_whitelist.obj (.text.zb_check_binding_table_whitelist)
                  00022934    00000084     zb_cluster_ed.a : zboss_r23_zcl_zcl_common.obj (.text.zb_zcl_is_target_endpoint)
                  000229b8    00000080     rcl_cc23x0r5.a : ieee.c.obj (.text.RCL_Handler_Ieee_setCustomEventTime)
                  00022a38    00000080     {3FB32876-5DB2-46BA-9311-5B1CEE5FD1E3} (.text.alloc_new_extneiboar)
                  00022ab8    00000080     {3FB32876-5DB2-46BA-9311-5B1CEE5FD1E3} (.text.call_scan_complete_cb)
                  00022b38    00000080     {3FB32876-5DB2-46BA-9311-5B1CEE5FD1E3} (.text.check_cluster_list)
                  00022bb8    00000080     {3FB32876-5DB2-46BA-9311-5B1CEE5FD1E3} (.text.handle_bind_unbind_confirm)
                  00022c38    00000080     {3FB32876-5DB2-46BA-9311-5B1CEE5FD1E3} (.text.ieee_search)
                  00022cb8    00000080     {3FB32876-5DB2-46BA-9311-5B1CEE5FD1E3} (.text.nwk_do_retry)
                  00022d38    00000080     {3FB32876-5DB2-46BA-9311-5B1CEE5FD1E3} (.text.process_delayed_buf_entry_unsafe)
                  00022db8    00000080     ti_freertos_config.o (.text.xTaskPriorityInherit)
                  00022e38    00000080     zb_ed_role.a : zboss_r23_common_zb_address.obj (.text.zb_address_ieee_by_short)
                  00022eb8    00000080     {3FB32876-5DB2-46BA-9311-5B1CEE5FD1E3} (.text.zb_ccm_encrypt_n_auth)
                  00022f38    00000080     zb_ed_role.a : zboss_r23_mac_mac_associate.obj (.text.zb_mlme_associate_request_do)
                  00022fb8    00000080     {3FB32876-5DB2-46BA-9311-5B1CEE5FD1E3} (.text.zb_nwk_neighbor_delete)
                  00023038    00000080     zb_ed_role.a : zboss_r23_common_zb_tlv.obj (.text.zb_tlv_general_tlv_processing)
                  000230b8    00000080     zb_cluster_ed.a : zboss_r23_zcl_zcl_poll_control_commands.obj (.text.zb_zcl_poll_control_start_check_in)
                  00023138    0000007e     {3FB32876-5DB2-46BA-9311-5B1CEE5FD1E3} (.text.zb_sec_b6_hash)
                  000231b6    0000007e     {3FB32876-5DB2-46BA-9311-5B1CEE5FD1E3} (.text.zb_zdo_bind_unbind_req)
                  00023234    0000007c     {3FB32876-5DB2-46BA-9311-5B1CEE5FD1E3} (.text.AESCTRDRBGXX_updateState)
                  000232b0    0000007c     rcl_cc23x0r5.a : ieee.c.obj (.text.RCL_IEEE_Tx_submit)
                  0002332c    0000007c     {3FB32876-5DB2-46BA-9311-5B1CEE5FD1E3} (.text.prvIdleTask)
                  000233a8    0000007c     {3FB32876-5DB2-46BA-9311-5B1CEE5FD1E3} (.text.temperatureEventCb)
                  00023424    0000007c     zb_ed_role.a : zboss_r23_common_zb_address.obj (.text.zb_address_ieee_by_ref)
                  000234a0    0000007c                  : zboss_r23_aps_aps_bind.obj (.text.zb_apsme_move_dst_bind_table)
                  0002351c    0000007c     {3FB32876-5DB2-46BA-9311-5B1CEE5FD1E3} (.text.zb_get_buf_delayed)
                  00023598    0000007c     {3FB32876-5DB2-46BA-9311-5B1CEE5FD1E3} (.text.zb_get_buf_tail_ptr)
                  00023614    0000007c     zb_ed_role.a : zboss_r23_secur_zdo_secur.obj (.text.zb_zdo_sec_get_auth_tok_req_snd)
                  00023690    0000007c     zb_zdo_ed.a : zboss_r23_zdo_zdo_app_join.obj (.text.zdo_next_nwk_discovery_req)
                  0002370c    0000007c     {3FB32876-5DB2-46BA-9311-5B1CEE5FD1E3} (.text.zdo_nwk_update_req_process_new_channel_mask)
                  00023788    0000007c     libc.a : copy_decompress_lzss.c.obj (.text:decompress:lzss)
                  00023804    00000078     ti_freertos_config.o (.text.HwiP_construct)
                  0002387c    00000078     rcl_cc23x0r5.a : RCL_Scheduler.c.obj (.text.RCL_Scheduler_findStopStatus)
                  000238f4    00000078     {3FB32876-5DB2-46BA-9311-5B1CEE5FD1E3} (.text.get_new_reporting_info)
                  0002396c    00000078     rcl_cc23x0r5.a : hal_cc23x0.c.obj (.text.hal_init_fsm)
                  000239e4    00000078                    : RCL_Scheduler.c.obj (.text.rclSchedulerFindEarliestStopTime)
                  00023a5c    00000078     {3FB32876-5DB2-46BA-9311-5B1CEE5FD1E3} (.text.send_ed_timeout_req)
                  00023ad4    00000078     ti_freertos_config.o (.text.xQueueReceiveFromISR)
                  00023b4c    00000078     zb_ed_role.a : zboss_r23_common_zb_nvram.obj (.text.zb_aps_keypair_load_by_idx)
                  00023bc4    00000078                  : zboss_r23_commissioning_bdb_bdb_finding_binding.obj (.text.zb_bdb_finding_binding_target_alarm_ep)
                  00023c3c    00000078                  : zboss_r23_mac_mac_pib.obj (.text.zb_mlme_set_request)
                  00023cb4    00000078     {3FB32876-5DB2-46BA-9311-5B1CEE5FD1E3} (.text.zb_nvram_write_aps_counters)
                  00023d2c    00000078     ti_f3_led_buttons.o (.text.zb_osif_led_button_init)
                  00023da4    00000078     zb_cluster_ed.a : zboss_r23_zcl_zcl_scenes.obj (.text.zb_zcl_scenes_process_recall_scene)
                  00023e1c    00000078                     : zboss_r23_zcl_zcl_scenes.obj (.text.zb_zcl_scenes_process_store_scene)
                  00023e94    00000076     {3FB32876-5DB2-46BA-9311-5B1CEE5FD1E3} (.text.prvCopyDataToQueue)
                  00023f0a    00000002     {3FB32876-5DB2-46BA-9311-5B1CEE5FD1E3} (.text.errorSpin)
                  00023f0c    00000074     {3FB32876-5DB2-46BA-9311-5B1CEE5FD1E3} (.text.AESCTRLPF3_hwiFxn)
                  00023f80    00000074     zb_ed_role.a : zboss_r23_secur_bdb_secur.obj (.text.bdb_initiate_key_exchange)
                  00023ff4    00000074     on_off_switch.o (.text.button_press_handler)
                  00024068    00000074     {3FB32876-5DB2-46BA-9311-5B1CEE5FD1E3} (.text.startCSMABackoff)
                  000240dc    00000074     zb_ti_platform_zed.a : mac_ti_f3_mac.obj (.text.update_rx_panconfig)
                  00024150    00000074     zb_ed_role.a : zboss_r23_common_zb_address.obj (.text.zb_address_lock_func)
                  000241c4    00000074                  : zboss_r23_aps_aps_main.obj (.text.zb_aps_pass_local_group_pkt_up)
                  00024238    00000074     {3FB32876-5DB2-46BA-9311-5B1CEE5FD1E3} (.text.zb_schedule_callback_prior)
                  000242ac    00000074     zb_cluster_ed.a : zboss_r23_zcl_zcl_diagnostics_commands.obj (.text.zb_zcl_diagnostics_sync_counters)
                  00024320    00000074     {3FB32876-5DB2-46BA-9311-5B1CEE5FD1E3} (.text.zb_zcl_set_attr_val_manuf_internal)
                  00024394    00000074     zb_zdo_ed.a : zboss_r23_zdo_zdo_poll.obj (.text.zb_zdo_pim_start_turbo_poll_packets)
                  00024408    00000074     zb_cluster_ed.a : zboss_r23_zcl_zcl_poll_control_commands.obj (.text.zcl_poll_control_check_in_send_cb)
                  0002447c    00000074     {3FB32876-5DB2-46BA-9311-5B1CEE5FD1E3} (.text.zdo_validate_desc_resp)
                  000244f0    00000070     ti_freertos_config.o (.text.ClockP_start)
                  00024560    00000070     drivers_cc23x0r5.a : NVSLPF3.c.obj (.text.NVSLPF3_open)
                  000245d0    00000070     {3FB32876-5DB2-46BA-9311-5B1CEE5FD1E3} (.text.PowerCC23X0_startHFXT)
                  00024640    00000070     drivers_cc23x0r5.a : PowerCC23X0.c.obj (.text.Power_sleep)
                  000246b0    00000070     {3FB32876-5DB2-46BA-9311-5B1CEE5FD1E3} (.text.age_dups)
                  00024720    00000070     {3FB32876-5DB2-46BA-9311-5B1CEE5FD1E3} (.text.aps_in_frag_mac_ack_for_aps_ack_arrived)
                  00024790    00000070     {3FB32876-5DB2-46BA-9311-5B1CEE5FD1E3} (.text.mult)
                  00024800    00000070     zb_ed_role.a : zboss_r23_nwk_nwk_discovery.obj (.text.nlme_scan_request)
                  00024870    00000070                  : zboss_r23_common_zb_address.obj (.text.zb_address_delete)
                  000248e0    00000070                  : zboss_r23_aps_aps_bind.obj (.text.zb_aps_check_binding_request)
                  00024950    00000070     {3FB32876-5DB2-46BA-9311-5B1CEE5FD1E3} (.text.zb_aps_check_max_trans_size_timer_cb)
                  000249c0    00000070     zb_ed_role.a : zboss_r23_nwk_nwk_discovery.obj (.text.zb_nlme_ed_scan_request)
                  00024a30    00000070     {3FB32876-5DB2-46BA-9311-5B1CEE5FD1E3} (.text.zb_nvram_get_dataset_version)
                  00024aa0    00000070     zb_cluster_ed.a : zboss_r23_zcl_zcl_general_commands.obj (.text.zb_zcl_get_attr_desc_manuf)
                  00024b10    00000070     zb_zdo_ed.a : zboss_r23_zdo_zdo_app_join.obj (.text.zdo_rejoin_clear_prev_join)
                  00024b80    0000006c     ti_freertos_config.o (.text.ClockP_stop)
                  00024bec    0000006c     {3FB32876-5DB2-46BA-9311-5B1CEE5FD1E3} (.text.zb_aps_hdr_mod)
                  00024c58    0000006c     zb_ed_role.a : zboss_r23_nwk_nwk_join.obj (.text.zb_nlme_rejoin_set_parent_long)
                  00024cc4    0000006c                  : zboss_r23_nwk_nwk_tlv_mgmt.obj (.text.zb_nwk_commissioning_req_put_tlv)
                  00024d30    0000006c                  : zboss_r23_nwk_nwk_neighbor.obj (.text.zb_nwk_neighbor_clear)
                  00024d9c    0000006c                  : zboss_r23_common_zb_scheduler.obj (.text.zb_schedule_get_alarm_time)
                  00024e08    0000006c     {3FB32876-5DB2-46BA-9311-5B1CEE5FD1E3} (.text.zb_zcl_add_cluster_handlers)
                  00024e74    0000006c     {3FB32876-5DB2-46BA-9311-5B1CEE5FD1E3} (.text.zb_zcl_diagnostics_sync_counters_cb)
                  00024ee0    00000068     rcl_cc23x0r5.a : LRFCC23X0.c.obj (.text.LRF_setTrimCommon)
                  00024f48    00000068                    : ieee.c.obj (.text.RCL_Handler_Ieee_updateStats)
                  00024fb0    00000068     {3FB32876-5DB2-46BA-9311-5B1CEE5FD1E3} (.text.aps_in_frag_restart_ack_timer)
                  00025018    00000068     {3FB32876-5DB2-46BA-9311-5B1CEE5FD1E3} (.text.aps_in_frag_stop_entry)
                  00025080    00000068     zb_ed_role.a : zboss_r23_commissioning_bdb_zdo_commissioning_bdb.obj (.text.bdb_network_steering_start_scan)
                  000250e8    00000068     ti_freertos_config.o (.text.vTaskPriorityDisinheritAfterTimeout)
                  00025150    00000068     ti_freertos_config.o (.text.xTaskCheckForTimeOut)
                  000251b8    00000068     zb_ed_role.a : zboss_r23_common_zb_address.obj (.text.zb_address_get_pan_id_ref)
                  00025220    00000068                  : zboss_r23_common_zb_nvram.obj (.text.zb_nvram_write_data)
                  00025288    00000068                  : zboss_r23_common_zb_scheduler.obj (.text.zb_schedule_callback2)
                  000252f0    00000068                  : zboss_r23_secur_zdo_secur.obj (.text.zb_secur_get_link_key_by_address)
                  00025358    00000068                  : zboss_r23_common_zb_sleep.obj (.text.zb_sleep_calc_sleep_tmo)
                  000253c0    00000068     {3FB32876-5DB2-46BA-9311-5B1CEE5FD1E3} (.text.zb_zcl_finish_and_send_packet_new)
                  00025428    00000068     zb_cluster_ed.a : zboss_r23_zcl_zcl_identify_commands.obj (.text.zb_zcl_identify_effect_invoke_user_app)
                  00025490    00000064     secure_drivers_cc23x0r5.a : AESCommonLPF3.c.obj (.text.AESCommonLPF3_construct)
                  000254f4    00000064     {3FB32876-5DB2-46BA-9311-5B1CEE5FD1E3} (.text.GPIO_setConfigAndMux)
                  00025558    00000064     {3FB32876-5DB2-46BA-9311-5B1CEE5FD1E3} (.text.bdb_finding_n_binding_machine)
                  000255bc    00000064     {3FB32876-5DB2-46BA-9311-5B1CEE5FD1E3} (.text.bdb_force_rejoin_if_not_in_progress)
                  00025620    00000064     {3FB32876-5DB2-46BA-9311-5B1CEE5FD1E3} (.text.bdb_precomm_rejoin_over_all_channels)
                  00025684    00000064     zb_ed_role.a : zboss_r23_nwk_nwk_main.obj (.text.nwk_call_nlde_data_confirm)
                  000256e8    00000064     {3FB32876-5DB2-46BA-9311-5B1CEE5FD1E3} (.text.nwk_cancel_network_discovery_response)
                  0002574c    00000064     ti_freertos_config.o (.text.xTaskCreate)
                  000257b0    00000064     zb_ed_role.a : zboss_r23_common_zb_address.obj (.text.zb_address_by_ref)
                  00025814    00000064                  : zboss_r23_common_zb_address.obj (.text.zb_address_cmp_two_refs)
                  00025878    00000064     zb_zdo_ed.a : zboss_r23_zdo_af_rx.obj (.text.zb_apsde_data_indication_cont)
                  000258dc    00000064     zb_ed_role.a : zboss_r23_commissioning_bdb_zdo_commissioning_bdb.obj (.text.zb_bdb_initiate_tc_rejoin)
                  00025940    00000064                  : zboss_r23_commissioning_bdb_bdb_finding_binding.obj (.text.zb_bdb_send_identify_query_req)
                  000259a4    00000064                  : zboss_r23_nwk_nwk_disc_table.obj (.text.zb_nwk_exneighbor_by_short)
                  00025a08    00000064                  : zboss_r23_common_zb_scheduler.obj (.text.zb_schedule_tx_cb)
                  00025a6c    00000064                  : zboss_r23_common_zb_time.obj (.text.zb_timer_start)
                  00025ad0    00000064     zb_zdo_ed.a : zboss_r23_zdo_zdo_hubs.obj (.text.zb_wwah_set_leave_without_rejoin_allowed)
                  00025b34    00000064     zb_cluster_ed.a : zboss_r23_zcl_zcl_identify_commands.obj (.text.zb_zcl_identify_time_handler)
                  00025b98    00000064     {3FB32876-5DB2-46BA-9311-5B1CEE5FD1E3} (.text.zb_zdo_node_desc_req)
                  00025bfc    00000064     {3FB32876-5DB2-46BA-9311-5B1CEE5FD1E3} (.text.zb_zdo_pim_restart_poll)
                  00025c60    00000062     zb_cluster_ed.a : zboss_r23_zcl_zcl_common.obj (.text.zb_zcl_finish_and_send_packet)
                  00025cc2    00000002     ti_freertos_config.o (.text.vApplicationStackOverflowHook)
                  00025cc4    00000060     rcl_cc23x0r5.a : ieee.c.obj (.text.RCL_IEEE_updateRxAction)
                  00025d24    00000060     {3FB32876-5DB2-46BA-9311-5B1CEE5FD1E3} (.text.aps_in_frag_send_ack)
                  00025d84    00000060     {3FB32876-5DB2-46BA-9311-5B1CEE5FD1E3} (.text.get_endpoint_by_cluster)
                  00025de4    00000060     {3FB32876-5DB2-46BA-9311-5B1CEE5FD1E3} (.text.get_endpoint_by_cluster_with_role)
                  00025e44    00000060     zb_cluster_ed.a : zboss_r23_zcl_zcl_common.obj (.text.get_profile_id_by_endpoint)
                  00025ea4    00000060     {3FB32876-5DB2-46BA-9311-5B1CEE5FD1E3} (.text.nwk_broadcasting_btr_aging_alarm)
                  00025f04    00000060     ti_freertos_config.o (.text.xQueueGiveFromISR)
                  00025f64    00000060     ti_freertos_config.o (.text.xTaskPriorityDisinherit)
                  00025fc4    00000060     zb_cluster_ed.a : zboss_r23_zcl_zcl_common.obj (.text.zb_af_get_endpoint_desc)
                  00026024    00000060     zb_ed_role.a : zboss_r23_commissioning_bdb_bdb_finding_binding.obj (.text.zb_bdb_process_simple_desc_res)
                  00026084    00000060     zb_ti_platform_zed.a : osif_ti_f3_crypto.obj (.text.zb_hw_sha_256)
                  000260e4    00000060     zb_zdo_ed.a : zboss_r23_zdo_zdo_app_join.obj (.text.zb_nlme_join_confirm)
                  00026144    00000060     zb_ed_role.a : zboss_r23_common_zb_scheduler.obj (.text.zb_schedule_callback)
                  000261a4    00000060     zb_cluster_ed.a : zboss_r23_zcl_zcl_groups.obj (.text.zb_zcl_process_groups_commands_cli)
                  00026204    00000060     zb_zdo_ed.a : zboss_r23_zdo_zdo_bind_manage.obj (.text.zb_zdo_send_check_bind_unbind)
                  00026264    00000060     zb_ed_role.a : zboss_r23_secur_bdb_secur.obj (.text.zdo_secur_update_tclk_done)
                  000262c4    00000060     zb_zdo_ed.a : zboss_r23_zdo_zdo_common.obj (.text.zdo_send_resp_by_short)
                  00026324    0000005c     secure_drivers_cc23x0r5.a : AESCommonLPF3.c.obj (.text.AESCommonLPF3_init)
                  00026380    0000005c     ti_freertos_config.o (.text.ClockP_walkQueueDynamic)
                  000263dc    0000005c     rcl_cc23x0r5.a : adc_noise.c.obj (.text.RCL_Handler_Adc_Noise_powerDown)
                  00026438    0000005c     {3FB32876-5DB2-46BA-9311-5B1CEE5FD1E3} (.text.ed_scan_timer_callback)
                  00026494    0000005c     {3FB32876-5DB2-46BA-9311-5B1CEE5FD1E3} (.text.get_manufacturer_index_by_ieee_addr)
                  000264f0    0000005c     {3FB32876-5DB2-46BA-9311-5B1CEE5FD1E3} (.text.nwk_join_failure_confirm)
                  0002654c    0000005c     zb_ed_role.a : zboss_r23_common_zb_address.obj (.text.zb_address_done_ieee_disc)
                  000265a8    0000005c                  : zboss_r23_common_zb_bufpool_mult.obj (.text.zb_buf_alloc_left_func)
                  00026604    0000005c     {3FB32876-5DB2-46BA-9311-5B1CEE5FD1E3} (.text.zb_zcl_basic_reset_invoke_user_app)
                  00026660    0000005c     zb_zdo_ed.a : zboss_r23_zdo_zdo_channel_manager.obj (.text.zb_zdo_ed_scan_request)
                  000266bc    0000005c                 : zboss_r23_zdo_zdo_nwk_manage_srv.obj (.text.zb_zdo_nwk_upd_notify)
                  00026718    0000005c                 : zboss_r23_zdo_zdo_app.obj (.text.zb_zdo_tclk_valid)
                  00026774    0000005c     {3FB32876-5DB2-46BA-9311-5B1CEE5FD1E3} (.text.zdo_kill_cb_by_index)
                  000267d0    0000005a     {3FB32876-5DB2-46BA-9311-5B1CEE5FD1E3} (.text.channel_page_get_edge_channel_number)
                  0002682a    00000002     ti_freertos_portable_config.o (.text.vPortSVCHandler)
                  0002682c    00000058     {3FB32876-5DB2-46BA-9311-5B1CEE5FD1E3} (.text.AESCMACLPF3_hwiFxn)
                  00026884    00000058     rcl_cc23x0r5.a : LRFCC23X0.c.obj (.text.LRF_setRxFifoEffSz)
                  000268dc    00000058     libclang_rt.builtins.a : clzsi2.c.obj (.text.__clzsi2)
                  00026934    00000058     zb_ed_role.a : zboss_r23_commissioning_bdb_zdo_commissioning_bdb.obj (.text.bdb_not_ever_joined)
                  0002698c    00000058     zb_cluster_ed.a : zboss_r23_zcl_zcl_scenes.obj (.text.check_value_scenes)
                  000269e4    00000058     {3FB32876-5DB2-46BA-9311-5B1CEE5FD1E3} (.text.mac_ti23xx_set_channel)
                  00026a3c    00000058     {3FB32876-5DB2-46BA-9311-5B1CEE5FD1E3} (.text.send_unknown_command_status)
                  00026a94    00000058     zb_ed_role.a : zboss_r23_common_zb_address.obj (.text.zb_ieee_addr_compress)
                  00026aec    00000058     {3FB32876-5DB2-46BA-9311-5B1CEE5FD1E3} (.text.zb_nvram_dataset_is_supported)
                  00026b44    00000058     {3FB32876-5DB2-46BA-9311-5B1CEE5FD1E3} (.text.zb_secur_get_auth_token_key_by_ieee)
                  00026b9c    00000058     {3FB32876-5DB2-46BA-9311-5B1CEE5FD1E3} (.text.zb_start_device_interview_on_joiner)
                  00026bf4    00000058     {3FB32876-5DB2-46BA-9311-5B1CEE5FD1E3} (.text.zb_timer_callback)
                  00026c4c    00000058     {3FB32876-5DB2-46BA-9311-5B1CEE5FD1E3} (.text.zb_zcl_init_periodic_activities)
                  00026ca4    00000058     zb_cluster_ed.a : zboss_r23_zcl_zcl_s_wwah.obj (.text.zb_zcl_wwah_check_if_aps_link_key_authorization_needed)
                  00026cfc    00000058                     : zboss_r23_zcl_zcl_s_wwah.obj (.text.zb_zcl_wwah_match_desc_resp_handle)
                  00026d54    00000058     zb_zdo_ed.a : zboss_r23_zdo_zdo_disc_cli.obj (.text.zb_zdo_nwk_addr_req)
                  00026dac    00000058     zb_ed_role.a : zboss_r23_secur_zdo_secur.obj (.text.zb_zdo_verify_tclk)
                  00026e04    00000058     {3FB32876-5DB2-46BA-9311-5B1CEE5FD1E3} (.text.zdo_wwah_start_survey_beacons_cont)
                  00026e5c    00000056     libclang_rt.builtins.a : aeabi_idivmod.S.obj (.text.__aeabi_idivmod)
                  00026eb2    00000056     ti_freertos_config.o (.text.xQueueGenericCreate)
                  00026f08    00000056     zb_ed_role.a : zboss_r23_secur_secur_ccm.obj (.text.zb_cmm_key_hash)
                  00026f5e    00000002     {3FB32876-5DB2-46BA-9311-5B1CEE5FD1E3} (.text.zb_zcl_wwah_trace_ctx)
                  00026f60    00000054     {3FB32876-5DB2-46BA-9311-5B1CEE5FD1E3} (.text.AESECBLPF3_hwiFxn)
                  00026fb4    00000054     rcl_cc23x0r5.a : LRFCC23X0.c.obj (.text.LRF_readRxFifoWords)
                  00027008    00000054                    : RCL.c.obj (.text.RCL_Command_pend)
                  0002705c    00000054                    : ieee.c.obj (.text.RCL_Handler_Ieee_findPbeErrorEndStatus)
                  000270b0    00000054                    : ieee.c.obj (.text.RCL_Handler_Ieee_restoreStopTime)
                  00027104    00000054                    : ieee.c.obj (.text.RCL_IEEE_updateTxPower)
                  00027158    00000054                    : RCL_Scheduler.c.obj (.text.RCL_Scheduler_setStartStopTimeEarliestStart)
                  000271ac    00000054     {3FB32876-5DB2-46BA-9311-5B1CEE5FD1E3} (.text.aps_in_frag_kill_stopped_entries)
                  00027200    00000054     {3FB32876-5DB2-46BA-9311-5B1CEE5FD1E3} (.text.aps_in_frag_send_ack_delayed)
                  00027254    00000054     {3FB32876-5DB2-46BA-9311-5B1CEE5FD1E3} (.text.bdb_network_formation_machine)
                  000272a8    00000054     {3FB32876-5DB2-46BA-9311-5B1CEE5FD1E3} (.text.bdb_start_top_level_commissioning)
                  000272fc    00000054     rcl_cc23x0r5.a : hal_cc23x0.c.obj (.text.hal_check_clear_timer_compare)
                  00027350    00000054     {3FB32876-5DB2-46BA-9311-5B1CEE5FD1E3} (.text.manuf_tbl_clear_unusable_entries)
                  000273a4    00000054     rcl_cc23x0r5.a : RCL.c.obj (.text.rclPowerNotify)
                  000273f8    00000054     ti_freertos_config.o (.text.vQueueWaitForMessageRestricted)
                  0002744c    00000054     zb_ed_role.a : zboss_r23_secur_apsme_secur.obj (.text.zb_aps_secur_init)
                  000274a0    00000054                  : zboss_r23_commissioning_bdb_bdb_finding_binding.obj (.text.zb_bdb_error_handle_buf)
                  000274f4    00000054                  : zboss_r23_common_zb_signal_common.obj (.text.zb_get_app_signal)
                  00027548    00000054     {3FB32876-5DB2-46BA-9311-5B1CEE5FD1E3} (.text.zb_mac_diagnostics_init)
                  0002759c    00000054     zb_ed_role.a : zboss_r23_mac_mac_scan.obj (.text.zb_mac_send_beacon_request_command)
                  000275f0    00000054                  : zboss_r23_common_zb_nvram.obj (.text.zb_nvram_read_data)
                  00027644    00000054     {3FB32876-5DB2-46BA-9311-5B1CEE5FD1E3} (.text.zb_secur_ic_generate_key)
                  00027698    00000054     zb_ed_role.a : zboss_r23_common_zb_tlv.obj (.text.zb_tlv_get_tlv_ptr)
                  000276ec    00000054     zb_zdo_ed.a : zboss_r23_zdo_zdo_hubs.obj (.text.zb_wwah_set_require_lk_encryption)
                  00027740    00000054     zb_cluster_ed.a : zboss_r23_zcl_zcl_reporting.obj (.text.zb_zcl_update_reporting_info)
                  00027794    00000054                     : zboss_r23_zcl_zcl_attr_value.obj (.text.zb_zcl_write_attr_hook)
                  000277e8    00000054     zb_zdo_ed.a : zboss_r23_zdo_zdo_bind_manage.obj (.text.zb_zdo_bind_unbind_check_cb)
                  0002783c    00000054     zb_ed_role.a : zboss_r23_secur_zdo_secur.obj (.text.zb_zdo_update_tclk)
                  00027890    00000052     zb_cluster_ed.a : zboss_r23_zcl_zcl_basic_commands.obj (.text.zb_zcl_check_is_device_enabled)
                  000278e2    00000002     --HOLE-- [fill = 0]
                  000278e4    00000050     secure_drivers_cc23x0r5.a : AESCommonLPF3.c.obj (.text.AESCommonLPF3_cleanup)
                  00027934    00000050     drivers_cc23x0r5.a : PowerCC23X0.c.obj (.text.Power_releaseDependency)
                  00027984    00000050                        : PowerCC23X0.c.obj (.text.Power_setDependency)
                  000279d4    00000050     rcl_cc23x0r5.a : RCL_Scheduler.c.obj (.text.RCL_Scheduler_setCustomStartStopTimeEarliestStart)
                  00027a24    00000050     {3FB32876-5DB2-46BA-9311-5B1CEE5FD1E3} (.text.aps_in_frag_find_by_hdr)
                  00027a74    00000050     {3FB32876-5DB2-46BA-9311-5B1CEE5FD1E3} (.text.aps_in_frag_total_window_size)
                  00027ac4    00000050     {3FB32876-5DB2-46BA-9311-5B1CEE5FD1E3} (.text.handle_bind_check_response)
                  00027b14    00000050     {3FB32876-5DB2-46BA-9311-5B1CEE5FD1E3} (.text.nvram_write_dataset_tail)
                  00027b64    00000050     {3FB32876-5DB2-46BA-9311-5B1CEE5FD1E3} (.text.sleepTicks)
                  00027bb4    00000050     ti_freertos_config.o (.text.xTaskCreateStatic)
                  00027c04    00000050     zb_ed_role.a : zboss_r23_common_zb_address.obj (.text.zb_address_by_ieee)
                  00027c54    00000050     zb_zdo_ed.a : zboss_r23_zdo_af_rx.obj (.text.zb_af_handle_zcl_frame)
                  00027ca4    00000050     zb_ed_role.a : zboss_r23_aps_aps_main.obj (.text.zb_aps_get_max_buffer_size)
                  00027cf4    00000050     {3FB32876-5DB2-46BA-9311-5B1CEE5FD1E3} (.text.zb_bdb_finding_binding_initiator_stop)
                  00027d44    00000050     zb_ed_role.a : zboss_r23_mac_mac_zcl_diagnostic.obj (.text.zb_mac_diagnostics_periodic_handler)
                  00027d94    00000050                  : zboss_r23_mac_mac.obj (.text.zb_mlme_poll_request)
                  00027de4    00000050     {3FB32876-5DB2-46BA-9311-5B1CEE5FD1E3} (.text.zb_nvram_check_and_read_page_hdr_ds)
                  00027e34    00000050     zb_zdo_ed.a : zboss_r23_zdo_zdo_hubs.obj (.text.zb_wwah_set_configuration_mode)
                  00027e84    00000050     zb_cluster_ed.a : zboss_r23_zcl_zcl_basic_commands.obj (.text.zb_zcl_process_basic_specific_commands_srv)
                  00027ed4    00000050                     : zboss_r23_zcl_zcl_identify_commands.obj (.text.zb_zcl_stop_identifying)
                  00027f24    00000050     zb_zdo_ed.a : zboss_r23_zdo_zdo_commissioning.obj (.text.zdo_commissioning_nwk_discovery_failed)
                  00027f74    0000004e     {3FB32876-5DB2-46BA-9311-5B1CEE5FD1E3} (.text.zb_nwk_neighbor_update_lqa)
                  00027fc2    0000004e     {3FB32876-5DB2-46BA-9311-5B1CEE5FD1E3} (.text.zb_zdo_process_eui64_array)
                  00028010    0000004c     {3FB32876-5DB2-46BA-9311-5B1CEE5FD1E3} (.text.AESCTRLPF3_processData)
                  0002805c    0000004c     driverlib.a : interrupt.c.obj (.text.IntSetPend)
                  000280a8    0000004c                 : lrfd.c.obj (.text.LRFDApplyClockDependencies)
                  000280f4    0000004c     rcl_cc23x0r5.a : LRFCC23X0.c.obj (.text.LRF_programTemperatureCompensatedTxPower)
                  00028140    0000004c                    : LRFCC23X0.c.obj (.text.LRF_writeTxFifoWords)
                  0002818c    0000004c                    : ieee.c.obj (.text.RCL_Handler_Ieee_setCoexPriority)
                  000281d8    0000004c                    : RCL.c.obj (.text.RCL_open)
                  00028224    0000004c     {3FB32876-5DB2-46BA-9311-5B1CEE5FD1E3} (.text.SHA2_open)
                  00028270    0000004c     drivers_cc23x0r5.a : UDMALPF3.c.obj (.text.UDMALPF3_init)
                  000282bc    0000004c     ti_freertos_config.o (.text.__aeabi_errno_addr)
                  00028308    0000004c     {3FB32876-5DB2-46BA-9311-5B1CEE5FD1E3} (.text.aps_in_frag_find_by_buf)
                  00028354    0000004c     {3FB32876-5DB2-46BA-9311-5B1CEE5FD1E3} (.text.aps_out_frag_schedule_queued_requests)
                  000283a0    0000004c     zb_ed_role.a : zboss_r23_secur_bdb_secur.obj (.text.bdb_initiate_key_verify)
                  000283ec    0000004c                  : zboss_r23_commissioning_bdb_zdo_commissioning_bdb.obj (.text.bdb_start_rejoin_recovery)
                  00028438    0000004c     {3FB32876-5DB2-46BA-9311-5B1CEE5FD1E3} (.text.call_nlme_status_ind)
                  00028484    0000004c     {3FB32876-5DB2-46BA-9311-5B1CEE5FD1E3} (.text.del_short_sorted)
                  000284d0    0000004c     {3FB32876-5DB2-46BA-9311-5B1CEE5FD1E3} (.text.forward_req_packet_or_delay)
                  0002851c    0000004c     zb_cluster_ed.a : zboss_r23_zcl_zcl_common.obj (.text.get_cluster_desc)
                  00028568    0000004c     ti_freertos_config.o (.text.realloc)
                  000285b4    0000004c     {3FB32876-5DB2-46BA-9311-5B1CEE5FD1E3} (.text.uDMASetChannelTransfer)
                  00028600    0000004c     ti_freertos_config.o (.text.vPortFree)
                  0002864c    0000004c     {3FB32876-5DB2-46BA-9311-5B1CEE5FD1E3} (.text.validate_new_channel)
                  00028698    0000004c     zb_ed_role.a : zboss_r23_common_zb_signal_common.obj (.text.zb_app_signal_pack_with_detailed_status)
                  000286e4    0000004c                  : zboss_r23_aps_aps_main.obj (.text.zb_aps_get_max_trans_size)
                  00028730    0000004c                  : zboss_r23_mac_mac.obj (.text.zb_mac_check_frame_dst_addr)
                  0002877c    0000004c                  : zboss_r23_nwk_nwk_main.obj (.text.zb_nwk_handle_init)
                  000287c8    0000004c     {3FB32876-5DB2-46BA-9311-5B1CEE5FD1E3} (.text.zb_nwk_reset_nwk_addr_in_mac_pib)
                  00028814    0000004c     zb_ed_role.a : zboss_r23_nwk_nwk_main.obj (.text.zb_nwk_unlock_in)
                  00028860    0000004c     zb_ti_platform_zed.a : osif_ti_f3_nvram.obj (.text.zb_osif_nvram_read)
                  000288ac    0000004c                          : osif_ti_f3_nvram.obj (.text.zb_osif_nvram_write)
                  000288f8    0000004c     zb_ed_role.a : zboss_r23_secur_zdo_secur.obj (.text.zb_secur_delete_link_key_by_idx)
                  00028944    0000004c     {3FB32876-5DB2-46BA-9311-5B1CEE5FD1E3} (.text.zb_zcl_send_default_handler)
                  00028990    0000004c     zb_zdo_ed.a : zboss_r23_zdo_zdo_bind_manage.obj (.text.zb_zdo_end_device_bind_resp)
                  000289dc    0000004c     {3FB32876-5DB2-46BA-9311-5B1CEE5FD1E3} (.text.zb_zdo_mgmt_permit_joining_req)
                  00028a28    0000004c     {3FB32876-5DB2-46BA-9311-5B1CEE5FD1E3} (.text.zb_zdo_pim_start_fast_poll)
                  00028a74    0000004a     rcl_cc23x0r5.a : LRF.c.obj (.text.LRF_loadImage)
                  00028abe    0000004a     ti_freertos_config.o (.text.calloc)
                  00028b08    0000004a     zb_cluster_ed.a : zboss_r23_zcl_zcl_common.obj (.text.zb_zcl_schedule_status_abort)
                  00028b52    00000002     --HOLE-- [fill = 0]
                  00028b54    00000048     ti_freertos_config.o (.text.ClockP_construct)
                  00028b9c    00000048     rcl_cc23x0r5.a : LRFCC23X0.c.obj (.text.LRF_setTemperatureTrim)
                  00028be4    00000048     {3FB32876-5DB2-46BA-9311-5B1CEE5FD1E3} (.text.PowerCC23X0_hfxtAmpsettledTimeout)
                  00028c2c    00000048     drivers_cc23x0r5.a : PowerCC23X0.c.obj (.text.PowerLPF3_getHfxtAmpAdjustment)
                  00028c74    00000048     rcl_cc23x0r5.a : RCL_Scheduler.c.obj (.text.RCL_Scheduler_postEvent)
                  00028cbc    00000048     drivers_cc23x0r5.a : TemperatureLPF3.c.obj (.text.Temperature_registerNotifyRange)
                  00028d04    00000048     {3FB32876-5DB2-46BA-9311-5B1CEE5FD1E3} (.text.degreesToCode)
                  00028d4c    00000048     {3FB32876-5DB2-46BA-9311-5B1CEE5FD1E3} (.text.handle_scan_during_poll)
                  00028d94    00000048     {3FB32876-5DB2-46BA-9311-5B1CEE5FD1E3} (.text.initiate_short_disc)
                  00028ddc    00000048     ti_freertos_config.o (.text.localProgramStart)
                  00028e24    00000048     {3FB32876-5DB2-46BA-9311-5B1CEE5FD1E3} (.text.mac_get_tx_power)
                  00028e6c    00000048     {3FB32876-5DB2-46BA-9311-5B1CEE5FD1E3} (.text.prvSampleTimeNow)
                  00028eb4    00000048     {3FB32876-5DB2-46BA-9311-5B1CEE5FD1E3} (.text.removeThreadKeys)
                  00028efc    00000048     zb_ed_role.a : zboss_r23_secur_zdo_secur.obj (.text.secur_nwk_key_by_seq)
                  00028f44    00000048     ti_freertos_config.o (.text.xTimerCreateTimerTask)
                  00028f8c    00000048     zb_ed_role.a : zboss_r23_aps_aps_bind.obj (.text.zb_apsme_clear_all_bind_by_ieee)
                  00028fd4    00000048                  : zboss_r23_commissioning_bdb_bdb_finding_binding.obj (.text.zb_bdb_finding_binding_target_cancel)
                  0002901c    00000048                  : zboss_r23_common_zb_bufpool_mult.obj (.text.zb_buf_reuse_func)
                  00029064    00000048     {3FB32876-5DB2-46BA-9311-5B1CEE5FD1E3} (.text.zb_calculate_mic64_for_challenge)
                  000290ac    00000048     zb_ed_role.a : zboss_r23_mac_mac_associate.obj (.text.zb_mac_assoc_send_data_req)
                  000290f4    00000048                  : zboss_r23_nwk_nwk_nlme.obj (.text.zb_mlme_poll_confirm)
                  0002913c    00000048     {3FB32876-5DB2-46BA-9311-5B1CEE5FD1E3} (.text.zb_nvs_open)
                  00029184    00000048     {3FB32876-5DB2-46BA-9311-5B1CEE5FD1E3} (.text.zb_panid_conflict_set_panid_conf)
                  000291cc    00000048     zb_ed_role.a : zboss_r23_secur_apsme_secur.obj (.text.zb_secur_apsme_request_key)
                  00029214    00000048                  : zboss_r23_common_zb_tlv.obj (.text.zb_tlv_parse_value_fragmentation_parameters)
                  0002925c    00000048     zb_cluster_ed.a : zboss_r23_zcl_zcl_s_wwah.obj (.text.zb_zcl_wwah_bad_parent_recovery_signal)
                  000292a4    00000048                     : zboss_r23_zcl_zcl_s_wwah.obj (.text.zb_zcl_wwah_recounter_checkin)
                  000292ec    00000048     zb_zdo_ed.a : zboss_r23_zdo_zdo_tlv_mgmt.obj (.text.zb_zdo_get_tunneled_frame_from_relay)
                  00029334    00000048                 : zboss_r23_zdo_zdo_poll.obj (.text.zb_zdo_pim_set_long_poll_interval)
                  0002937c    00000048     {3FB32876-5DB2-46BA-9311-5B1CEE5FD1E3} (.text.zb_zdo_pim_start_poll)
                  000293c4    00000048     {3FB32876-5DB2-46BA-9311-5B1CEE5FD1E3} (.text.zb_zdo_pim_stop_poll)
                  0002940c    00000048     zb_zdo_ed.a : zboss_r23_zdo_zdo_poll.obj (.text.zb_zdo_pim_turbo_poll_continuous_leave)
                  00029454    00000048     {3FB32876-5DB2-46BA-9311-5B1CEE5FD1E3} (.text.zb_zdo_pim_work_poll_interval_update)
                  0002949c    00000048     zb_zdo_ed.a : zboss_r23_zdo_zdo_app.obj (.text.zb_zdo_startup_complete_int)
                  000294e4    00000048                 : zboss_r23_zdo_zdo_app_leave.obj (.text.zdo_device_removed)
                  0002952c    00000046     ti_freertos_config.o (.text.pthread_exit)
                  00029572    00000002     --HOLE-- [fill = 0]
                  00029574    00000044     {3FB32876-5DB2-46BA-9311-5B1CEE5FD1E3} (.text.AESCMACLPF3_generateSubKey)
                  000295b8    00000044     rcl_cc23x0r5.a : RCL_Buffer.c.obj (.text.RCL_MultiBuffer_getBuffer)
                  000295fc    00000044     zb_ed_role.a : zboss_r23_aps_aps_main.obj (.text.aps_force_retx)
                  00029640    00000044     {3FB32876-5DB2-46BA-9311-5B1CEE5FD1E3} (.text.aps_in_frag_stop_ack_timer)
                  00029684    00000044     {3FB32876-5DB2-46BA-9311-5B1CEE5FD1E3} (.text.aps_retrans_ent_free)
                  000296c8    00000044     zb_ed_role.a : zboss_r23_secur_bdb_secur.obj (.text.bdb_request_tclk_alarm)
                  0002970c    00000044     {3FB32876-5DB2-46BA-9311-5B1CEE5FD1E3} (.text.bdb_touchlink_machine)
                  00029750    00000044     zb_ed_role.a : zboss_r23_secur_bdb_secur.obj (.text.bdb_verify_tclk_alarm)
                  00029794    00000044     {3FB32876-5DB2-46BA-9311-5B1CEE5FD1E3} (.text.call_status_indication)
                  000297d8    00000044     zb_ed_role.a : zboss_r23_mac_mac.obj (.text.mac_tx_watchdog)
                  0002981c    00000044     {3FB32876-5DB2-46BA-9311-5B1CEE5FD1E3} (.text.mgmt_leave_to_unauth_chld)
                  00029860    00000044     {3FB32876-5DB2-46BA-9311-5B1CEE5FD1E3} (.text.prvInsertBlockIntoFreeList)
                  000298a4    0000000c     rcl_cc23x0r5.a : LRFCC23X0.c.obj (.text.LRF_initializeMaxRssi)
                  000298b0    00000044     ti_freertos_portable_config.o (.text.xPortPendSVHandler)
                  000298f4    00000044     {3FB32876-5DB2-46BA-9311-5B1CEE5FD1E3} (.text.zb_apsde_check_selfie)
                  00029938    00000044     zb_ed_role.a : zboss_r23_common_zb_address.obj (.text.zb_ieee_addr_decompress)
                  0002997c    00000044     ti_f3_main.o (.text.zb_memmove)
                  000299c0    00000044     zb_ed_role.a : zboss_r23_nwk_nwk_broadcasting.obj (.text.zb_nwk_broadcasting_find_btr)
                  00029a04    00000044                  : zboss_r23_nwk_nwk_nlme.obj (.text.zb_nwk_pib_set)
                  00029a48    00000044                  : zboss_r23_common_zb_random.obj (.text.zb_random_val)
                  00029a8c    00000044     zb_zdo_ed.a : zboss_r23_zdo_zdo_hubs.obj (.text.zb_wwah_set_pending_panid)
                  00029ad0    00000044     {3FB32876-5DB2-46BA-9311-5B1CEE5FD1E3} (.text.zb_zcl_call_identify_time_attr_device_cb)
                  00029b14    00000044     zb_cluster_ed.a : zboss_r23_zcl_zcl_main.obj (.text.zb_zcl_get_cluster_handler)
                  00029b58    00000044     zb_zdo_ed.a : zboss_r23_zdo_zdo_app.obj (.text.zb_zdo_dev_start_cont)
                  00029b9c    00000044     {3FB32876-5DB2-46BA-9311-5B1CEE5FD1E3} (.text.zdo_validate_nwk_addr_resp)
                  00029be0    00000042     {3FB32876-5DB2-46BA-9311-5B1CEE5FD1E3} (.text.squeeze)
                  00029c22    00000042     zb_zdo_ed.a : zboss_r23_zdo_zdo_rx.obj (.text.zb_zdo_send_status_res)
                  00029c64    00000040     drivers_cc23x0r5.a : NVSLPF3.c.obj (.text.NVSLPF3_read)
                  00029ca4    00000040     rcl_cc23x0r5.a : RCL.c.obj (.text.RCL_Command_submit)
                  00029ce4    00000040     ti_freertos_config.o (.text.SemaphoreP_construct)
                  00029d24    00000040     libclang_rt.builtins.a : aeabi_uidivmod.S.obj (.text.__aeabi_uidivmod)
                  00029d64    00000040     {3FB32876-5DB2-46BA-9311-5B1CEE5FD1E3} (.text.find_binding_whitelist_entry)
                  00029da4    00000040     zb_ed_role.a : zboss_r23_mac_mac_associate.obj (.text.mac_association_req_sent)
                  00029de4    00000040     zb_ti_platform_zed.a : mac_ti_f3_mac.obj (.text.mac_ti23xx_get_energy_level)
                  00029e24    00000040     {3FB32876-5DB2-46BA-9311-5B1CEE5FD1E3} (.text.schedule_wwah_rejoin_backoff_attempt)
                  00029e64    00000040     {3FB32876-5DB2-46BA-9311-5B1CEE5FD1E3} (.text.setNextThresholds)
                  00029ea4    00000040     {3FB32876-5DB2-46BA-9311-5B1CEE5FD1E3} (.text.start_wait_reporting_timer)
                  00029ee4    00000040     {3FB32876-5DB2-46BA-9311-5B1CEE5FD1E3} (.text.zb_bdb_find_respondent)
                  00029f24    00000040     zb_ed_role.a : zboss_r23_common_zb_bufpool_mult.obj (.text.zb_buf_cut_left_func)
                  00029f64    00000040     zb_zdo_ed.a : zboss_r23_zdo_zdo_app_leave.obj (.text.zb_nlme_leave_indication)
                  00029fa4    00000040     zb_cluster_ed.a : zboss_r23_zcl_zcl_main.obj (.text.zb_zcl_map_ret_code_to_zcl_status)
                  00029fe4    00000040                     : zboss_r23_zcl_zcl_s_wwah.obj (.text.zb_zcl_wwah_periodic_checkin_timeout)
                  0002a024    00000040     zb_zdo_ed.a : zboss_r23_zdo_zdo_disc_cli.obj (.text.zb_zdo_ieee_addr_req)
                  0002a064    00000040                 : zboss_r23_zdo_zdo_poll.obj (.text.zb_zdo_pim_set_fast_poll_timeout)
                  0002a0a4    00000040     {3FB32876-5DB2-46BA-9311-5B1CEE5FD1E3} (.text.zdo_join_done)
                  0002a0e4    0000003e     zb_ed_role.a : zboss_r23_common_zb_bufpool_mult.obj (.text.zb_buf_get_func)
                  0002a122    00000002     --HOLE-- [fill = 0]
                  0002a124    0000003c     drivers_cc23x0r5.a : GPIO.c.obj (.text.GPIO_resetConfig)
                  0002a160    0000003c                        : PowerCC23X0.c.obj (.text.PowerLPF3_selectLFXT)
                  0002a19c    0000003c     rcl_cc23x0r5.a : RCL.c.obj (.text.RCL_init)
                  0002a1d8    0000003c                    : RCL.c.obj (.text.RCL_openPowerNotifications)
                  0002a214    0000003c     {3FB32876-5DB2-46BA-9311-5B1CEE5FD1E3} (.text.SHA2_addData)
                  0002a250    0000003c     {3FB32876-5DB2-46BA-9311-5B1CEE5FD1E3} (.text.SHA2_finalize)
                  0002a28c    0000003c     ti_freertos_config.o (.text.SemaphoreP_pend)
                  0002a2c8    0000003c     {3FB32876-5DB2-46BA-9311-5B1CEE5FD1E3} (.text.aps_start_dups_alarm)
                  0002a304    0000003c     zb_ed_role.a : zboss_r23_commissioning_bdb_zdo_commissioning_bdb.obj (.text.bdb_joined)
[...]
0001ba89  xTaskIncrementTick                               
00025f65  xTaskPriorityDisinherit                          
00022db9  xTaskPriorityInherit                             
00020371  xTaskRemoveFromEventList                         
0001b14d  xTaskResumeAll                                   
00028f45  xTimerCreateTimerTask                            


GLOBAL SYMBOLS: SORTED BY Symbol Address 

address   name                                             
-------   ----                                             
00000000  __TI_ATRegion0_region_sz                         
00000000  __TI_ATRegion0_src_addr                          
00000000  __TI_ATRegion0_trg_addr                          
00000000  __TI_ATRegion1_region_sz                         
00000000  __TI_ATRegion1_src_addr                          
00000000  __TI_ATRegion1_trg_addr                          
00000000  __TI_ATRegion2_region_sz                         
00000000  __TI_ATRegion2_src_addr                          
00000000  __TI_ATRegion2_trg_addr                          
00000000  __TI_static_base__                               
00000000  resetVectors                                     
00000400  __STACK_SIZE                                     
00004839  RCL_Handler_Ieee_RxTx                            
00010019  LRF_applySettings                                
00011309  LRF_programFrequency                             
000140b1  RCL_Handler_ADC_Noise_getNoise                   
00014ca1  LRF_setupRadio                                   
0001736d  xQueueSemaphoreTake                              
00019369  xQueueGenericSend                                
00019f7d  PowerCC23X0_standbyPolicy                        
0001a885  xQueueReceive                                    
0001b14d  xTaskResumeAll                                   
0001ba89  xTaskIncrementTick                               
0001cd57  RCL_GPIO_disable                                 
0001cf15  pvPortMalloc                                     
0001d6b5  Power_init                                       
0001da01  pthread_create                                   
0001e831  vTaskSuspend                                     
0001ebdd  RCL_scheduleHook                                 
0001ed4d  xQueueGenericReset                               
0001f7cd  vTaskDelete                                      
0002018d  __udivmoddi4                                     
0002022f  RCL_GPIO_enable                                  
00020371  xTaskRemoveFromEventList                         
00020551  LRF_TxPowerTable_findValue                       
000205ed  PowerLPF3_sleep                                  
00020d25  RCL_Scheduler_setStopTimes                       
00020db9  Temperature_init                                 
000211c5  LRF_disableCoexGrant                             
000211d1  AESProcessAlignedBlocksCMAC                      
000211e1  AESProcessAlignedBlocksCTR                       
000211f9  AESProcessAlignedBlocksECB                       
00021241  AESCopyBlock                                     
00021263  RCL_phyHook                                      
000212f5  RCL_MultiBuffer_RxEntry_get                      
00021655  vTaskStartScheduler                              
00021bf3  __aeabi_idiv0                                    
00021fc5  RCL_AdcNoise_get_samples_blocking                
00022513  __aeabi_ldiv0                                    
00022515  ClockP_startup                                   
00022599  memalign                                         
0002282d  vTaskSwitchContext                               
00022db9  xTaskPriorityInherit                             
000232b1  RCL_IEEE_Tx_submit                               
00023789  __TI_decompress_lzss                             
00023805  HwiP_construct                                   
0002387d  RCL_Scheduler_findStopStatus                     
0002396d  hal_init_fsm                                     
00023ad5  xQueueReceiveFromISR                             
000244f1  ClockP_start                                     
00024641  Power_sleep                                      
00024b81  ClockP_stop                                      
000250e9  vTaskPriorityDisinheritAfterTimeout              
00025151  xTaskCheckForTimeOut                             
0002574d  xTaskCreate                                      
00025cc3  vApplicationStackOverflowHook                    
00025cc5  RCL_IEEE_updateRxAction                          
00025f05  xQueueGiveFromISR                                
00025f65  xTaskPriorityDisinherit                          
00026381  ClockP_walkQueueDynamic                          
00026885  LRF_setRxFifoEffSz                               
000268dd  __clzsi2                                         
00026e5d  __aeabi_idiv                                     
00026e5d  __aeabi_idivmod                                  
00026eb3  xQueueGenericCreate                              
00026fb5  LRF_readRxFifoWords                              
00027009  RCL_Command_pend                                 
00027105  RCL_IEEE_updateTxPower                           
00027159  RCL_Scheduler_setStartStopTimeEarliestStart      
000272fd  hal_check_clear_timer_compare                    
000273f9  vQueueWaitForMessageRestricted                   
00027935  Power_releaseDependency                          
00027985  Power_setDependency                              
000279d5  RCL_Scheduler_setCustomStartStopTimeEarliestStart
00027bb5  xTaskCreateStatic                                
000280a9  LRFDApplyClockDependencies                       
000280f5  LRF_programTemperatureCompensatedTxPower         
00028141  LRF_writeTxFifoWords                             
000281d9  RCL_open                                         
000282bd  __aeabi_errno_addr                               
00028569  realloc                                          
00028601  vPortFree                                        
00028a75  LRF_loadImage                                    
00028abf  calloc                                           
00028b55  ClockP_construct                                 
00028c2d  PowerLPF3_getHfxtAmpAdjustment                   
00028c75  RCL_Scheduler_postEvent                          
00028cbd  Temperature_registerNotifyRange                  
00028ddd  localProgramStart                                
00028f45  xTimerCreateTimerTask                            
0002952d  pthread_exit                                     
000295b9  RCL_MultiBuffer_getBuffer                        
000298a5  LRF_initializeMaxRssi                            
00029ca5  RCL_Command_submit                               
00029ce5  SemaphoreP_construct                             
00029d25  __aeabi_uidiv                                    
00029d25  __aeabi_uidivmod                                 
0002a161  PowerLPF3_selectLFXT                             
0002a19d  RCL_init                                         
0002a1d9  RCL_openPowerNotifications                       
0002a28d  SemaphoreP_pend                                  
0002a3b9  eTaskConfirmSleepModeStatus                      
0002a4a9  vTaskPlaceOnEventListRestricted                  
0002a4e5  vTaskStepTick                                    
0002a869  __TI_auto_init_nobinit_nopinit                   
0002a8a5  __muldsi3                                        
0002a9fd  LRF_imagesNeedUpdate                             
0002aa35  LRF_programTxPower                               
0002aa6d  LRF_updateTemperatureCompensation                
0002aadd  RCL_closePowerNotifications                      
0002ab15  SemaphoreP_create                                
0002ab4d  Temperature_getTemperature                       
0002ac9d  malloc                                           
0002b01b  RCL_TxBuffer_init                                
0002b051  xQueueGenericCreateStatic                        
0002b129  HwiP_disable                                     
0002b191  PowerCC23X0_notify                               
0002b1c5  RCL_MultiBuffer_init                             
0002b305  vTaskSetApplicationTaskTag                       
0002b339  xTaskGetApplicationTaskTag                       
0002b711  HwiP_dispatch                                    
0002b741  LRF_enable                                       
0002b7d1  LRF_peekRxFifo                                   
0002b831  Power_getDependencyCount                         
0002b861  Power_releaseConstraint                          
0002b891  RCL_close                                        
0002b9e1  hal_setup_setup_time                             
0002bcaf  vListInsert                                      
0002bd09  LRF_disable                                      
0002bd35  LRF_enableTemperatureMonitoring                  
0002bd61  LRF_prepareRxFifo                                
0002bde5  PowerLPF3_isLfincFilterAllowingStandby           
0002be11  Power_setConstraint                              
0002be69  RCL_submitHook                                   
0002be95  Temperature_unregisterNotify                     
0002c259  xQueueCreateCountingSemaphoreStatic              
0002c2d5  ClockP_usleep                                    
0002c2fd  HwiP_restore                                     
0002c3c5  Power_registerNotify                             
0002c48d  hal_setup_start_time                             
0002c4b5  hal_setup_sync_found_cap                         
0002ca49  LRF_enableSynthRefsys                            
0002ca91  LRF_getRawTxPower                                
0002cad9  List_get                                         
0002cb21  RCL_MultiBuffer_findAvailableRxSpace             
0002cb45  __aeabi_lmul                                     
0002cb45  __muldi3                                         
0002cc1d  hal_set_temperature_notification                 
0002ccd1  xQueueCreateCountingSemaphore                    
0002cfe9  List_remove                                      
0002d00b  SemaphoreP_constructBinary                       
0002d17d  LRF_prepareTxFifo                                
0002d19d  List_put                                         
0002d1bd  PowerLPF3_adjustHfxtAmp                          
0002d1fd  SemaphoreP_post                                  
0002d27d  hal_cancel_graceful_stop_time                    
0002d29d  hal_power_open                                   
0002d2bd  hal_setup_hard_stop_time                         
0002d33d  uxListRemove                                     
0002d697  SemaphoreP_createBinary                          
0002d6b5  __aeabi_llsl                                     
0002d6b5  __ashldi3                                        
0002d6d5  LRFDReleaseClockDependency                       
0002d6f1  LRFDSetClockDependency                           
0002d78d  PTLS_taskDeleteHook                              
0002d819  hal_power_release_swtcxo_update_constraint       
0002d8c1  vTaskPlaceOnEventList                            
0002db45  _c_int00                                         
0002dc7f  hal_clear_rcl_clock_enable                       
0002dcb3  hal_set_rcl_clock_enable                         
0002dd95  HwiP_setPriority                                 
0002dedd  RCL_MultiBuffer_put                              
0002def5  RCL_Scheduler_delta                              
0002df0d  RCL_Scheduler_setNewStartAbsTime                 
0002df25  RCL_readRssi                                     
0002df85  hal_power_close                                  
0002df9d  hal_setup_graceful_stop_time                     
0002dfcd  pvTaskIncrementMutexHeldCount                    
0002e34d  vListInsertEnd                                   
0002e3e5  ClockP_destruct                                  
0002e40d  LRF_disableSynthRefsys                           
0002e421  LRF_disableTemperatureMonitoring                 
0002e435  LRF_enableCoexGrant                              
0002e601  Power_getConstraintCount                         
0002e615  RCL_MultiBuffer_RxEntry_isEmpty                  
0002e665  __aeabi_uldivmod                                 
0002e6c9  hal_enable_hard_stop_time_irq                    
0002e6dd  hal_enable_setup_time_irq                        
0002e6f1  hal_get_command_ifg_reg                          
0002e921  List_clearList                                   
0002ea41  vQueueDelete                                     
0002ea65  TI_memcpy_small                                  
0002ea77  __TI_decompress_none                             
0002eaa9  ClockP_setFunc                                   
0002eac9  HwiP_Params_init                                 
0002ead9  HwiP_setFunc                                     
0002eae9  LRF_deassertCoexRequest                          
0002eaf9  LRF_rclDisableRadioClocks                        
0002eb09  LRF_rclEnableRadioClocks                         
0002eb19  LRF_waitForTopsmReady                            
0002ec39  PowerLPF3_forceHFXTCompensationUpdate            
0002ec49  Power_unregisterNotify                           
0002ec59  RCL_MultiBuffer_findFirstWritableBuffer          
0002ec69  free                                             
0002ec79  hal_disable_all_command_radio_interrupts         
0002ec89  hal_disable_all_dispatch_radio_interrupts        
0002ec99  hal_disable_command_radio_interrupt              
0002eca9  hal_enable_clk_buffer                            
0002ecb9  hal_enable_command_radio_interrupt               
0002ecc9  hal_get_hfxt_ratio                               
0002ecd9  hal_init_dispatch_radio_interrupts               
0002ece9  hal_stop_temperature_notification                
0002ecf9  pthread_self                                     
0002ed09  resetISR                                         
0002ee19  __TI_zero_init                                   
0002f0b5  RCL_Scheduler_setNewStartNow                     
0002f0c5  __aeabi_memset                                   
0002f0c5  __aeabi_memset4                                  
0002f0c5  __aeabi_memset8                                  
0002f0fd  TI_memset_small                                  
0002f10d  LRF_readMaxRssi                                  
0002f119  LRF_readRssi                                     
0002f219  RCL_clearNextCommandHook                         
0002f225  RCL_getNextCommandHook                           
0002f231  RCL_policyHook                                   
0002f23d  __aeabi_memclr                                   
0002f23d  __aeabi_memclr4                                  
0002f23d  __aeabi_memclr8                                  
0002f261  hal_clear_command_radio_interrupt                
0002f26d  hal_get_current_time                             
0002f279  hal_get_dispatch_ifg_reg                         
0002f5ef  RCL_Command_stop                                 
0002f5f9  RCL_Scheduler_cancelSchedStopTime                
0002f603  RCL_Scheduler_isLater                            
0002f60d  RCL_Scheduler_setSchedStopTime                   
0002f617  hal_power_release_standby_constraint             
0002f621  hal_power_set_standby_constraint                 
0002f62b  hal_power_set_swtcxo_update_constraint           
0002f63f  hal_trigger_command_fsm                          
0002f649  hal_trigger_dispatch_fsm                         
0002f653  hal_trigger_scheduler_fsm                        
0002f699  HwiP_post                                        
0002f9b1  RCL_MultiBuffer_clear                            
0002f9b9  SemaphoreP_Params_init                           
0002f9c1  __aeabi_memcpy                                   
0002f9c1  __aeabi_memcpy4                                  
0002f9c1  __aeabi_memcpy8                                  
0002f9d1  aligned_alloc                                    
0002f9e1  hal_cancel_hard_stop_time                        
0002f9e9  hal_cancel_start_time                            
0002f9f1  hal_get_temperature                              
0002f9f9  hal_temperature_init                             
0002fa47  LRF_initSettingsState                            
0002fc3b  hal_get_hfxt_ratio_default                       
0002fc47  abort                                            
0002fc4d  Exception_handlerSpin                            
0002fc50  C$$EXIT                                          
000335c0  LRF_txPowerTable                                 
00033740  LRF_swConfig                                     
00033758  LRF_swConfigAdcNoise                             
000337e8  LRF_config                                       
000337f8  LRF_configAdcNoise                               
00033826  rclFeatureControl                                
0003384c  lrfCoexConfiguration                             
000338b3  sysTimerResolutionShift                          
000338b8  TimestampP_nativeFormat32                        
000338bc  TimestampP_nativeFormat64                        
000338c0  swParamListSz                                    
000338c4  uxTopUsedPriority                                
00033a0c  __TI_Handler_Table_Base                          
00033a18  __TI_Handler_Table_Limit                         
00033a30  __TI_CINIT_Base                                  
00033a50  __TI_CINIT_Limit                                 
00033a50  __TI_CINIT_Warm                                  
20000000  __start___llvm_prf_bits                          
20000000  __start___llvm_prf_cnts                          
20000000  __stop___llvm_prf_bits                           
20000000  __stop___llvm_prf_cnts                           
20004098  rclSchedulerState                                
200040fc  clockHwi                                         
2000412c  swParamList                                      
20004158  rclState                                         
20004165  adcNoiseHandlerState                             
20005998  __TI_cleanup_ptr                                 
2000599c  __TI_dtors_ptr                                   
20005a10  HwiP_swiPIntNum                                  
20005f3a  rclTemperatureThreshold                          
20005fe4  halSchedFsmCb                                    
20005fe8  halDispatchFsmCb                                 
20005fec  halCommandFsmCb                                  
20005ff0  fXtalInv                                         
20006024  pxCurrentTCB                                     
20006036  channel2usage                                    
2000603e  rclPbeGpoMask                                    
2000fc00  __stack                                          
20010000  __STACK_END                                      
4e020000  ccfg                                             
4e020000  ti_utils_build_GenMap_sym_CRC_CCFG_BOOT_CFG_begin
4e02000b  ti_utils_build_GenMap_sym_CRC_CCFG_BOOT_CFG_end  
4e020010  ti_utils_build_GenMap_sym_CRC_CCFG_begin         
4e02074b  ti_utils_build_GenMap_sym_CRC_CCFG_end           
4e0207d0  ti_utils_build_GenMap_sym_CRC_CCFG_DEBUG_begin   
4e0207fb  ti_utils_build_GenMap_sym_CRC_CCFG_DEBUG_end     
90000000  TimestampP_nativeFormat64_copy                   
90000004  TimestampP_nativeFormat32_copy                   
ffffffff  __TI_pprof_out_hndl                              
ffffffff  __TI_prof_data_size                              
ffffffff  __TI_prof_data_start                             
ffffffff  __binit__                                        
ffffffff  binit                                            
UNDEFED   RCL_Debug_assertProxy                            
UNDEFED   RCL_Profiling_eventHook                          
UNDEFED   __mpu_init                                       
UNDEFED   _system_post_cinit                               

[324 symbols]
