******************************************************************************
            TI ARM Clang Linker PC v4.0.3                      
******************************************************************************
>> Linked Wed Jun 18 08:46:08 2025

OUTPUT FILE NAME:   <onoff_light_LP_EM_CC2340R53_freertos_ticlang.out>
ENTRY POINT SYMBOL: "resetISR"  address: 00042971


MEMORY CONFIGURATION

         name            origin    length      used     unused   attr    fill
----------------------  --------  ---------  --------  --------  ----  --------
  FLASH                 00000000   0007f000  00048642  000369be  R  X
  NVRAM                 0007f000   00001000  00001000  00000000  R  X
  SRAM                  20000000   00010000  000078f3  0000870d  RW X
  S2RRAM                40098000   00001000  00000000  00001000  RW  
  CCFG                  4e020000   00000800  00000800  00000000  R   
  LOG_DATA              90000000   00040000  00000000  00040000  R   
  LOG_PTR               94000008   00040000  00000000  00040000  R   


SEGMENT ALLOCATION MAP

run origin  load origin   length   init length attrs members
----------  ----------- ---------- ----------- ----- -------
00000000    00000000    00044718   00044718    r-x
  00000000    00000000    0000008c   0000008c    r-- .resetVecs
  00000090    00000090    00044688   00044688    r-x .text
00044720    00044720    00003f30   00003f30    r--
  00044720    00044720    00003cda   00003cda    r-- .rodata
  000483fc    000483fc    00000254   00000254    r-- .cinit
0007f000    0007f000    00001000   00000000    rw-
  0007f000    0007f000    00001000   00000000    rw- .TI.bound:flashBuf0
20000400    20000400    00000020   00000000    rw-
  20000400    20000400    00000010   00000000    rw- .TI.bound:dmaChannel0ControlTableEntry
  20000410    20000410    00000010   00000000    rw- .TI.bound:dmaChannel1ControlTableEntry
20000440    20000440    00000020   00000000    rw-
  20000440    20000440    00000010   00000000    rw- .TI.bound:dmaChannel4ControlTableEntry
  20000450    20000450    00000010   00000000    rw- .TI.bound:dmaChannel5ControlTableEntry
20000460    20000460    0000742e   00000000    rw-
  20000460    20000460    000045f9   00000000    rw- .bss
  20004a60    20004a60    00002e2e   00000000    rw- .data
2000fc00    2000fc00    00000400   00000000    rw-
  2000fc00    2000fc00    00000400   00000000    rw- .stack
4e020000    4e020000    00000800   00000800    r--
  4e020000    4e020000    00000800   00000800    r-- .ccfg


SECTION ALLOCATION MAP

 output                                  attributes/
section   page    origin      length       input sections
--------  ----  ----------  ----------   ----------------
.resetVecs 
*          0    00000000    0000008c     
                  00000000    0000008c     ti_freertos_config.o (.resetVecs)

.binit     0    00000000    00000000     

.text      0    00000090    00044688     
                  00000090    00003be8     zb_zdo_zc_zr.a : zboss_r23_zdo_zdo_rx.obj (.text.zb_zdo_data_indication)
                  00003c78    00001e68     zb_coordinator_router_roles.a : zboss_r23_common_zb_nvram.obj (.text.zb_nvram_load)
                  00005ae0    000018f0     ti_f3_main.o (.text.main_task_function)
                  000073d0    000012a0     zb_coordinator_router_roles.a : zboss_r23_nwk_nwk_main.obj (.text.nwk_frame_indication)
                  00008670    000010fc     rcl_cc23x0r5.a : ieee.c.obj (.text.RCL_Handler_Ieee_RxTx)
                  0000976c    00000fc0     zb_coordinator_router_roles.a : zboss_r23_aps_aps_main.obj (.text.zb_nlde_data_indication_continue)
                  0000a72c    00000fa4     {48AB0887-4D54-4A03-8255-7E90B84FC879} (.text.write_dataset_body_by_type)
                  0000b6d0    00000f40     zb_coordinator_router_roles.a : zboss_r23_nwk_nwk_main.obj (.text.zb_mcps_data_indication_process_nwk)
                  0000c610    000009ac     {48AB0887-4D54-4A03-8255-7E90B84FC879} (.text.ep_process_zcl_cmd)
                  0000cfbc    00000914     zb_coordinator_router_roles.a : zboss_r23_mac_mac.obj (.text.zb_mac_logic_iteration)
                  0000d8d0    000008f8     {48AB0887-4D54-4A03-8255-7E90B84FC879} (.text.zgp_specific_cluster_cmd_handler)
                  0000e1c8    00000860     zb_coordinator_router_roles.a : zboss_r23_nwk_nwk_main.obj (.text.zb_nwk_handle_mcps_data_confirm)
                  0000ea28    00000808     {48AB0887-4D54-4A03-8255-7E90B84FC879} (.text:__TI_printfi)
                  0000f230    000007c8     zb_coordinator_router_roles.a : zboss_r23_zgp_zgp_stub.obj (.text.zb_gp_mcps_data_indication)
                  0000f9f8    00000764     zb_cluster_zc_zr.a : zboss_r23_zcl_zcl_scenes.obj (.text.zb_zcl_process_scenes_specific_commands_cli)
                  0001015c    000006c4     zb_coordinator_router_roles.a : zboss_r23_nwk_nwk_discovery.obj (.text.zb_mlme_beacon_notify_indication)
                  00010820    0000061c     {48AB0887-4D54-4A03-8255-7E90B84FC879} (.text.zb_apsde_data_request_main)
                  00010e3c    000005f4     zb_coordinator_router_roles.a : zboss_r23_zgp_zgp_stub.obj (.text.zb_zgp_try_bidir_tx)
                  00011430    00000554                                   : zboss_r23_nwk_nwk_main.obj (.text.zb_nwk_forward)
                  00011984    00000534     {48AB0887-4D54-4A03-8255-7E90B84FC879} (.text.zb_sw_crypto_scalarmult)
                  00011eb8    000004b0     {48AB0887-4D54-4A03-8255-7E90B84FC879} (.text.done_with_frag_tx_ack)
                  00012368    00000434     zb_zdo_zc_zr.a : zboss_r23_zdo_af_rx.obj (.text.zb_apsde_data_acknowledged)
                  0001279c    00000430                    : zboss_r23_zdo_zdo_app.obj (.text.zb_aps_command_confirm)
                  00012bcc    00000420     zb_coordinator_router_roles.a : zboss_r23_nwk_nwk_discovery.obj (.text.zb_mlme_scan_confirm)
                  00012fec    00000410                                   : zboss_r23_nwk_nwk_join.obj (.text.zb_nlme_rejoin_response)
                  000133fc    00000408     zb_ti_platform_zc_zr.a : mac_ti_f3_mac.obj (.text.rfCallback)
                  00013804    000003cc     zb_coordinator_router_roles.a : zboss_r23_aps_aps_main.obj (.text.zb_apsde_data_request)
                  00013bd0    000003b4                                   : zboss_r23_nwk_nwk_cr_mesh_routing.obj (.text.zb_nwk_mesh_rreq_handler)
                  00013f84    000003b0     {48AB0887-4D54-4A03-8255-7E90B84FC879} (.text.nwk_formation_select_channel)
                  00014334    000003b0     {48AB0887-4D54-4A03-8255-7E90B84FC879} (.text.zb_zcl_read_attr_handler_continue)
                  000146e4    000003b0     zb_cluster_zc_zr.a : zboss_r23_zcl_zcl_reporting.obj (.text.zb_zcl_report_attr)
                  00014a94    00000374     zb_coordinator_router_roles.a : zboss_r23_secur_zdo_secur.obj (.text.zb_apsme_transport_key_indication)
                  00014e08    00000374     zb_cluster_zc_zr.a : zboss_r23_zcl_zcl_general_commands.obj (.text.zb_zcl_write_attr_handler)
                  0001517c    00000368     zb_coordinator_router_roles.a : zboss_r23_secur_zdo_secur.obj (.text.zb_authenticate_dev)
                  000154e4    00000364     {48AB0887-4D54-4A03-8255-7E90B84FC879} (.text.zb_zdo_common_response_handler)
                  00015848    00000360     {48AB0887-4D54-4A03-8255-7E90B84FC879} (.text.zb_nwk_accept_child)
                  00015ba8    00000358     zb_coordinator_router_roles.a : zboss_r23_mac_mac_pib.obj (.text.zb_mlme_set_request_sync)
                  00015f00    00000338                                   : zboss_r23_secur_aps_secur.obj (.text.zb_aps_unsecure_frame)
                  00016238    0000031c                                   : zboss_r23_aps_aps_main.obj (.text.zb_nlde_data_confirm)
                  00016554    00000300     zb_zdo_zc_zr.a : zboss_r23_zdo_zdo_bind_manage.obj (.text.zb_zdo_bind_unbind_res)
                  00016854    000002fc     {48AB0887-4D54-4A03-8255-7E90B84FC879} (.text.bdb_handle_comm_signal)
                  00016b50    000002fc     zb_coordinator_router_roles.a : zboss_r23_secur_apsme_secur.obj (.text.zb_aps_in_transport_key)
                  00016e4c    000002f4     rcl_cc23x0r5.a : LRFCC23X0.c.obj (.text.LRF_temperatureCompensateTrim)
                  00017140    000002d4     zb_coordinator_router_roles.a : zboss_r23_aps_aps_main.obj (.text.zb_nlde_data_indication)
                  00017414    000002c8     rcl_cc23x0r5.a : LRF.c.obj (.text.LRF_applySettings)
                  000176dc    000002c8     {48AB0887-4D54-4A03-8255-7E90B84FC879} (.text.UART2LPF3_hwiIntFxn)
                  000179a4    000002b4     secure_drivers_cc23x0r5.a : AESCMACLPF3.c.obj (.text.AESCMAC_oneStepSign)
                  00017c58    000002b0     {48AB0887-4D54-4A03-8255-7E90B84FC879} (.text.bdb_network_steering_machine)
                  00017f08    000002ac     zb_coordinator_router_roles.a : zboss_r23_aps_aps_bind.obj (.text.zb_apsme_bind_request)
                  000181b4    000002a4     rcl_cc23x0r5.a : LRFCC23X0.c.obj (.text.LRF_programFrequency)
                  00018458    000002a4     {48AB0887-4D54-4A03-8255-7E90B84FC879} (.text.bdb_rejoin_machine)
                  000186fc    0000029c     on_off_light.o (.text.zboss_signal_handler)
                  00018998    00000298     {48AB0887-4D54-4A03-8255-7E90B84FC879} (.text.zdo_ed_scan_completed_channel_manager)
                  00018c30    00000294     {48AB0887-4D54-4A03-8255-7E90B84FC879} (.text.aps_ack_send_handle)
                  00018ec4    00000294     zb_coordinator_router_roles.a : zboss_r23_common_zb_scheduler.obj (.text.zb_schedule_alarm)
                  00019158    00000294     {48AB0887-4D54-4A03-8255-7E90B84FC879} (.text.zb_zcl_finish_and_send_packet_common)
                  000193ec    00000280     zb_ti_platform_zc_zr.a : mac_ti_f3_mac.obj (.text.mac_ti23xx_radio_init)
                  0001966c    00000280     {48AB0887-4D54-4A03-8255-7E90B84FC879} (.text.zb_nvram_get_length_dataset)
                  000198ec    00000280     {48AB0887-4D54-4A03-8255-7E90B84FC879} (.text.zgp_proxy_entry_update)
                  00019b6c    0000027c     zb_coordinator_router_roles.a : zboss_r23_secur_aps_secur.obj (.text.zb_aps_secure_frame)
                  00019de8    0000027c                                   : zboss_r23_secur_secur_formation.obj (.text.zb_apsme_transport_key_request)
                  0001a064    00000274                                   : zboss_r23_secur_zdo_secur.obj (.text.zb_zdo_secur_ecdhe_key_generate)
                  0001a2d8    00000270     {48AB0887-4D54-4A03-8255-7E90B84FC879} (.text.process_binding_for_respondent)
                  0001a548    00000270     zb_zdo_zc_zr.a : zboss_r23_zdo_zdo_app_join.obj (.text.zb_nlme_network_discovery_confirm)
                  0001a7b8    00000254     zb_coordinator_router_roles.a : zboss_r23_common_zb_address.obj (.text.zb_address_update)
                  0001aa0c    00000250                                   : zboss_r23_aps_aps_main.obj (.text.zb_aps_ack_timer_cb)
                  0001ac5c    0000023c     rcl_cc23x0r5.a : ieee.c.obj (.text.RCL_Handler_Ieee_processRxAction)
                  0001ae98    00000234     {48AB0887-4D54-4A03-8255-7E90B84FC879} (.text.zb_nvram_migrate_current_page)
                  0001b0cc    00000234     zb_coordinator_router_roles.a : zboss_r23_nwk_nwk_cr_parent.obj (.text.zb_nwk_do_update_beacon_payload)
                  0001b300    00000234     {48AB0887-4D54-4A03-8255-7E90B84FC879} (.text.zgp_proxy_send_gp_notification)
                  0001b534    00000230     {48AB0887-4D54-4A03-8255-7E90B84FC879} (.text.done_with_this_ack)
                  0001b764    00000230     zb_coordinator_router_roles.a : zboss_r23_nwk_nwk_join.obj (.text.zb_mlme_associate_confirm)
                  0001b994    00000230                                   : zboss_r23_nwk_nwk_nlme.obj (.text.zb_nlme_leave_request)
                  0001bbc4    0000022c     {48AB0887-4D54-4A03-8255-7E90B84FC879} (.text.zcl_write_attr_post_process)
                  0001bdf0    00000224     zb_coordinator_router_roles.a : zboss_r23_mac_mac_scan.obj (.text.zb_mlme_scan_step)
                  0001c014    00000224                                   : zboss_r23_nwk_nwk_broadcasting.obj (.text.zb_nwk_broadcasting_transmit)
                  0001c238    00000218     {48AB0887-4D54-4A03-8255-7E90B84FC879} (.text.convert_beacon_to_exneighbor)
                  0001c450    00000214     {48AB0887-4D54-4A03-8255-7E90B84FC879} (.text._pconv_a)
                  0001c664    00000214     zb_zdo_zc_zr.a : zboss_r23_zdo_zdo_wwah_survey_beacons.obj (.text.zb_nlme_beacon_survey_scan_confirm)
                  0001c878    00000214     {48AB0887-4D54-4A03-8255-7E90B84FC879} (.text.zb_process_bind_trans)
                  0001ca8c    00000210     {48AB0887-4D54-4A03-8255-7E90B84FC879} (.text.sendTx)
                  0001cc9c    00000210     zb_coordinator_router_roles.a : zboss_r23_secur_apsme_secur.obj (.text.zb_aps_in_confirm_key)
                  0001ceac    0000020c     rcl_cc23x0r5.a : adc_noise.c.obj (.text.RCL_Handler_ADC_Noise_getNoise)
                  0001d0b8    00000208     zb_coordinator_router_roles.a : zboss_r23_commissioning_bdb_zdo_commissioning_bdb.obj (.text.bdb_commissioning_machine)
                  0001d2c0    00000204                                   : zboss_r23_nwk_nwk_join.obj (.text.zb_nlme_join_request)
                  0001d4c4    00000200                                   : zboss_r23_nwk_nwk_join.obj (.text.nwk_choose_parent)
                  0001d6c4    00000200     rcl_cc23x0r5.a : RCL.c.obj (.text.rclCommandHwi)
                  0001d8c4    00000200     {48AB0887-4D54-4A03-8255-7E90B84FC879} (.text.zb_aps_out_frag_schedule_send_next_block)
                  0001dac4    000001f8     zb_zdo_zc_zr.a : zboss_r23_zdo_zdo_app.obj (.text.zb_apsde_data_confirm)
                  0001dcbc    000001f4     {48AB0887-4D54-4A03-8255-7E90B84FC879} (.text.nwk_association_join)
                  0001deb0    000001f4     {48AB0887-4D54-4A03-8255-7E90B84FC879} (.text.zb_aps_unsecure_frame_bykey)
                  0001e0a4    000001f4     zb_cluster_zc_zr.a : zboss_r23_zcl_zcl_reporting.obj (.text.zb_zcl_mark_attr_for_reporting_manuf)
                  0001e298    000001f0     {48AB0887-4D54-4A03-8255-7E90B84FC879} (.text.find_datasets_on_page)
                  0001e488    000001ec     rcl_cc23x0r5.a : LRFCC23X0.c.obj (.text.LRF_setupRadio)
                  0001e674    000001ec     {48AB0887-4D54-4A03-8255-7E90B84FC879} (.text.UART2_write)
                  0001e860    000001ec     zb_coordinator_router_roles.a : zboss_r23_nwk_nwk_main.obj (.text.zb_nwk_do_leave)
                  0001ea4c    000001e0     {48AB0887-4D54-4A03-8255-7E90B84FC879} (.text.zb_zcl_scenes_process_add_scene_command)
                  0001ec2c    000001dc     zb_coordinator_router_roles.a : zboss_r23_zgp_zgp_cluster_gp.obj (.text.zgp_proxy_handle_gp_response)
                  0001ee08    000001d8                                   : zboss_r23_mac_mac.obj (.text.zb_mac_send_frame)
                  0001efe0    000001d4     {48AB0887-4D54-4A03-8255-7E90B84FC879} (.text.addr_add)
                  0001f1b4    000001d0     secure_drivers_cc23x0r5.a : AESCTRLPF3.c.obj (.text.AESCTR_oneStepEncrypt)
                  0001f384    000001d0     {48AB0887-4D54-4A03-8255-7E90B84FC879} (.text._pconv_g)
                  0001f554    000001d0     zb_coordinator_router_roles.a : zboss_r23_nwk_nwk_link_status.obj (.text.zb_nwk_send_link_status_command)
                  0001f724    000001cc                                   : zboss_r23_secur_apsme_secur.obj (.text.zb_aps_in_relay)
                  0001f8f0    000001cc                                   : zboss_r23_zgp_zgp_stub.obj (.text.zb_gp_data_req)
                  0001fabc    000001cc     {48AB0887-4D54-4A03-8255-7E90B84FC879} (.text.zb_zcl_disc_attr_handler)
                  0001fc88    000001c8     {48AB0887-4D54-4A03-8255-7E90B84FC879} (.text.zb_nlme_rejoin_resp_sent_cont)
                  0001fe50    000001c0     {48AB0887-4D54-4A03-8255-7E90B84FC879} (.text.nwk_alloc_and_fill_hdr_int)
                  00020010    000001b8     rcl_cc23x0r5.a : ieee.c.obj (.text.RCL_Handler_Ieee_updateSrcMatchTableShort)
                  000201c8    000001b8     zb_coordinator_router_roles.a : zboss_r23_mac_mac_pib.obj (.text.zb_mlme_get_request)
                  00020380    000001b8                                   : zboss_r23_secur_zdo_secur.obj (.text.zb_secur_update_key_pair_ex)
                  00020538    000001b4     zb_ti_platform_zc_zr.a : osif_ti_f3_crypto.obj (.text.hw_aes128)
                  000206ec    000001b4     libc.a : _printfi.c.obj (.text:__TI_printfi)
                  000208a0    000001b0     {48AB0887-4D54-4A03-8255-7E90B84FC879} (.text.nwk_broadcasting_brrt_countdown_alarm)
                  00020a50    000001ac     zb_coordinator_router_roles.a : zboss_r23_mac_mac.obj (.text.zb_mlme_handle_in_command)
                  00020bfc    000001a8                                   : zboss_r23_nwk_nwk_disc_table.obj (.text.zb_nwk_neighbor_ext_to_base)
                  00020da4    000001a8     zb_cluster_zc_zr.a : zboss_r23_zcl_zcl_identify_commands.obj (.text.zb_zcl_process_identify_specific_commands)
                  00020f4c    000001a4     {48AB0887-4D54-4A03-8255-7E90B84FC879} (.text.zgp_proxy_table_entry_over_the_air_transmission)
                  000210f0    000001a0     ti_f3_main.o (.text.main)
                  00021290    000001a0     {48AB0887-4D54-4A03-8255-7E90B84FC879} (.text.zb_aps_send_command_main)
                  00021430    000001a0     zb_zdo_zc_zr.a : zboss_r23_zdo_zdo_app_leave.obj (.text.zb_nlme_leave_indication)
                  000215d0    0000019c     zb_coordinator_router_roles.a : zboss_r23_aps_aps_main.obj (.text.zb_aps_hdr_parse)
                  0002176c    0000019c     zb_cluster_zc_zr.a : zboss_r23_zcl_zcl_s_wwah.obj (.text.zb_zcl_wwah_periodic_checkin_match_desc_req)
                  00021908    00000198     zb_coordinator_router_roles.a : zboss_r23_nwk_nwk_cr_join.obj (.text.zb_mlme_comm_status_indication)
                  00021aa0    00000194     {48AB0887-4D54-4A03-8255-7E90B84FC879} (.text.migrate_curr_page_to_new_version)
                  00021c34    00000194     zb_coordinator_router_roles.a : zboss_r23_secur_zdo_secur.obj (.text.zb_apsme_request_key_indication)
                  00021dc8    00000194     zb_cluster_zc_zr.a : zboss_r23_zcl_zcl_common.obj (.text.zb_zcl_process_device_command)
                  00021f5c    00000192     libclang_rt.builtins.a : adddf3.S.obj (.text.adddf3_subdf3)
                  000220ee    00000002     rcl_cc23x0r5.a : RCL_Gpio.c.obj (.text.RCL_GPIO_disable)
                  000220f0    00000190     zb_coordinator_router_roles.a : zboss_r23_secur_nwk_secur.obj (.text.zb_nwk_secure_frame)
                  00022280    0000018c     ti_freertos_config.o (.text.xQueueSemaphoreTake)
                  0002240c    0000018c     zb_cluster_zc_zr.a : zboss_r23_zcl_zcl_general_commands.obj (.text.zb_zcl_discover_commands_res)
                  00022598    00000184     zb_coordinator_router_roles.a : zboss_r23_mac_mac_scan.obj (.text.zb_mlme_scan_request)
                  0002271c    00000184                                   : zboss_r23_nwk_nwk_cr_mesh_routing.obj (.text.zb_nwk_mesh_route_discovery)
                  000228a0    00000180                                   : zboss_r23_nwk_nwk_nlme.obj (.text.zb_nwk_load_pib_stm)
                  00022a20    0000017c     {48AB0887-4D54-4A03-8255-7E90B84FC879} (.text.mlme_get_mac_diag_info)
                  00022b9c    00000170     zb_coordinator_router_roles.a : zboss_r23_mac_mac_scan.obj (.text.zb_mac_send_enhanced_beacon_request_command)
                  00022d0c    00000170     {48AB0887-4D54-4A03-8255-7E90B84FC879} (.text.zdo_get_mac_diag_info_cb)
                  00022e7c    0000016c     zb_coordinator_router_roles.a : zboss_r23_mac_mac_data.obj (.text.zb_mcps_data_request)
                  00022fe8    0000016c     {48AB0887-4D54-4A03-8255-7E90B84FC879} (.text.zb_zcl_scenes_process_view_scene_command)
                  00023154    00000164     zb_zdo_zc_zr.a : zboss_r23_zdo_zdo_app_leave.obj (.text.zb_nlme_leave_confirm)
                  000232b8    00000164                    : zboss_r23_zdo_zdo_poll.obj (.text.zb_nlme_sync_confirm)
                  0002341c    00000164     zb_coordinator_router_roles.a : zboss_r23_nwk_nwk_link_status.obj (.text.zb_nwk_add_age_neighbor_alarm)
                  00023580    00000160                                   : zboss_r23_zgp_zgp_stub.obj (.text.zgp_key_recovery)
                  000236e0    00000150     {48AB0887-4D54-4A03-8255-7E90B84FC879} (.text.prvTimerTask)
                  00023830    0000014c     {48AB0887-4D54-4A03-8255-7E90B84FC879} (.text.RNGLPF3RF_generateEntropy)
                  0002397c    00000148     zb_zdo_zc_zr.a : zboss_r23_zdo_zdo_tlv_mgmt.obj (.text.zb_zdo_encapsulation_process_tlv)
                  00023ac4    00000144     {48AB0887-4D54-4A03-8255-7E90B84FC879} (.text.UART2LPF3_initHw)
                  00023c08    00000144     {48AB0887-4D54-4A03-8255-7E90B84FC879} (.text.nwk_broadcasting_unicast_transmission)
                  00023d4c    00000144     zb_coordinator_router_roles.a : zboss_r23_aps_aps_main.obj (.text.zb_aps_clear_after_leave)
                  00023e90    00000144                                   : zboss_r23_commissioning_bdb_bdb_finding_binding.obj (.text.zb_bdb_process_identify_query_res)
                  00023fd4    00000144                                   : zboss_r23_nwk_nwk_cr_join.obj (.text.zb_nlme_rejoin_request_handler)
                  00024118    00000144     {48AB0887-4D54-4A03-8255-7E90B84FC879} (.text.zb_zgp_cluster_gp_comm_notification_req)
                  0002425c    00000140     drivers_cc23x0r5.a : NVSLPF3.c.obj (.text.NVSLPF3_write)
                  0002439c    00000140     zb_coordinator_router_roles.a : zboss_r23_commissioning_bdb_zdo_commissioning_bdb.obj (.text.bdb_initialization_procedure)
                  000244dc    00000140     rcl_cc23x0r5.a : RCL.c.obj (.text.rclStop)
                  0002461c    00000140     ti_freertos_config.o (.text.xQueueGenericSend)
                  0002475c    0000013c     {48AB0887-4D54-4A03-8255-7E90B84FC879} (.text.process_ed_timeout_resp)
                  00024898    0000013c     zb_coordinator_router_roles.a : zboss_r23_mac_mac.obj (.text.zb_mac_change_channel)
                  000249d4    00000138     {48AB0887-4D54-4A03-8255-7E90B84FC879} (.text.add_rev_route)
                  00024b0c    00000138     rcl_cc23x0r5.a : RCL_Scheduler.c.obj (.text.rclSchedulerProcessCmdStartStopTime)
                  00024c44    00000138     zb_zdo_zc_zr.a : zboss_r23_zdo_af_rx.obj (.text.zb_apsde_data_indication)
                  00024d7c    00000138     zb_coordinator_router_roles.a : zboss_r23_secur_secur_ccm.obj (.text.zb_ccm_auth_trans)
                  00024eb4    00000138     zb_zdo_zc_zr.a : zboss_r23_zdo_zdo_disc_cli.obj (.text.zb_zdo_initiate_nwk_addr_req_2param)
                  00024fec    00000134     {48AB0887-4D54-4A03-8255-7E90B84FC879} (.text.fcvt)
                  00025120    00000134     {48AB0887-4D54-4A03-8255-7E90B84FC879} (.text.prvAddNewTaskToReadyList)
                  00025254    00000134     zb_zdo_zc_zr.a : zboss_r23_zdo_zdo_app.obj (.text.zdo_send_parent_annce)
                  00025388    00000130     {48AB0887-4D54-4A03-8255-7E90B84FC879} (.text.zb_zdo_node_desc_req_2param_cb)
                  000254b8    0000012c     zb_coordinator_router_roles.a : zboss_r23_nwk_nwk_cr_join.obj (.text.zb_mlme_associate_indication)
                  000255e4    0000012c                                   : zboss_r23_nwk_nwk_cr_formation.obj (.text.zb_nlme_network_formation_request)
                  00025710    0000012c     zb_cluster_zc_zr.a : zboss_r23_zcl_zcl_s_wwah.obj (.text.zb_zcl_wwah_periodic_checkin_tc_poll)
                  0002583c    00000128                        : zboss_r23_zcl_zcl_common.obj (.text.zb_zcl_get_attribute_size)
                  00025964    00000128     zb_zdo_zc_zr.a : zboss_r23_zdo_zdo_rx.obj (.text.zdo_parent_annce_handler)
                  00025a8c    00000124     ti_freertos_config.o (.text.PowerCC23X0_standbyPolicy)
                  00025bb0    00000124     rcl_cc23x0r5.a : ieee.c.obj (.text.RCL_IEEE_updateSourceMatchingTableShort)
                  00025cd4    00000124     {48AB0887-4D54-4A03-8255-7E90B84FC879} (.text.zb_nwk_send_router_record_if_needed)
                  00025df8    00000124     {48AB0887-4D54-4A03-8255-7E90B84FC879} (.text.zdo_ed_scan_completed_by_update_request)
                  00025f1c    00000120     zb_zdo_zc_zr.a : zboss_r23_zdo_zdo_commissioning.obj (.text.zdo_commissioning_leave_done)
                  0002603c    0000011c     {48AB0887-4D54-4A03-8255-7E90B84FC879} (.text._pconv_e)
                  00026158    0000011c     {48AB0887-4D54-4A03-8255-7E90B84FC879} (.text.allocate_buffer_unsafe)
                  00026274    0000011c     zb_coordinator_router_roles.a : zboss_r23_aps_aps_main.obj (.text.aps_data_hdr_fill_datareq)
                  00026390    0000011c     ti_freertos_config.o (.text.xQueueReceive)
                  000264ac    0000011c     zb_coordinator_router_roles.a : zboss_r23_commissioning_bdb_bdb_finding_binding.obj (.text.zb_bdb_active_eps_check_cb)
                  000265c8    0000011c                                   : zboss_r23_common_zb_scheduler.obj (.text.zb_schedule_alarm_cancel)
                  000266e4    0000011c     zb_zdo_zc_zr.a : zboss_r23_zdo_zdo_disc_cli.obj (.text.zb_zdo_init_node_desc_req_2param)
                  00026800    00000118     {48AB0887-4D54-4A03-8255-7E90B84FC879} (.text.nwk_formation_ed_scan_confirm)
                  00026918    00000118     zb_coordinator_router_roles.a : zboss_r23_mac_mac_cr_data.obj (.text.zb_accept_data_request_cmd)
                  00026a30    00000118                                   : zboss_r23_nwk_nwk_cr_mesh_routing.obj (.text.zb_nwk_mesh_expiry_pending)
                  00026b48    00000118     zb_cluster_zc_zr.a : zboss_r23_zcl_zcl_door_lock.obj (.text.zb_zcl_process_door_lock_specific_commands_cli)
                  00026c60    00000118     zb_coordinator_router_roles.a : zboss_r23_secur_zdo_secur.obj (.text.zb_zdo_secur_send_challenge_req)
                  00026d78    00000114     {48AB0887-4D54-4A03-8255-7E90B84FC879} (.text.AESCTRDRBG_reseed)
                  00026e8c    00000114     {48AB0887-4D54-4A03-8255-7E90B84FC879} (.text.bdb_initialization_machine)
                  00026fa0    00000114     zb_coordinator_router_roles.a : zboss_r23_secur_zdo_secur.obj (.text.secur_authenticate_child)
                  000270b4    00000114                                   : zboss_r23_nwk_zb_nwk_ed_aging.obj (.text.zb_mcps_poll_indication)
                  000271c8    00000114     zb_zdo_zc_zr.a : zboss_r23_zdo_zdo_commissioning.obj (.text.zdo_commissioning_join_via_scanlist)
                  000272dc    00000110     ti_freertos_config.o (.text.xTaskResumeAll)
                  000273ec    00000110     zb_coordinator_router_roles.a : zboss_r23_nwk_nwk_address_conflict.obj (.text.zb_nwk_is_conflict_addr)
                  000274fc    00000110     {48AB0887-4D54-4A03-8255-7E90B84FC879} (.text.zgp_proxy_send_next_gp_notification)
                  0002760c    0000010c     libclang_rt.builtins.a : divdf3.S.obj (.text.__divdf3)
                  00027718    0000010c     zb_coordinator_router_roles.a : zboss_r23_secur_aps_secur.obj (.text.zb_aps_secure_frame_by_key)
                  00027824    0000010c     {48AB0887-4D54-4A03-8255-7E90B84FC879} (.text.zb_zcl_send_command_short_alias)
                  00027930    00000108     {48AB0887-4D54-4A03-8255-7E90B84FC879} (.text.check_in_handle_check_binding_confirm)
                  00027a38    00000108     zb_coordinator_router_roles.a : zboss_r23_zgp_zgp_cluster_gp.obj (.text.zb_gp_proxy_data_indication)
                  00027b40    00000108                                   : zboss_r23_mac_mac_data.obj (.text.zb_handle_mcps_data_req)
                  00027c48    00000108     {48AB0887-4D54-4A03-8255-7E90B84FC879} (.text.zb_handle_mlme_orphan_response)
                  00027d50    00000108     zb_coordinator_router_roles.a : zboss_r23_secur_zdo_secur.obj (.text.zb_zdo_secur_ecdhe_start)
                  00027e58    00000108     {48AB0887-4D54-4A03-8255-7E90B84FC879} (.text.zdo_mgmt_leave_local)
                  00027f60    00000100     rcl_cc23x0r5.a : RCL.c.obj (.text.rclSchedulerHwi)
                  00028060    00000100     zb_coordinator_router_roles.a : zboss_r23_mac_mac_cr_data.obj (.text.zb_mcps_purge_indirect_queue_request)
                  00028160    000000fc     {48AB0887-4D54-4A03-8255-7E90B84FC879} (.text.aps_in_frag_do_merge_blocks)
                  0002825c    000000fc     ti_freertos_config.o (.text.xTaskIncrementTick)
                  00028358    000000fc     zb_coordinator_router_roles.a : zboss_r23_commissioning_bdb_bdb_finding_binding.obj (.text.zb_bdb_process_ext_addr_resp)
                  00028454    000000fc                                   : zboss_r23_nwk_nwk_main.obj (.text.zb_nwk_forget_device)
                  00028550    000000fc     {48AB0887-4D54-4A03-8255-7E90B84FC879} (.text.zb_zdo_mgmt_permit_joining_req)
                  0002864c    000000f8     {48AB0887-4D54-4A03-8255-7E90B84FC879} (.text.zb_nvram_dataset_data_is_valid)
                  00028744    000000f8     zb_coordinator_router_roles.a : zboss_r23_common_zb_nvram.obj (.text.zb_nvram_write_end)
                  0002883c    000000f8                                   : zboss_r23_secur_ic_secur.obj (.text.zb_secur_ic_get_key_by_address)
                  00028934    000000f8     zb_zdo_zc_zr.a : zboss_r23_zdo_af_descriptor.obj (.text.zb_set_node_descriptor)
                  00028a2c    000000f8     zb_cluster_zc_zr.a : zboss_r23_zcl_zcl_common.obj (.text.zb_zcl_check_attribute_writable)
                  00028b24    000000f6     {48AB0887-4D54-4A03-8255-7E90B84FC879} (.text.encrypt_trans)
                  00028c1a    00000002     rcl_cc23x0r5.a : RCL_Gpio.c.obj (.text.RCL_GPIO_enable)
                  00028c1c    000000f4     zb_coordinator_router_roles.a : zboss_r23_aps_aps_main.obj (.text.zb_apsde_data_request_relay)
                  00028d10    000000f4     zb_ti_platform_zc_zr.a : osif_ti_f3_nvram.obj (.text.zb_osif_nvram_erase_async)
                  00028e04    000000f0     zb_coordinator_router_roles.a : zboss_r23_secur_zdo_secur.obj (.text.zb_apsme_update_device_indication)
                  00028ef4    000000f0     zb_cluster_zc_zr.a : zboss_r23_zcl_zcl_reporting.obj (.text.zb_zcl_reporting_timer_handler)
                  00028fe4    000000f0     {48AB0887-4D54-4A03-8255-7E90B84FC879} (.text.zdo_diagnostics_get_mac_stats_cb)
                  000290d4    000000ec     zb_coordinator_router_roles.a : zboss_r23_aps_aps_main.obj (.text.zb_aps_pass_group_msg_up)
                  000291c0    000000ec                                   : zboss_r23_secur_apsme_secur.obj (.text.zb_apsme_update_device_request)
                  000292ac    000000ec                                   : zboss_r23_nwk_nwk_cr_mesh_routing.obj (.text.zb_nwk_mesh_expiry_route_disc)
                  00029398    000000ec     {48AB0887-4D54-4A03-8255-7E90B84FC879} (.text.zb_run_ed_aging)
                  00029484    000000ec     zb_coordinator_router_roles.a : zboss_r23_secur_zdo_secur.obj (.text.zb_zdo_sec_st_key_neg_rsp_send)
                  00029570    000000e8     on_off_light.o (.text.zcl_specific_cluster_cmd_handler)
                  00029658    000000e4     drivers_cc23x0r5.a : UART2LPF3.c.obj (.text.UART2Support_dmaStartTx)
                  0002973c    000000e4     libclang_rt.builtins.a : muldf3.S.obj (.text.__muldf3)
                  00029820    000000e4     {48AB0887-4D54-4A03-8255-7E90B84FC879} (.text.bdb_restore_saved_rr)
                  00029904    000000e4     zb_coordinator_router_roles.a : zboss_r23_common_zb_address.obj (.text.zb_address_set_pan_id)
                  000299e8    000000e4     {48AB0887-4D54-4A03-8255-7E90B84FC879} (.text.zb_apsme_unbind_all)
                  00029acc    000000e2     {48AB0887-4D54-4A03-8255-7E90B84FC879} (.text.zb_zcl_put_attribute_value)
                  00029bae    00000002     rcl_cc23x0r5.a : RCL.c.obj (.text.RCL_phyHook)
                  00029bb0    000000e0     zb_coordinator_router_roles.a : zboss_r23_commissioning_bdb_zdo_commissioning_bdb.obj (.text.bdb_force_link)
                  00029c90    000000e0     {48AB0887-4D54-4A03-8255-7E90B84FC879} (.text.ed_scan_assemble_result)
                  00029d70    000000e0     zb_coordinator_router_roles.a : zboss_r23_aps_aps_bind.obj (.text.zb_apsme_unbind_by_ref)
                  00029e50    000000e0                                   : zboss_r23_nwk_nwk_main.obj (.text.zb_nlde_data_request)
                  00029f30    000000e0     {48AB0887-4D54-4A03-8255-7E90B84FC879} (.text.zb_zdo_pim_turbo_poll_adaptation)
                  0002a010    000000e0     zb_coordinator_router_roles.a : zboss_r23_secur_zdo_secur.obj (.text.zb_zdo_select_key_neg_method)
                  0002a0f0    000000e0     zb_zdo_zc_zr.a : zboss_r23_zdo_zdo_common.obj (.text.zdo_send_req_by_short)
                  0002a1d0    000000e0     {48AB0887-4D54-4A03-8255-7E90B84FC879} (.text.zgp_proxy_table_response_req)
                  0002a2b0    000000dc     ti_freertos_config.o (.text.pvPortMalloc)
                  0002a38c    000000dc     zb_coordinator_router_roles.a : zboss_r23_nwk_nwk_broadcasting.obj (.text.zb_nwk_broadcasting_clear)
                  0002a468    000000dc                                   : zboss_r23_nwk_nwk_address_conflict.obj (.text.zb_nwk_change_my_child_addr)
                  0002a544    000000dc                                   : zboss_r23_nwk_nwk_neighbor.obj (.text.zb_nwk_neighbor_get)
                  0002a620    000000dc                                   : zboss_r23_nwk_zb_nwk_ed_aging.obj (.text.zb_nwk_restart_aging)
                  0002a6fc    000000dc     {48AB0887-4D54-4A03-8255-7E90B84FC879} (.text.zb_zcl_conform_singleton)
                  0002a7d8    000000d8     libc.a : s_scalbn.c.obj (.text.ldexp)
                  0002a8b0    000000d8     zb_ti_platform_zc_zr.a : mac_ti_f3_mac.obj (.text.mac_ti23xx_trans_set_rx_on_off)
                  0002a988    000000d8     {48AB0887-4D54-4A03-8255-7E90B84FC879} (.text.nvram_read_aps_keypair)
                  0002aa60    000000d8     rcl_cc23x0r5.a : RCL.c.obj (.text.rclDispatchHwi)
                  0002ab38    000000d8     zb_coordinator_router_roles.a : zboss_r23_mac_mac.obj (.text.zb_handle_mlme_poll_request)
                  0002ac10    000000d8     {48AB0887-4D54-4A03-8255-7E90B84FC879} (.text.zb_nwk_source_route_discovery)
                  0002ace8    000000d8     zb_coordinator_router_roles.a : zboss_r23_common_zb_scheduler.obj (.text.zb_schedule_alarm_cancel_compare)
                  0002adc0    000000d8     zb_zdo_zc_zr.a : zboss_r23_zdo_zdo_tlv_mgmt.obj (.text.zb_zdo_upd_key_req_process_tlv)
                  0002ae98    000000d8                    : zboss_r23_zdo_zdo_diagnostics.obj (.text.zdo_diagnostics_inc)
                  0002af70    000000d4     drivers_cc23x0r5.a : PowerCC23X0.c.obj (.text.Power_init)
                  0002b044    000000d4     zb_coordinator_router_roles.a : zboss_r23_nwk_nwk_main.obj (.text.mcps_indication_process_in)
                  0002b118    000000d4                                   : zboss_r23_secur_secur_formation.obj (.text.secur_authenticate_child_directly)
                  0002b1ec    000000d4     {48AB0887-4D54-4A03-8255-7E90B84FC879} (.text.zb_nvram_read_aps_counters)
                  0002b2c0    000000d4     zb_cluster_zc_zr.a : zboss_r23_zcl_zcl_s_wwah.obj (.text.zb_zcl_wwah_send_survey_beacons_response)
                  0002b394    000000d4     zb_zdo_zc_zr.a : zboss_r23_zdo_zdo_commissioning.obj (.text.zdo_commissioning_dev_annce_sent)
                  0002b468    000000d0     ti_freertos_config.o (.text.pthread_create)
                  0002b538    000000d0     {48AB0887-4D54-4A03-8255-7E90B84FC879} (.text.register_zdo_cb)
                  0002b608    000000d0     zb_coordinator_router_roles.a : zboss_r23_aps_aps_main.obj (.text.zb_aps_add_max_trans_size)
                  0002b6d8    000000d0     {48AB0887-4D54-4A03-8255-7E90B84FC879} (.text.zb_check_frag_queue_cleanup_and_send_fail_confirm)
                  0002b7a8    000000d0     zb_coordinator_router_roles.a : zboss_r23_nwk_nwk_join.obj (.text.zb_nlme_rejoin_scan_confirm)
                  0002b878    000000d0                                   : zboss_r23_nwk_nwk_neighbor.obj (.text.zb_nwk_nbt_get_entry_for_substitution)
                  0002b948    000000cc     {48AB0887-4D54-4A03-8255-7E90B84FC879} (.text.PowerCC23X0_oscillatorISR)
                  0002ba14    000000cc     {48AB0887-4D54-4A03-8255-7E90B84FC879} (.text.bdb_key_exchg_node_desc_callback)
                  0002bae0    000000cc     zb_coordinator_router_roles.a : zboss_r23_nwk_nwk_nlme.obj (.text.zb_nlme_reset_request)
                  0002bbac    000000cc                                   : zboss_r23_nwk_nwk_nlme.obj (.text.zb_nlme_sync_request)
                  0002bc78    000000cc     zb_ti_platform_zc_zr.a : osif_ti_f3_crypto.obj (.text.zb_osif_random_hw)
                  0002bd44    000000cc     zb_coordinator_router_roles.a : zboss_r23_mac_mac_common.obj (.text.zb_parse_mhr_ptr)
                  0002be10    000000cc                                   : zboss_r23_secur_zdo_secur.obj (.text.zb_zdo_sec_st_key_neg_req_send)
                  0002bedc    000000cc     {48AB0887-4D54-4A03-8255-7E90B84FC879} (.text.zdo_initiate_rejoin_cont)
                  0002bfa8    000000cc     {48AB0887-4D54-4A03-8255-7E90B84FC879} (.text.zgp_send_cluster_gp_comm_notification_req)
                  0002c074    000000c8     {48AB0887-4D54-4A03-8255-7E90B84FC879} (.text.do_send_leave_frame)
                  0002c13c    000000c8     zb_coordinator_router_roles.a : zboss_r23_secur_apsme_secur.obj (.text.zb_apsme_verify_key_req)
                  0002c204    000000c8                                   : zboss_r23_mac_mac_cr_associate.obj (.text.zb_mlme_associate_response)
                  0002c2cc    000000c8                                   : zboss_r23_nwk_nwk_formation.obj (.text.zb_nwk_handle_mlme_start_confirm)
                  0002c394    000000c8     zb_zdo_zc_zr.a : zboss_r23_zdo_zdo_formation.obj (.text.zdo_start_formation)
                  0002c45c    000000c4     zb_coordinator_router_roles.a : zboss_r23_mac_mac_associate.obj (.text.mac_call_associate_confirm_fail)
                  0002c520    000000c4                                   : zboss_r23_common_zb_bufpool_mult.obj (.text.zb_buf_free_func)
                  0002c5e4    000000c4     {48AB0887-4D54-4A03-8255-7E90B84FC879} (.text.zb_nwk_mesh_send_rrep)
                  0002c6a8    000000c4     {48AB0887-4D54-4A03-8255-7E90B84FC879} (.text.zgp_mlme_set_cfm_cb)
                  0002c76c    000000c0     {48AB0887-4D54-4A03-8255-7E90B84FC879} (.text.bdb_formation)
                  0002c82c    000000c0     {48AB0887-4D54-4A03-8255-7E90B84FC879} (.text.check_gpdf_for_dup)
                  0002c8ec    000000c0     zb_coordinator_router_roles.a : zboss_r23_zgp_zgp_stub.obj (.text.zb_gp_data_cfm)
                  0002c9ac    000000c0                                   : zboss_r23_mac_mac_cr_data.obj (.text.zb_handle_data_request_cmd_continue)
                  0002ca6c    000000c0     zb_zdo_zc_zr.a : zboss_r23_zdo_zdo_formation.obj (.text.zb_nlme_network_formation_confirm)
                  0002cb2c    000000c0     zb_cluster_zc_zr.a : zboss_r23_zcl_zcl_reporting.obj (.text.zb_zcl_find_reporting_info_manuf)
                  0002cbec    000000bc     {48AB0887-4D54-4A03-8255-7E90B84FC879} (.text.fill_and_send_tk_from_ecdhe_ref)
                  0002cca8    000000bc     {48AB0887-4D54-4A03-8255-7E90B84FC879} (.text.tc_send_2_app_link_keys)
                  0002cd64    000000bc     on_off_light.o (.text.test_device_interface_cb)
                  0002ce20    000000bc     ti_freertos_config.o (.text.vTaskSuspend)
                  0002cedc    000000bc     zb_coordinator_router_roles.a : zboss_r23_mac_mac_cr_coordinator.obj (.text.zb_handle_beacon_req)
                  0002cf98    000000bc     {48AB0887-4D54-4A03-8255-7E90B84FC879} (.text.zb_zcl_adjust_reporting_timer)
                  0002d054    000000bc     zb_cluster_zc_zr.a : zboss_r23_zcl_zcl_reporting.obj (.text.zb_zcl_wait_reporting_timeout)
                  0002d110    000000b8     rcl_cc23x0r5.a : RCL.c.obj (.text.RCL_scheduleHook)
                  0002d1c8    000000b8     zb_coordinator_router_roles.a : zboss_r23_aps_aps_main.obj (.text.aps_send_fail_confirm)
                  0002d280    000000b8                                   : zboss_r23_secur_zdo_secur.obj (.text.secur_nwk_key_switch)
                  0002d338    000000b8     ti_freertos_config.o (.text.xQueueGenericReset)
                  0002d3f0    000000b8     {48AB0887-4D54-4A03-8255-7E90B84FC879} (.text.zb_nlme_nwk_commis_req_send_pkt)
                  0002d4a8    000000b8     zb_coordinator_router_roles.a : zboss_r23_nwk_nwk_cr_permit_join.obj (.text.zb_nlme_permit_joining_request)
                  0002d560    000000b8     zb_cluster_zc_zr.a : zboss_r23_zcl_zcl_common.obj (.text.zb_zcl_get_next_target_endpoint)
                  0002d618    000000b8     zb_zdo_zc_zr.a : zboss_r23_zdo_af_rx.obj (.text.zb_zdo_device_is_unreachable)
                  0002d6d0    000000b8                    : zboss_r23_zdo_zdo_app_join.obj (.text.zdo_join_to_nwk_descr)
                  0002d788    000000b4     zb_coordinator_router_roles.a : zboss_r23_secur_bdb_secur.obj (.text.bdb_link_key_refresh_alarm)
                  0002d83c    000000b4     {48AB0887-4D54-4A03-8255-7E90B84FC879} (.text.handle_bind_confirm.1537)
                  0002d8f0    000000b4     {48AB0887-4D54-4A03-8255-7E90B84FC879} (.text.zb_mlme_reset_request_sync)
                  0002d9a4    000000b4     zb_coordinator_router_roles.a : zboss_r23_nwk_nwk_join.obj (.text.zb_nlme_rejoin_send_pkt)
                  0002da58    000000b4     zb_zdo_zc_zr.a : zboss_r23_zdo_zdo_tlv_mgmt.obj (.text.zb_zdo_encapsulation_put_tlv)
                  0002db0c    000000b4     {48AB0887-4D54-4A03-8255-7E90B84FC879} (.text.zdo_nwk_update_req_process_channel_ed_scan)
                  0002dbc0    000000b0     zb_coordinator_router_roles.a : zboss_r23_nwk_nwk_formation.obj (.text.nwk_router_start_common)
                  0002dc70    000000b0                                   : zboss_r23_nwk_nwk_discovery.obj (.text.nwk_scan_find_next_channel_mask)
                  0002dd20    000000b0     {48AB0887-4D54-4A03-8255-7E90B84FC879} (.text.zb_apsme_send_via_tunnel)
                  0002ddd0    000000b0     zb_coordinator_router_roles.a : zboss_r23_nwk_nwk_cr_join.obj (.text.zb_mcps_purge_indirect_queue_confirm)
                  0002de80    000000b0                                   : zboss_r23_mac_mac_associate.obj (.text.zb_mlme_send_association_req_cmd)
                  0002df30    000000b0                                   : zboss_r23_common_zb_nvram.obj (.text.zb_nvram_write_start)
                  0002dfe0    000000b0                                   : zboss_r23_zgp_zgp_proxy_table.obj (.text.zb_zgp_proxy_table_get_entry_by_non_empty_list_index)
                  0002e090    000000b0     {48AB0887-4D54-4A03-8255-7E90B84FC879} (.text.zdo_send_req)
                  0002e140    000000ac     {48AB0887-4D54-4A03-8255-7E90B84FC879} (.text.brrt_set_passive_ack)
                  0002e1ec    000000ac     {48AB0887-4D54-4A03-8255-7E90B84FC879} (.text.nwk_fill_alloc_hdr_req)
                  0002e298    000000ac     {48AB0887-4D54-4A03-8255-7E90B84FC879} (.text.send_bind_unbind_req)
                  0002e344    000000ac     ti_freertos_config.o (.text.vTaskDelete)
                  0002e3f0    000000ac     zb_coordinator_router_roles.a : zboss_r23_common_zb_address.obj (.text.zb_add_short_addr_sorted)
                  0002e49c    000000ac                                   : zboss_r23_common_zb_nvram.obj (.text.zb_aps_keypair_write)
                  0002e548    000000ac                                   : zboss_r23_nwk_nwk_cr_parent.obj (.text.zb_nlme_start_router_request)
                  0002e5f4    000000ac     zb_cluster_zc_zr.a : zboss_r23_zcl_zcl_identify_commands.obj (.text.zb_zcl_start_identifying)
                  0002e6a0    000000a8     ti_f3_led_buttons.o (.text.button_callback)
                  0002e748    000000a8     zb_coordinator_router_roles.a : zboss_r23_common_zb_bufpool_mult.obj (.text.zb_buf_copy_func)
                  0002e7f0    000000a8                                   : zboss_r23_nwk_nwk_main.obj (.text.zb_mcps_data_indication)
                  0002e898    000000a8     {48AB0887-4D54-4A03-8255-7E90B84FC879} (.text.zb_nlme_status_indication_process)
                  0002e940    000000a8     zb_coordinator_router_roles.a : zboss_r23_nwk_nwk_main.obj (.text.zb_nwk_handle_init)
                  0002e9e8    000000a8     {48AB0887-4D54-4A03-8255-7E90B84FC879} (.text.zb_zdo_poll_parent)
                  0002ea90    000000a8     {48AB0887-4D54-4A03-8255-7E90B84FC879} (.text.zdo_mgmt_leave_req)
                  0002eb38    000000a8     {48AB0887-4D54-4A03-8255-7E90B84FC879} (.text.zgp_tbl_load)
                  0002ebe0    000000a4     {48AB0887-4D54-4A03-8255-7E90B84FC879} (.text.PowerCC23X0_lfxtQual)
                  0002ec84    000000a4     {48AB0887-4D54-4A03-8255-7E90B84FC879} (.text.aps_in_frag_assemble_window_delayed)
                  0002ed28    000000a4     zb_coordinator_router_roles.a : zboss_r23_secur_apsme_secur.obj (.text.zb_apsme_confirm_key_request)
                  0002edcc    000000a4                                   : zboss_r23_commissioning_bdb_bdb_finding_binding.obj (.text.zb_bdb_simple_desc_check_cb)
                  0002ee70    000000a4                                   : zboss_r23_secur_secur_ccm.obj (.text.zb_ccm_decrypt_n_auth)
                  0002ef14    000000a4                                   : zboss_r23_mac_mac_data.obj (.text.zb_mac_get_indirect_data)
                  0002efb8    000000a4     {48AB0887-4D54-4A03-8255-7E90B84FC879} (.text.zb_mac_resp_by_empty_frame_cb)
                  0002f05c    000000a4     zb_coordinator_router_roles.a : zboss_r23_mac_mac_cr_associate.obj (.text.zb_process_ass_request_cmd)
                  0002f100    000000a4     {48AB0887-4D54-4A03-8255-7E90B84FC879} (.text.zdo_cb_killer)
                  0002f1a4    000000a2     libclang_rt.builtins.a : udivmoddi4.S.obj (.text)
                  0002f246    00000002     {48AB0887-4D54-4A03-8255-7E90B84FC879} (.text.UART2LPF3_eventCallback)
                  0002f248    000000a0     zb_coordinator_router_roles.a : zboss_r23_nwk_nwk_nlme.obj (.text.nwk_next_rejoin_poll)
                  0002f2e8    000000a0     rcl_cc23x0r5.a : RCL_Scheduler.c.obj (.text.rclSchedulerCancelStopTime)
                  0002f388    000000a0     ti_freertos_config.o (.text.xTaskRemoveFromEventList)
                  0002f428    000000a0     zb_coordinator_router_roles.a : zboss_r23_commissioning_bdb_bdb_finding_binding.obj (.text.zb_bdb_process_active_eps_res)
                  0002f4c8    000000a0                                   : zboss_r23_mac_mac_data.obj (.text.zb_mac_check_security)
                  0002f568    000000a0                                   : zboss_r23_nwk_nwk_broadcasting.obj (.text.zb_nwk_broadcasting_add_btr)
                  0002f608    000000a0     {48AB0887-4D54-4A03-8255-7E90B84FC879} (.text.zb_zgp_tx_packet_info_q_find_pos)
                  0002f6a8    000000a0     zb_coordinator_router_roles.a : zboss_r23_zgp_zgp_common.obj (.text.zgp_channel_config_add_to_queue)
                  0002f748    000000a0                                   : zboss_r23_zgp_zgp_proxy_table.obj (.text.zgp_proxy_table_write)
                  0002f7e8    0000009c     rcl_cc23x0r5.a : LRF.c.obj (.text.LRF_TxPowerTable_findValue)
                  0002f884    0000009c     drivers_cc23x0r5.a : PowerCC23X0.c.obj (.text.PowerLPF3_sleep)
                  0002f920    0000009c     zb_coordinator_router_roles.a : zboss_r23_secur_bdb_secur.obj (.text.bdb_link_key_transport_with_alarm)
                  0002f9bc    0000009c     {48AB0887-4D54-4A03-8255-7E90B84FC879} (.text.doErase)
                  0002fa58    0000009c     zb_coordinator_router_roles.a : zboss_r23_common_zb_address.obj (.text.zb_address_unlock_func)
                  0002faf4    0000009c                                   : zboss_r23_nwk_nwk_join.obj (.text.zb_nlme_rejoin_response_timeout)
                  0002fb90    0000009c                                   : zboss_r23_nwk_nwk_nlme.obj (.text.zb_nlme_send_status)
                  0002fc2c    0000009c                                   : zboss_r23_nwk_nwk_disc_table.obj (.text.zb_nwk_exneighbor_by_ieee)
                  0002fcc8    0000009c                                   : zboss_r23_nwk_nwk_neighbor.obj (.text.zb_nwk_neighbor_clear)
                  0002fd64    0000009c     {48AB0887-4D54-4A03-8255-7E90B84FC879} (.text.zb_zdo_nwk_addr_req_2param_cb)
                  0002fe00    00000098     {48AB0887-4D54-4A03-8255-7E90B84FC879} (.text.zb_aps_relay_secured)
                  0002fe98    00000098     {48AB0887-4D54-4A03-8255-7E90B84FC879} (.text.zb_gp_data_transmission_finished)
                  0002ff30    00000098     {48AB0887-4D54-4A03-8255-7E90B84FC879} (.text.zb_mac_send_data_conf)
                  0002ffc8    00000098     zb_coordinator_router_roles.a : zboss_r23_nwk_nwk_address_conflict.obj (.text.zb_nwk_change_my_addr_conf)
                  00030060    00000098                                   : zboss_r23_nwk_nwk_cr_mesh_routing.obj (.text.zb_nwk_mesh_add_buf_to_pending)
                  000300f8    00000098     zb_cluster_zc_zr.a : zboss_r23_zcl_zcl_main.obj (.text.zb_zcl_send_default_resp_ext)
                  00030190    00000098     {48AB0887-4D54-4A03-8255-7E90B84FC879} (.text.zgp_mlme_get_cfm_cb)
                  00030228    00000094     driverlib.a : interrupt.c.obj (.text.IntSetPriority)
                  000302bc    00000094     rcl_cc23x0r5.a : RCL_Scheduler.c.obj (.text.RCL_Scheduler_setStopTimes)
                  00030350    00000094     drivers_cc23x0r5.a : TemperatureLPF3.c.obj (.text.Temperature_init)
                  000303e4    00000094     {48AB0887-4D54-4A03-8255-7E90B84FC879} (.text.mac_clear_pending_queue_slot)
                  00030478    00000094     zb_coordinator_router_roles.a : zboss_r23_common_zb_bufpool_mult.obj (.text.zb_buf_initial_alloc_func)
                  0003050c    00000094     {48AB0887-4D54-4A03-8255-7E90B84FC879} (.text.zb_clear_bind_trans)
                  000305a0    00000094     zb_coordinator_router_roles.a : zboss_r23_secur_zdo_secur.obj (.text.zb_secur_create_best_suitable_link_key_pair_set)
                  00030634    00000094     zb_zdo_zc_zr.a : zboss_r23_zdo_zdo_poll.obj (.text.zb_zdo_pim_init_defaults)
                  000306c8    00000094     zb_coordinator_router_roles.a : zboss_r23_secur_zdo_secur.obj (.text.zb_zdo_sec_get_auth_tok_rsp_snd)
                  0003075c    00000004     ti_freertos_config.o (.text.Exception_handlerSpin)
                  00030760    00000092     driverlib.a : aes_ticlang.s.obj (.text)
                  000307f2    00000002     libclang_rt.builtins.a : aeabi_div0.c.obj (.text.__aeabi_idiv0)
                  000307f4    00000090     {48AB0887-4D54-4A03-8255-7E90B84FC879} (.text.AESCMACLPF3_getResult)
                  00030884    00000090     rcl_cc23x0r5.a : RCL_Buffer.c.obj (.text.RCL_MultiBuffer_RxEntry_get)
                  00030914    00000090     {48AB0887-4D54-4A03-8255-7E90B84FC879} (.text.aps_send_frame_via_binding)
                  000309a4    00000090     {48AB0887-4D54-4A03-8255-7E90B84FC879} (.text.bdb_network_formation_machine)
                  00030a34    00000090     {48AB0887-4D54-4A03-8255-7E90B84FC879} (.text.mac_ti23xx_send_packet)
                  00030ac4    00000090     {48AB0887-4D54-4A03-8255-7E90B84FC879} (.text.prvInitialiseNewTask)
                  00030b54    00000090     {48AB0887-4D54-4A03-8255-7E90B84FC879} (.text.prvUnlockQueue)
                  00030be4    00000090     ti_freertos_config.o (.text.vTaskStartScheduler)
                  00030c74    00000090     {48AB0887-4D54-4A03-8255-7E90B84FC879} (.text.zb_address_update_if_absent)
                  00030d04    00000090     zb_coordinator_router_roles.a : zboss_r23_mac_mac_common.obj (.text.zb_mac_fill_mhr)
                  00030d94    00000090                                   : zboss_r23_mac_mac_data.obj (.text.zb_mac_indirect_data_rx_failed)
                  00030e24    00000090                                   : zboss_r23_mac_mac_pib.obj (.text.zb_mac_reinit_pib)
                  00030eb4    00000090                                   : zboss_r23_mac_mac_cr_coordinator.obj (.text.zb_mlme_start_request)
                  00030f44    00000090                                   : zboss_r23_common_zb_nvram.obj (.text.zb_nvram_write_dataset)
                  00030fd4    00000090                                   : zboss_r23_secur_ic_secur.obj (.text.zb_secur_ic_get_from_tc_storage)
                  00031064    00000090                                   : zboss_r23_secur_zdo_secur.obj (.text.zb_zdo_sec_st_key_upd_req_snd)
                  000310f4    00000090     {48AB0887-4D54-4A03-8255-7E90B84FC879} (.text.zb_zdo_secur_ecdhe_public_point_fill)
                  00031184    00000090     {48AB0887-4D54-4A03-8255-7E90B84FC879} (.text.zdo_initiate_rejoin)
                  00031214    00000090     {48AB0887-4D54-4A03-8255-7E90B84FC879} (.text.zdo_join_done_cont)
                  000312a4    0000008e     {48AB0887-4D54-4A03-8255-7E90B84FC879} (.text.square)
                  00031332    00000002     libclang_rt.builtins.a : aeabi_div0.c.obj (.text.__aeabi_ldiv0)
                  00031334    0000008c     {48AB0887-4D54-4A03-8255-7E90B84FC879} (.text.UART2Support_dmaStopTx)
                  000313c0    0000008c     {48AB0887-4D54-4A03-8255-7E90B84FC879} (.text.aps_in_frag_get_received_mask)
                  0003144c    0000008c     {48AB0887-4D54-4A03-8255-7E90B84FC879} (.text.notify_about_expired_entry)
                  000314d8    0000008c     {48AB0887-4D54-4A03-8255-7E90B84FC879} (.text.short_search)
                  00031564    0000008c     zb_coordinator_router_roles.a : zboss_r23_nwk_nwk_cr_formation.obj (.text.zb_nwk_call_mlme_start)
                  000315f0    0000008c     zb_zdo_zc_zr.a : zboss_r23_zdo_zdo_hubs.obj (.text.zb_wwah_set_pending_channel)
                  0003167c    0000008c                    : zboss_r23_zdo_zdo_common.obj (.text.zdo_af_resp)
                  00031708    00000088     {48AB0887-4D54-4A03-8255-7E90B84FC879} (.text.ClockP_hwiCallback)
                  00031790    00000088     rcl_cc23x0r5.a : RCL_AdcNoise.c.obj (.text.RCL_AdcNoise_get_samples_blocking)
                  00031818    00000088     {48AB0887-4D54-4A03-8255-7E90B84FC879} (.text.bdb_node_desc_workaround_callback)
                  000318a0    00000088     zb_cluster_zc_zr.a : zboss_r23_zcl_zcl_common.obj (.text.cluster_needs_aps_encryption)
                  00031928    00000088     zb_coordinator_router_roles.a : zboss_r23_aps_aps_main.obj (.text.zb_aps_pass_local_msg_up)
                  000319b0    00000088                                   : zboss_r23_common_zb_bufpool_mult.obj (.text.zb_buf_alloc_right_func)
                  00031a38    00000088                                   : zboss_r23_secur_aps_secur.obj (.text.zb_increase_aps_outgoing_frame_counter)
                  00031ac0    00000088                                   : zboss_r23_mac_mac_cr_data.obj (.text.zb_mac_put_data_to_pending_queue)
                  00031b48    00000088                                   : zboss_r23_nwk_nwk_main.obj (.text.zb_mcps_build_data_request)
                  00031bd0    00000088                                   : zboss_r23_nwk_nwk_discovery.obj (.text.zb_nlme_network_discovery_request)
                  00031c58    00000088     zb_cluster_zc_zr.a : zboss_r23_zcl_zcl_ias_zone_commands.obj (.text.zb_zcl_ias_zone_put_cie_address_to_binding_whitelist)
                  00031ce0    00000088                        : zboss_r23_zcl_zcl_main.obj (.text.zb_zcl_process_command_finish)
                  00031d68    00000088                        : zboss_r23_zcl_zcl_reporting.obj (.text.zb_zcl_reporting_slot_number)
                  00031df0    00000088     {48AB0887-4D54-4A03-8255-7E90B84FC879} (.text.zdo_nwk_update_req_process_new_active_channel)
                  00031e78    00000086     {48AB0887-4D54-4A03-8255-7E90B84FC879} (.text.zb_zcl_set_attr_val)
                  00031efe    00000086     {48AB0887-4D54-4A03-8255-7E90B84FC879} (.text.zgp_proxy_table_entry_size_over_the_air)
                  00031f84    00000084     ti_freertos_config.o (.text.ClockP_startup)
                  00032008    00000084     {48AB0887-4D54-4A03-8255-7E90B84FC879} (.text.handle_bind_unbind_confirm)
                  0003208c    00000084     {48AB0887-4D54-4A03-8255-7E90B84FC879} (.text.mac_child_hash_table_search)
                  00032110    00000084     ti_freertos_config.o (.text.memalign)
                  00032194    00000084     {48AB0887-4D54-4A03-8255-7E90B84FC879} (.text.prvAddCurrentTaskToDelayedList)
                  00032218    00000084     {48AB0887-4D54-4A03-8255-7E90B84FC879} (.text.prvCheckForValidListAndQueue)
                  0003229c    00000084     rcl_cc23x0r5.a : RCL_Scheduler.c.obj (.text.rclSchedulerSetNewStopTime)
                  00032320    00000084     ti_freertos_config.o (.text.vTaskSwitchContext)
                  000323a4    00000084     zb_coordinator_router_roles.a : zboss_r23_common_zb_channel_page.obj (.text.zb_channel_page_channel_number_to_logical)
                  00032428    00000084                                   : zboss_r23_aps_aps_binding_whitelist.obj (.text.zb_check_binding_table_whitelist)
                  000324ac    00000084     {48AB0887-4D54-4A03-8255-7E90B84FC879} (.text.zb_mlme_associate_indication_cont)
                  00032530    00000084     zb_cluster_zc_zr.a : zboss_r23_zcl_zcl_common.obj (.text.zb_zcl_is_target_endpoint)
                  000325b4    00000084                        : zboss_r23_zcl_zcl_reporting.obj (.text.zb_zcl_reporting_cb)
                  00032638    00000084     zb_zdo_zc_zr.a : zboss_r23_zdo_zdo_poll.obj (.text.zb_zdo_pim_start_turbo_poll_packets)
                  000326bc    00000084     zb_coordinator_router_roles.a : zboss_r23_zgp_zgp_cluster.obj (.text.zgp_init_by_scheduler)
                  00032740    00000080     rcl_cc23x0r5.a : ieee.c.obj (.text.RCL_Handler_Ieee_setCustomEventTime)
                  000327c0    00000080     {48AB0887-4D54-4A03-8255-7E90B84FC879} (.text.alloc_new_extneiboar)
                  00032840    00000080     {48AB0887-4D54-4A03-8255-7E90B84FC879} (.text.call_scan_complete_cb)
                  000328c0    00000080     {48AB0887-4D54-4A03-8255-7E90B84FC879} (.text.check_cluster_list)
                  00032940    00000080     {48AB0887-4D54-4A03-8255-7E90B84FC879} (.text.ieee_search)
                  000329c0    00000080     {48AB0887-4D54-4A03-8255-7E90B84FC879} (.text.mac_confirm_pending_queue_item)
                  00032a40    00000080     {48AB0887-4D54-4A03-8255-7E90B84FC879} (.text.nwk_do_retry)
                  00032ac0    00000080     {48AB0887-4D54-4A03-8255-7E90B84FC879} (.text.process_delayed_buf_entry_unsafe)
                  00032b40    00000080     ti_freertos_config.o (.text.xTaskPriorityInherit)
                  00032bc0    00000080     {48AB0887-4D54-4A03-8255-7E90B84FC879} (.text.zb_ccm_encrypt_n_auth)
                  00032c40    00000080     zb_coordinator_router_roles.a : zboss_r23_zgp_zgp_stub.obj (.text.zb_cgp_data_cfm)
                  00032cc0    00000080     {48AB0887-4D54-4A03-8255-7E90B84FC879} (.text.zb_check_tc_rejoin)
                  00032d40    00000080     {48AB0887-4D54-4A03-8255-7E90B84FC879} (.text.zb_get_buf_tail_ptr)
                  00032dc0    00000080     zb_coordinator_router_roles.a : zboss_r23_mac_mac_associate.obj (.text.zb_mlme_associate_request_do)
                  00032e40    00000080     {48AB0887-4D54-4A03-8255-7E90B84FC879} (.text.zb_nwk_src_match_save_param_add_ent_with_cb)
                  00032ec0    00000080     zb_zdo_zc_zr.a : zboss_r23_zdo_zdo_app.obj (.text.zb_prepare_and_send_device_update_signal)
                  00032f40    00000080     zb_coordinator_router_roles.a : zboss_r23_common_zb_tlv.obj (.text.zb_tlv_general_tlv_processing)
                  00032fc0    00000080     zb_cluster_zc_zr.a : zboss_r23_zcl_zcl_poll_control_commands.obj (.text.zb_zcl_poll_control_start_check_in)
                  00033040    00000080     {48AB0887-4D54-4A03-8255-7E90B84FC879} (.text.zdo_perform_ed_scan)
                  000330c0    0000007e     {48AB0887-4D54-4A03-8255-7E90B84FC879} (.text.zb_sec_b6_hash)
                  0003313e    00000002     {48AB0887-4D54-4A03-8255-7E90B84FC879} (.text.errorSpin)
                  00033140    0000007c     rcl_cc23x0r5.a : ieee.c.obj (.text.RCL_IEEE_Tx_submit)
                  000331bc    0000007c     zb_coordinator_router_roles.a : zboss_r23_zgp_zgp_secur.obj (.text.form_secur_header)
                  00033238    0000007c     {48AB0887-4D54-4A03-8255-7E90B84FC879} (.text.prvIdleTask)
                  000332b4    0000007c     {48AB0887-4D54-4A03-8255-7E90B84FC879} (.text.send_bind_unbind_with_check)
                  00033330    0000007c     {48AB0887-4D54-4A03-8255-7E90B84FC879} (.text.temperatureEventCb)
                  000333ac    0000007c     zb_coordinator_router_roles.a : zboss_r23_common_zb_address.obj (.text.zb_address_ieee_by_ref)
                  00033428    0000007c                                   : zboss_r23_common_zb_address.obj (.text.zb_address_ieee_by_short)
                  000334a4    0000007c                                   : zboss_r23_aps_aps_bind.obj (.text.zb_apsme_move_dst_bind_table)
                  00033520    0000007c     {48AB0887-4D54-4A03-8255-7E90B84FC879} (.text.zb_get_buf_delayed)
                  0003359c    0000007c     zb_coordinator_router_roles.a : zboss_r23_nwk_nwk_address_conflict.obj (.text.zb_nwk_address_conflict_start_process)
                  00033618    0000007c     {48AB0887-4D54-4A03-8255-7E90B84FC879} (.text.zb_zdo_bind_unbind_req)
                  00033694    0000007c     {48AB0887-4D54-4A03-8255-7E90B84FC879} (.text.zb_zgp_proxy_leave_from_commissioning_mode)
                  00033710    0000007c     {48AB0887-4D54-4A03-8255-7E90B84FC879} (.text.zdo_nwk_update_req_process_new_channel_mask)
                  0003378c    0000007c     zb_coordinator_router_roles.a : zboss_r23_secur_zdo_secur.obj (.text.zdo_secur_confirm_key_legacy_confirm)
                  00033808    0000007c     libc.a : copy_decompress_lzss.c.obj (.text:decompress:lzss)
                  00033884    00000078     {48AB0887-4D54-4A03-8255-7E90B84FC879} (.text.AESCTRDRBGXX_updateState)
                  000338fc    00000078     ti_freertos_config.o (.text.HwiP_construct)
                  00033974    00000078     rcl_cc23x0r5.a : RCL_Scheduler.c.obj (.text.RCL_Scheduler_findStopStatus)
                  000339ec    00000078     {48AB0887-4D54-4A03-8255-7E90B84FC879} (.text.get_new_reporting_info)
                  00033a64    00000078     rcl_cc23x0r5.a : hal_cc23x0.c.obj (.text.hal_init_fsm)
                  00033adc    00000078     zb_coordinator_router_roles.a : zboss_r23_mac_mac_cr_data.obj (.text.mac_check_pending_data)
                  00033b54    00000078     {48AB0887-4D54-4A03-8255-7E90B84FC879} (.text.nwk_internals_clear)
                  00033bcc    00000078     rcl_cc23x0r5.a : RCL_Scheduler.c.obj (.text.rclSchedulerFindEarliestStopTime)
                  00033c44    00000078     ti_freertos_config.o (.text.xQueueReceiveFromISR)
                  00033cbc    00000078     zb_coordinator_router_roles.a : zboss_r23_commissioning_bdb_bdb_finding_binding.obj (.text.zb_bdb_finding_binding_target_alarm_ep)
                  00033d34    00000078                                   : zboss_r23_common_zb_channel_page.obj (.text.zb_channel_page_channel_logical_to_number)
                  00033dac    00000078                                   : zboss_r23_mac_mac_pib.obj (.text.zb_mlme_set_request)
                  00033e24    00000078                                   : zboss_r23_nwk_nwk_neighbor.obj (.text.zb_nwk_neighbor_complete_deletion)
                  00033e9c    00000078                                   : zboss_r23_nwk_zb_nwk_ed_aging.obj (.text.zb_nwk_src_match_add_ent)
                  00033f14    00000078     ti_f3_led_buttons.o (.text.zb_osif_led_button_init)
                  00033f8c    00000078     {48AB0887-4D54-4A03-8255-7E90B84FC879} (.text.zb_zgp_key_gen)
                  00034004    00000078     zb_zdo_zc_zr.a : zboss_r23_zdo_zdo_app_join.obj (.text.zdo_next_nwk_discovery_req)
                  0003407c    00000078                    : zboss_r23_zdo_zdo_app_join.obj (.text.zdo_rejoin_clear_prev_join)
                  000340f4    00000078     {48AB0887-4D54-4A03-8255-7E90B84FC879} (.text.zgp_add_group_alias_for_entry)
                  0003416c    00000078     zb_coordinator_router_roles.a : zboss_r23_zgp_zgp_proxy_table.obj (.text.zgp_is_equal_zgpd_id_for_table_entry)
                  000341e4    00000076     {48AB0887-4D54-4A03-8255-7E90B84FC879} (.text.prvCopyDataToQueue)
                  0003425a    00000076     zb_coordinator_router_roles.a : zboss_r23_secur_zdo_secur.obj (.text.zb_zdo_secur_tc_derive_key)
                  000342d0    00000074     {48AB0887-4D54-4A03-8255-7E90B84FC879} (.text.AESCTRLPF3_hwiFxn)
                  00034344    00000074     libclang_rt.builtins.a : comparedf2.c.obj (.text.__gedf2)
                  000343b8    00000074     zb_coordinator_router_roles.a : zboss_r23_secur_bdb_secur.obj (.text.bdb_initiate_key_exchange)
                  0003442c    00000074     {48AB0887-4D54-4A03-8255-7E90B84FC879} (.text.broadcast_endpoint_delivery_step)
                  000344a0    00000074     {48AB0887-4D54-4A03-8255-7E90B84FC879} (.text.construct_aes_nonce)
                  00034514    00000074     zb_ti_platform_zc_zr.a : mac_ti_f3_mac.obj (.text.update_rx_panconfig)
                  00034588    00000074     zb_coordinator_router_roles.a : zboss_r23_common_zb_address.obj (.text.zb_address_lock_func)
                  000345fc    00000074                                   : zboss_r23_aps_aps_bind.obj (.text.zb_aps_check_binding_request)
                  00034670    00000074                                   : zboss_r23_common_zb_nvram.obj (.text.zb_aps_keypair_load_by_idx)
                  000346e4    00000074                                   : zboss_r23_nwk_zb_nwk_ed_aging.obj (.text.zb_nwk_ed_aging_timeout)
                  00034758    00000074     {48AB0887-4D54-4A03-8255-7E90B84FC879} (.text.zb_schedule_callback_prior)
                  000347cc    00000074     zb_coordinator_router_roles.a : zboss_r23_secur_zdo_secur.obj (.text.zb_secur_send_nwk_key_switch)
                  00034840    00000074     zb_cluster_zc_zr.a : zboss_r23_zcl_zcl_diagnostics_commands.obj (.text.zb_zcl_diagnostics_sync_counters)
                  000348b4    00000074                        : zboss_r23_zcl_zcl_poll_control_commands.obj (.text.zcl_poll_control_check_in_send_cb)
                  00034928    00000074     zb_zdo_zc_zr.a : zboss_r23_zdo_zdo_app_join.obj (.text.zdo_send_device_annce)
                  0003499c    00000074     {48AB0887-4D54-4A03-8255-7E90B84FC879} (.text.zgp_tbls_aging_alarm)
                  00034a10    00000072     {48AB0887-4D54-4A03-8255-7E90B84FC879} (.text.zb_zcl_set_attr_val_manuf_internal)
                  00034a82    00000002     ti_freertos_config.o (.text.vApplicationStackOverflowHook)
                  00034a84    00000070     ti_freertos_config.o (.text.ClockP_start)
                  00034af4    00000070     drivers_cc23x0r5.a : NVSLPF3.c.obj (.text.NVSLPF3_open)
                  00034b64    00000070     {48AB0887-4D54-4A03-8255-7E90B84FC879} (.text.PowerCC23X0_startHFXT)
                  00034bd4    00000070     drivers_cc23x0r5.a : PowerCC23X0.c.obj (.text.Power_sleep)
                  00034c44    00000070                        : UART2LPF3.c.obj (.text.UART2Support_dmaStopRx)
                  00034cb4    00000070     {48AB0887-4D54-4A03-8255-7E90B84FC879} (.text.aps_in_frag_mac_ack_for_aps_ack_arrived)
                  00034d24    00000070     {48AB0887-4D54-4A03-8255-7E90B84FC879} (.text.mult)
                  00034d94    00000070     zb_coordinator_router_roles.a : zboss_r23_nwk_nwk_discovery.obj (.text.nlme_scan_request)
                  00034e04    00000070     {48AB0887-4D54-4A03-8255-7E90B84FC879} (.text.nwk_broadcasting_btr_aging_alarm)
                  00034e74    00000070     {48AB0887-4D54-4A03-8255-7E90B84FC879} (.text.send_ed_timeout_req)
                  00034ee4    00000070     {48AB0887-4D54-4A03-8255-7E90B84FC879} (.text.startCSMABackoff)
                  00034f54    00000070     zb_coordinator_router_roles.a : zboss_r23_common_zb_address.obj (.text.zb_address_delete)
                  00034fc4    00000070     {48AB0887-4D54-4A03-8255-7E90B84FC879} (.text.zb_aps_check_max_trans_size_timer_cb)
                  00035034    00000070     {48AB0887-4D54-4A03-8255-7E90B84FC879} (.text.zb_mac_call_comm_status_ind)
                  000350a4    00000070     zb_coordinator_router_roles.a : zboss_r23_mac_mac_cr_coordinator.obj (.text.zb_mac_update_superframe_and_pib)
                  00035114    00000070     {48AB0887-4D54-4A03-8255-7E90B84FC879} (.text.zb_mlme_handle_orphan_response_continue)
                  00035184    00000070     {48AB0887-4D54-4A03-8255-7E90B84FC879} (.text.zb_nvram_get_dataset_version)
                  000351f4    00000070     zb_coordinator_router_roles.a : zboss_r23_nwk_nwk_neighbor.obj (.text.zb_nwk_neighbor_get_ed_short_list)
                  00035264    00000070                                   : zboss_r23_nwk_nwk_main.obj (.text.zb_nwk_send_direct_leave_req)
                  000352d4    00000070     zb_cluster_zc_zr.a : zboss_r23_zcl_zcl_general_commands.obj (.text.zb_zcl_get_attr_desc_manuf)
                  00035344    00000070     {48AB0887-4D54-4A03-8255-7E90B84FC879} (.text.zb_zdo_pim_restart_poll)
                  000353b4    00000070     zb_zdo_zc_zr.a : zboss_r23_zdo_zdo_app_leave.obj (.text.zdo_device_removed)
                  00035424    00000070     {48AB0887-4D54-4A03-8255-7E90B84FC879} (.text.zdo_validate_desc_resp)
                  00035494    00000070     {48AB0887-4D54-4A03-8255-7E90B84FC879} (.text.zgp_proxy_handle_commissioning_gpdf)
                  00035504    0000006c     ti_freertos_config.o (.text.ClockP_stop)
                  00035570    0000006c     {48AB0887-4D54-4A03-8255-7E90B84FC879} (.text.age_dups)
                  000355dc    0000006c     {48AB0887-4D54-4A03-8255-7E90B84FC879} (.text.aps_in_frag_restart_ack_timer)
                  00035648    0000006c     {48AB0887-4D54-4A03-8255-7E90B84FC879} (.text.aps_in_frag_stop_entry)
                  000356b4    0000006c     zb_coordinator_router_roles.a : zboss_r23_commissioning_bdb_zdo_commissioning_bdb.obj (.text.bdb_after_mgmt_permit_joining_cb)
                  00035720    0000006c                                   : zboss_r23_common_zb_address.obj (.text.zb_address_done_ieee_disc)
                  0003578c    0000006c                                   : zboss_r23_aps_aps_main.obj (.text.zb_aps_pass_local_group_pkt_up)
                  000357f8    0000006c                                   : zboss_r23_nwk_nwk_join.obj (.text.zb_nlme_rejoin_set_parent_long)
                  00035864    0000006c     zb_zdo_zc_zr.a : zboss_r23_zdo_zdo_app.obj (.text.zb_nlme_start_router_confirm)
                  000358d0    0000006c     {48AB0887-4D54-4A03-8255-7E90B84FC879} (.text.zb_nvram_write_aps_counters)
                  0003593c    0000006c     zb_coordinator_router_roles.a : zboss_r23_nwk_nwk_tlv_mgmt.obj (.text.zb_nwk_commissioning_req_put_tlv)
                  000359a8    0000006c     {48AB0887-4D54-4A03-8255-7E90B84FC879} (.text.zb_send_device_update_signal_delayed2)
                  00035a14    0000006c     zb_coordinator_router_roles.a : zboss_r23_secur_zdo_secur.obj (.text.zb_start_device_interview_on_tc)
                  00035a80    0000006c     {48AB0887-4D54-4A03-8255-7E90B84FC879} (.text.zb_zcl_add_cluster_handlers)
                  00035aec    0000006c     zb_cluster_zc_zr.a : zboss_r23_zcl_zcl_identify_commands.obj (.text.zb_zcl_identify_time_handler)
                  00035b58    00000068     rcl_cc23x0r5.a : LRFCC23X0.c.obj (.text.LRF_setTrimCommon)
                  00035bc0    00000068                    : ieee.c.obj (.text.RCL_Handler_Ieee_updateStats)
                  00035c28    00000068     libclang_rt.builtins.a : comparedf2.c.obj (.text.__ledf2)
                  00035c90    00000068     zb_coordinator_router_roles.a : zboss_r23_commissioning_bdb_zdo_commissioning_bdb.obj (.text.bdb_network_steering_start_scan)
                  00035cf8    00000068     {48AB0887-4D54-4A03-8255-7E90B84FC879} (.text.brrt_find_entry_by_nwk_hdr)
                  00035d60    00000068     zb_cluster_zc_zr.a : zboss_r23_zcl_zcl_common.obj (.text.get_profile_id_by_endpoint)
                  00035dc8    00000068     zb_ti_platform_zc_zr.a : mac_ti_f3_mac.obj (.text.mac_ti23xx_src_match_short_set_pending_bit)
                  00035e30    00000068     uart2callback.o (.text.user_print)
                  00035e98    00000068     ti_freertos_config.o (.text.vTaskPriorityDisinheritAfterTimeout)
                  00035f00    00000068     ti_freertos_config.o (.text.xTaskCheckForTimeOut)
                  00035f68    00000068     zb_coordinator_router_roles.a : zboss_r23_common_zb_address.obj (.text.zb_address_get_pan_id_ref)
                  00035fd0    00000068     {48AB0887-4D54-4A03-8255-7E90B84FC879} (.text.zb_aps_hdr_mod)
                  00036038    00000068     zb_coordinator_router_roles.a : zboss_r23_secur_secur_formation.obj (.text.zb_apsme_send_via_tunnel_with_unencrypted_payload)
                  000360a0    00000068                                   : zboss_r23_commissioning_bdb_bdb_finding_binding.obj (.text.zb_bdb_process_simple_desc_res)
                  00036108    00000068                                   : zboss_r23_nwk_nwk_discovery.obj (.text.zb_nlme_ed_scan_request)
                  00036170    00000068                                   : zboss_r23_common_zb_nvram.obj (.text.zb_nvram_write_data)
                  000361d8    00000068     {48AB0887-4D54-4A03-8255-7E90B84FC879} (.text.zb_nwk_call_br_confirm)
                  00036240    00000068     {48AB0887-4D54-4A03-8255-7E90B84FC879} (.text.zb_nwk_src_match_restore_iter)
                  000362a8    00000068     {48AB0887-4D54-4A03-8255-7E90B84FC879} (.text.zb_panid_conflict_set_panid_conf)
                  00036310    00000068     zb_coordinator_router_roles.a : zboss_r23_common_zb_scheduler.obj (.text.zb_schedule_callback2)
                  00036378    00000068                                   : zboss_r23_secur_zdo_secur.obj (.text.zb_secur_get_link_key_by_address)
                  000363e0    00000068     {48AB0887-4D54-4A03-8255-7E90B84FC879} (.text.zb_zcl_diagnostics_sync_counters_cb)
                  00036448    00000068     {48AB0887-4D54-4A03-8255-7E90B84FC879} (.text.zb_zcl_finish_and_send_packet_new)
                  000364b0    00000068     zb_cluster_zc_zr.a : zboss_r23_zcl_zcl_identify_commands.obj (.text.zb_zcl_identify_effect_invoke_user_app)
                  00036518    00000068     zb_zdo_zc_zr.a : zboss_r23_zdo_zdo_app_join.obj (.text.zdo_authenticated_send_device_annce)
                  00036580    00000066     {48AB0887-4D54-4A03-8255-7E90B84FC879} (.text._mcpy)
                  000365e6    00000002     ti_freertos_portable_config.o (.text.vPortSVCHandler)
                  000365e8    00000064     secure_drivers_cc23x0r5.a : AESCommonLPF3.c.obj (.text.AESCommonLPF3_construct)
                  0003664c    00000064     {48AB0887-4D54-4A03-8255-7E90B84FC879} (.text.GPIO_setConfigAndMux)
                  000366b0    00000064     {48AB0887-4D54-4A03-8255-7E90B84FC879} (.text.aps_in_frag_send_ack)
                  00036714    00000064     {48AB0887-4D54-4A03-8255-7E90B84FC879} (.text.bdb_finding_n_binding_machine)
                  00036778    00000064     zb_coordinator_router_roles.a : zboss_r23_commissioning_bdb_zdo_commissioning_bdb.obj (.text.bdb_not_ever_joined)
                  000367dc    00000064     {48AB0887-4D54-4A03-8255-7E90B84FC879} (.text.get_endpoint_by_cluster_with_role)
                  00036840    00000064     {48AB0887-4D54-4A03-8255-7E90B84FC879} (.text.nwk_cancel_network_discovery_response)
                  000368a4    00000064     ti_freertos_config.o (.text.xTaskCreate)
                  00036908    00000064     zb_coordinator_router_roles.a : zboss_r23_common_zb_address.obj (.text.zb_address_by_ref)
                  0003696c    00000064                                   : zboss_r23_common_zb_address.obj (.text.zb_address_cmp_two_refs)
                  000369d0    00000064     zb_zdo_zc_zr.a : zboss_r23_zdo_af_rx.obj (.text.zb_apsde_data_indication_cont)
                  00036a34    00000064     zb_coordinator_router_roles.a : zboss_r23_nwk_nwk_cr_mesh_routing.obj (.text.zb_nwk_calc_path_cost)
                  00036a98    00000064                                   : zboss_r23_nwk_nwk_disc_table.obj (.text.zb_nwk_exneighbor_by_short)
                  00036afc    00000064                                   : zboss_r23_nwk_nwk_neighbor.obj (.text.zb_nwk_nbr_next_ze_children_i)
                  00036b60    00000064                                   : zboss_r23_common_zb_scheduler.obj (.text.zb_schedule_get_alarm_time)
                  00036bc4    00000064                                   : zboss_r23_common_zb_scheduler.obj (.text.zb_schedule_tx_cb)
                  00036c28    00000064     {48AB0887-4D54-4A03-8255-7E90B84FC879} (.text.zb_send_device_authorized_signal_delayed2)
                  00036c8c    00000064     zb_coordinator_router_roles.a : zboss_r23_common_zb_time.obj (.text.zb_timer_start)
                  00036cf0    00000064                                   : zboss_r23_secur_secur_formation.obj (.text.zdo_commissioning_send_nwk_key_to_joined_dev)
                  00036d54    00000064                                   : zboss_r23_secur_bdb_secur.obj (.text.zdo_secur_update_tclk_done)
                  00036db8    00000064     {48AB0887-4D54-4A03-8255-7E90B84FC879} (.text.zdo_wwah_start_survey_beacons_cont)
                  00036e1c    00000064     zb_coordinator_router_roles.a : zboss_r23_zgp_zgp_common.obj (.text.zgp_channel_config_transceiver_channel_change)
                  00036e80    00000062     libclang_rt.builtins.a : aeabi_dcmp.S.obj (.text.__aeabi_dcmp)
                  00036ee2    00000002     zb_coordinator_router_roles.a : zboss_r23_aps_aps_nwk_confirm.obj (.text.zb_nlme_route_discovery_confirm)
[...]
0002461d  xQueueGenericSend                                
00025a8d  PowerCC23X0_standbyPolicy                        
00025bb1  RCL_IEEE_updateSourceMatchingTableShort          
00026391  xQueueReceive                                    
000272dd  xTaskResumeAll                                   
0002760d  __aeabi_ddiv                                     
0002760d  __divdf3                                         
0002825d  xTaskIncrementTick                               
00028c1b  RCL_GPIO_enable                                  
0002973d  __aeabi_dmul                                     
0002973d  __muldf3                                         
00029baf  RCL_phyHook                                      
0002a2b1  pvPortMalloc                                     
0002a7d9  ldexp                                            
0002a7d9  ldexpl                                           
0002af71  Power_init                                       
0002b469  pthread_create                                   
0002ce21  vTaskSuspend                                     
0002d111  RCL_scheduleHook                                 
0002d339  xQueueGenericReset                               
0002e345  vTaskDelete                                      
0002f1a5  __udivmoddi4                                     
0002f389  xTaskRemoveFromEventList                         
0002f7e9  LRF_TxPowerTable_findValue                       
0002f885  PowerLPF3_sleep                                  
000302bd  RCL_Scheduler_setStopTimes                       
00030351  Temperature_init                                 
0003075d  Exception_handlerSpin                            
00030761  AESProcessAlignedBlocksCMAC                      
00030771  AESProcessAlignedBlocksCTR                       
00030789  AESProcessAlignedBlocksECB                       
000307d1  AESCopyBlock                                     
000307f3  __aeabi_idiv0                                    
00030885  RCL_MultiBuffer_RxEntry_get                      
00030be5  vTaskStartScheduler                              
00031333  __aeabi_ldiv0                                    
00031791  RCL_AdcNoise_get_samples_blocking                
00031f85  ClockP_startup                                   
00032111  memalign                                         
00032321  vTaskSwitchContext                               
00032b41  xTaskPriorityInherit                             
00033141  RCL_IEEE_Tx_submit                               
00033809  __TI_decompress_lzss                             
000338fd  HwiP_construct                                   
00033975  RCL_Scheduler_findStopStatus                     
00033a65  hal_init_fsm                                     
00033c45  xQueueReceiveFromISR                             
00034345  __gedf2                                          
00034345  __gtdf2                                          
00034a83  vApplicationStackOverflowHook                    
00034a85  ClockP_start                                     
00034bd5  Power_sleep                                      
00035505  ClockP_stop                                      
00035c29  __cmpdf2                                         
00035c29  __eqdf2                                          
00035c29  __ledf2                                          
00035c29  __ltdf2                                          
00035c29  __nedf2                                          
00035e99  vTaskPriorityDisinheritAfterTimeout              
00035f01  xTaskCheckForTimeOut                             
000368a5  xTaskCreate                                      
00036e81  __aeabi_dcmpeq                                   
00036e95  __aeabi_dcmplt                                   
00036ea9  __aeabi_dcmple                                   
00036ebd  __aeabi_dcmpge                                   
00036ed1  __aeabi_dcmpgt                                   
00036ee5  RCL_IEEE_updateRxAction                          
00037125  xQueueGiveFromISR                                
00037185  xTaskPriorityDisinherit                          
000377e1  ClockP_walkQueueDynamic                          
000378f5  frexp                                            
000378f5  frexpl                                           
00037f0d  LRF_setRxFifoEffSz                               
00037fbd  __clzsi2                                         
000386f5  __aeabi_idiv                                     
000386f5  __aeabi_idivmod                                  
0003874b  xQueueGenericCreate                              
0003884d  LRF_readRxFifoWords                              
000388a1  RCL_Command_pend                                 
0003899d  RCL_IEEE_updateTxPower                           
000389f1  RCL_Scheduler_setStartStopTimeEarliestStart      
00038b41  hal_check_clear_timer_compare                    
00038d8d  vQueueWaitForMessageRestricted                   
0003960d  Power_releaseDependency                          
0003965d  Power_setDependency                              
000396ad  RCL_Scheduler_setCustomStartStopTimeEarliestStart
0003997d  xTaskCreateStatic                                
0003a141  LRFDApplyClockDependencies                       
0003a18d  LRF_programTemperatureCompensatedTxPower         
0003a1d9  LRF_writeTxFifoWords                             
0003a271  RCL_open                                         
0003a355  __aeabi_errno_addr                               
0003a5b5  realloc                                          
0003a64d  vPortFree                                        
0003ac89  LRF_loadImage                                    
0003acd5  __aeabi_d2iz                                     
0003acd5  __fixdfsi                                        
0003ad1f  calloc                                           
0003adb5  ClockP_construct                                 
0003ae8d  PowerLPF3_getHfxtAmpAdjustment                   
0003aed5  RCL_Scheduler_postEvent                          
0003af1d  Temperature_registerNotifyRange                  
0003b1ed  localProgramStart                                
0003b355  xTimerCreateTimerTask                            
0003b78b  pthread_exit                                     
0003b85d  RCL_MultiBuffer_getBuffer                        
0003c1a5  RCL_Command_submit                               
0003c1e5  SemaphoreP_construct                             
0003c225  __aeabi_uidiv                                    
0003c225  __aeabi_uidivmod                                 
0003ca1d  PowerLPF3_selectLFXT                             
0003ca59  RCL_init                                         
0003ca95  RCL_openPowerNotifications                       
0003cb49  SemaphoreP_pend                                  
0003cbfd  eTaskConfirmSleepModeStatus                      
0003cced  vTaskPlaceOnEventListRestricted                  
0003cd29  vTaskStepTick                                    
0003d19d  __TI_auto_init_nobinit_nopinit                   
0003d1d9  __muldsi3                                        
0003d331  LRF_imagesNeedUpdate                             
0003d369  LRF_programTxPower                               
0003d3a1  LRF_updateTemperatureCompensation                
0003d411  RCL_closePowerNotifications                      
0003d449  SemaphoreP_create                                
0003d481  Temperature_getTemperature                       
0003d609  malloc                                           
0003da9f  RCL_TxBuffer_init                                
0003db0b  xQueueGenericCreateStatic                        
0003dc4d  HwiP_disable                                     
0003dcb5  PowerCC23X0_notify                               
0003dce9  Power_getDependencyCount                         
0003dd1d  RCL_MultiBuffer_init                             
0003debc  C$$EXIT                                          
0003def5  vTaskSetApplicationTaskTag                       
0003df29  xTaskGetApplicationTaskTag                       
0003e3cd  HwiP_dispatch                                    
0003e3fd  LRF_enable                                       
0003e48d  LRF_peekRxFifo                                   
0003e51d  Power_releaseConstraint                          
0003e54d  RCL_close                                        
0003e69d  hal_setup_setup_time                             
0003e6cd  sem_init                                         
0003ebd7  vListInsert                                      
0003ecbd  LRF_disable                                      
0003ece9  LRF_enableTemperatureMonitoring                  
0003ed15  LRF_prepareRxFifo                                
0003eda9  PowerLPF3_isLfincFilterAllowingStandby           
0003edd5  Power_setConstraint                              
0003ee2d  RCL_submitHook                                   
0003ee59  Temperature_unregisterNotify                     
0003ee85  __aeabi_i2d                                      
0003ee85  __floatsidf                                      
0003f483  xQueueCreateCountingSemaphoreStatic              
0003f501  ClockP_usleep                                    
0003f529  HwiP_restore                                     
0003f5f1  Power_registerNotify                             
0003f669  hal_setup_start_time                             
0003f691  hal_setup_sync_found_cap                         
0003fdb1  LRF_enableSynthRefsys                            
0003fdf9  LRF_getRawTxPower                                
0003fe41  List_get                                         
0003fe89  RCL_MultiBuffer_findAvailableRxSpace             
0003fead  __aeabi_lmul                                     
0003fead  __muldi3                                         
0003ff85  hal_set_temperature_notification                 
000400ed  xQueueCreateCountingSemaphore                    
00040495  List_remove                                      
000404b7  SemaphoreP_constructBinary                       
00040649  LRF_prepareTxFifo                                
00040669  List_put                                         
00040689  PowerLPF3_adjustHfxtAmp                          
000406c9  SemaphoreP_post                                  
00040729  hal_cancel_graceful_stop_time                    
00040749  hal_power_open                                   
00040769  hal_setup_hard_stop_time                         
00040829  uxListRemove                                     
00040d01  SemaphoreP_createBinary                          
00040d21  __aeabi_llsl                                     
00040d21  __ashldi3                                        
00040d7b  HwiP_setPriority                                 
00040d99  LRFDReleaseClockDependency                       
00040db5  LRFDSetClockDependency                           
00040e6d  PTLS_taskDeleteHook                              
00040f31  hal_power_release_swtcxo_update_constraint       
00041011  vTaskPlaceOnEventList                            
0004133d  _c_int00                                         
00041453  hal_clear_rcl_clock_enable                       
00041487  hal_set_rcl_clock_enable                         
00041761  RCL_MultiBuffer_put                              
00041779  RCL_Scheduler_delta                              
00041791  RCL_Scheduler_setNewStartAbsTime                 
000417a9  RCL_readRssi                                     
00041809  hal_power_close                                  
00041821  hal_setup_graceful_stop_time                     
00041851  pvTaskIncrementMutexHeldCount                    
00041e71  vListInsertEnd                                   
00041f49  ClockP_destruct                                  
00041f71  LRF_disableSynthRefsys                           
00041f85  LRF_disableTemperatureMonitoring                 
00041f99  LRF_enableCoexGrant                              
0004218d  Power_getConstraintCount                         
000421a1  RCL_MultiBuffer_RxEntry_isEmpty                  
000421f1  __aeabi_uldivmod                                 
0004227d  hal_enable_hard_stop_time_irq                    
00042291  hal_enable_setup_time_irq                        
000422a5  hal_get_command_ifg_reg                          
00042449  List_clearList                                   
000425d3  vQueueDelete                                     
0004261b  TI_memcpy_small                                  
0004262d  __TI_decompress_none                             
00042661  ClockP_setFunc                                   
00042681  HwiP_Params_init                                 
00042691  HwiP_setFunc                                     
000426a1  LRF_deassertCoexRequest                          
000426b1  LRF_rclDisableRadioClocks                        
000426c1  LRF_rclEnableRadioClocks                         
000426d1  LRF_waitForTopsmReady                            
00042881  PowerLPF3_forceHFXTCompensationUpdate            
00042891  Power_unregisterNotify                           
000428a1  RCL_MultiBuffer_findFirstWritableBuffer          
000428c1  free                                             
000428d1  hal_disable_all_command_radio_interrupts         
000428e1  hal_disable_all_dispatch_radio_interrupts        
000428f1  hal_disable_command_radio_interrupt              
00042901  hal_enable_clk_buffer                            
00042911  hal_enable_command_radio_interrupt               
00042921  hal_get_hfxt_ratio                               
00042931  hal_init_dispatch_radio_interrupts               
00042941  hal_stop_temperature_notification                
00042961  pthread_self                                     
00042971  resetISR                                         
00042b81  __TI_zero_init                                   
00042f17  RCL_Scheduler_setNewStartNow                     
00042f25  __aeabi_memset                                   
00042f25  __aeabi_memset4                                  
00042f25  __aeabi_memset8                                  
00042f95  TI_memset_small                                  
00042fa5  LRF_disableCoexGrant                             
00042fb1  LRF_initializeMaxRssi                            
00042fbd  LRF_readMaxRssi                                  
00042fc9  LRF_readRssi                                     
0004316d  RCL_clearNextCommandHook                         
00043179  RCL_getNextCommandHook                           
00043185  RCL_policyHook                                   
00043191  __aeabi_memclr                                   
00043191  __aeabi_memclr4                                  
00043191  __aeabi_memclr8                                  
000431c1  hal_clear_command_radio_interrupt                
000431cd  hal_get_current_time                             
000431d9  hal_get_dispatch_ifg_reg                         
0004378f  RCL_Command_stop                                 
00043799  RCL_Scheduler_cancelSchedStopTime                
000437a3  RCL_Scheduler_isLater                            
000437ad  RCL_Scheduler_setSchedStopTime                   
000437b7  hal_power_release_standby_constraint             
000437c1  hal_power_set_standby_constraint                 
000437cb  hal_power_set_swtcxo_update_constraint           
000437df  hal_trigger_command_fsm                          
000437e9  hal_trigger_dispatch_fsm                         
000437f3  hal_trigger_scheduler_fsm                        
00043869  HwiP_post                                        
00043c19  aligned_alloc                                    
00043ca9  RCL_MultiBuffer_clear                            
00043cb1  SemaphoreP_Params_init                           
00043cb9  __aeabi_memcpy                                   
00043cb9  __aeabi_memcpy4                                  
00043cb9  __aeabi_memcpy8                                  
00043cc9  hal_cancel_hard_stop_time                        
00043cd1  hal_cancel_start_time                            
00043cd9  hal_get_temperature                              
00043ce1  hal_temperature_init                             
00043d4f  LRF_initSettingsState                            
0004406f  hal_get_hfxt_ratio_default                       
0004407b  abort                                            
0004778c  TimestampP_nativeFormat32                        
00047790  __aeabi_ctype_table_                             
00047790  __aeabi_ctype_table_C                            
00047d84  LRF_txPowerTable                                 
00048130  LRF_swConfig                                     
00048148  LRF_swConfigAdcNoise                             
000482b8  LRF_config                                       
000482c8  LRF_configAdcNoise                               
00048360  lrfCoexConfiguration                             
00048373  rclFeatureControl                                
000483e3  sysTimerResolutionShift                          
000483e8  TimestampP_nativeFormat64                        
000483f0  swParamListSz                                    
000483f4  uxTopUsedPriority                                
000485ec  __TI_Handler_Table_Base                          
000485f8  __TI_Handler_Table_Limit                         
00048620  __TI_CINIT_Base                                  
00048650  __TI_CINIT_Limit                                 
00048650  __TI_CINIT_Warm                                  
20000000  __start___llvm_prf_bits                          
20000000  __start___llvm_prf_cnts                          
20000000  __stop___llvm_prf_bits                           
20000000  __stop___llvm_prf_cnts                           
20004974  rclSchedulerState                                
200049d8  clockHwi                                         
20004a08  swParamList                                      
20004a34  rclState                                         
20004a58  adcNoiseHandlerState                             
200070d8  __TI_cleanup_ptr                                 
200070dc  __TI_dtors_ptr                                   
20007324  HwiP_swiPIntNum                                  
2000776e  rclTemperatureThreshold                          
20007828  halSchedFsmCb                                    
2000782c  halDispatchFsmCb                                 
20007830  halCommandFsmCb                                  
20007834  fXtalInv                                         
2000784f  channel2usage                                    
20007864  pxCurrentTCB                                     
2000788c  rclPbeGpoMask                                    
2000fc00  __stack                                          
20010000  __STACK_END                                      
4e020000  ccfg                                             
4e020000  ti_utils_build_GenMap_sym_CRC_CCFG_BOOT_CFG_begin
4e02000b  ti_utils_build_GenMap_sym_CRC_CCFG_BOOT_CFG_end  
4e020010  ti_utils_build_GenMap_sym_CRC_CCFG_begin         
4e02074b  ti_utils_build_GenMap_sym_CRC_CCFG_end           
4e0207d0  ti_utils_build_GenMap_sym_CRC_CCFG_DEBUG_begin   
4e0207fb  ti_utils_build_GenMap_sym_CRC_CCFG_DEBUG_end     
90000000  TimestampP_nativeFormat64_copy                   
90000004  TimestampP_nativeFormat32_copy                   
ffffffff  __TI_pprof_out_hndl                              
ffffffff  __TI_prof_data_size                              
ffffffff  __TI_prof_data_start                             
ffffffff  __binit__                                        
ffffffff  binit                                            
UNDEFED   RCL_Debug_assertProxy                            
UNDEFED   RCL_Profiling_eventHook                          
UNDEFED   __mpu_init                                       
UNDEFED   _system_post_cinit                               

[357 symbols]
