******************************************************************************
            TI ARM Clang Linker PC v4.0.3                      
******************************************************************************
>> Linked Tue Jun 17 20:53:38 2025

OUTPUT FILE NAME:   <door_lock_LP_EM_CC2340R53_freertos_ticlang.out>
ENTRY POINT SYMBOL: "resetISR"  address: 0003f4e9


MEMORY CONFIGURATION

         name            origin    length      used     unused   attr    fill
----------------------  --------  ---------  --------  --------  ----  --------
  FLASH                 00000000   0007e000  0004509c  00038f64  R  X
  NVRAM                 0007e000   00002000  00002000  00000000  R  X
  SRAM                  20000000   00010000  00007847  000087b9  RW X
  S2RRAM                40098000   00001000  00000000  00001000  RW  
  CCFG                  4e020000   00000800  00000800  00000000  R   
  LOG_DATA              90000000   00040000  00000000  00040000  R   
  LOG_PTR               94000008   00040000  00000000  00040000  R   


SEGMENT ALLOCATION MAP

run origin  load origin   length   init length attrs members
----------  ----------- ---------- ----------- ----- -------
00000000    00000000    000450a4   000450a4    r-x
  00000000    00000000    0000008c   0000008c    r-- .resetVecs
  00000090    00000090    00040ffc   00040ffc    r-x .text
  00041090    00041090    00003dc8   00003dc8    r-- .rodata
  00044e58    00044e58    0000024c   0000024c    r-- .cinit
0007e000    0007e000    00002000   00000000    rw-
  0007e000    0007e000    00002000   00000000    rw- .TI.bound:flashBuf0
20000400    20000400    00000020   00000000    rw-
  20000400    20000400    00000010   00000000    rw- .TI.bound:dmaChannel0ControlTableEntry
  20000410    20000410    00000010   00000000    rw- .TI.bound:dmaChannel1ControlTableEntry
20000440    20000440    00000020   00000000    rw-
  20000440    20000440    00000010   00000000    rw- .TI.bound:dmaChannel4ControlTableEntry
  20000450    20000450    00000010   00000000    rw- .TI.bound:dmaChannel5ControlTableEntry
20000460    20000460    0000737e   00000000    rw-
  20000460    20000460    00004595   00000000    rw- .bss
  200049f8    200049f8    00002de6   00000000    rw- .data
2000fc00    2000fc00    00000400   00000000    rw-
  2000fc00    2000fc00    00000400   00000000    rw- .stack
4e020000    4e020000    00000800   00000800    r--
  4e020000    4e020000    00000800   00000800    r-- .ccfg


SECTION ALLOCATION MAP

 output                                  attributes/
section   page    origin      length       input sections
--------  ----  ----------  ----------   ----------------
.resetVecs 
*          0    00000000    0000008c     
                  00000000    0000008c     ti_freertos_config.o (.resetVecs)

.binit     0    00000000    00000000     

.text      0    00000090    00040ffc     
                  00000090    00003918     zb_zdo_zr.a : zboss_r23_zdo_zdo_rx.obj (.text.zb_zdo_data_indication)
                  000039a8    00001cb8     zb_router_role.a : zboss_r23_common_zb_nvram.obj (.text.zb_nvram_load)
                  00005660    00001860     ti_f3_main.o (.text.main_task_function)
                  00006ec0    000011f0     zb_router_role.a : zboss_r23_nwk_nwk_main.obj (.text.nwk_frame_indication)
                  000080b0    000010fc     rcl_cc23x0r5.a : ieee.c.obj (.text.RCL_Handler_Ieee_RxTx)
                  000091ac    00000eec     zb_router_role.a : zboss_r23_nwk_nwk_main.obj (.text.zb_mcps_data_indication_process_nwk)
                  0000a098    00000e54     {A6EE51F2-468C-4ACE-8CD5-1B3759E9EBB3} (.text.write_dataset_body_by_type)
                  0000aeec    00000c20     zb_router_role.a : zboss_r23_aps_aps_main.obj (.text.zb_nlde_data_indication_continue)
                  0000bb0c    000009ac     {A6EE51F2-468C-4ACE-8CD5-1B3759E9EBB3} (.text.ep_process_zcl_cmd)
                  0000c4b8    00000914     zb_router_role.a : zboss_r23_mac_mac.obj (.text.zb_mac_logic_iteration)
                  0000cdcc    00000900     {A6EE51F2-468C-4ACE-8CD5-1B3759E9EBB3} (.text.zgp_specific_cluster_cmd_handler)
                  0000d6cc    00000850     zb_router_role.a : zboss_r23_nwk_nwk_main.obj (.text.zb_nwk_handle_mcps_data_confirm)
                  0000df1c    00000808     {A6EE51F2-468C-4ACE-8CD5-1B3759E9EBB3} (.text:__TI_printfi)
                  0000e724    000007bc     zb_router_role.a : zboss_r23_zgp_zgp_stub.obj (.text.zb_gp_mcps_data_indication)
                  0000eee0    00000784     zb_cluster_zr.a : zboss_r23_zcl_zcl_scenes.obj (.text.zb_zcl_process_scenes_specific_commands_srv)
                  0000f664    000006dc     {A6EE51F2-468C-4ACE-8CD5-1B3759E9EBB3} (.text.zb_apsde_data_request_main)
                  0000fd40    000006c4     zb_router_role.a : zboss_r23_nwk_nwk_discovery.obj (.text.zb_mlme_beacon_notify_indication)
                  00010404    000005f4                      : zboss_r23_zgp_zgp_stub.obj (.text.zb_zgp_try_bidir_tx)
                  000109f8    00000554                      : zboss_r23_nwk_nwk_main.obj (.text.zb_nwk_forward)
                  00010f4c    00000550     zb_cluster_zr.a : zboss_r23_zcl_zcl_groups.obj (.text.zb_zcl_process_groups_commands_srv)
                  0001149c    00000534     {A6EE51F2-468C-4ACE-8CD5-1B3759E9EBB3} (.text.zb_sw_crypto_scalarmult)
                  000119d0    000004ac     {A6EE51F2-468C-4ACE-8CD5-1B3759E9EBB3} (.text.done_with_frag_tx_ack)
                  00011e7c    00000448     zb_zdo_zr.a : zboss_r23_zdo_af_rx.obj (.text.zb_apsde_data_acknowledged)
                  000122c4    00000428     zb_router_role.a : zboss_r23_nwk_nwk_discovery.obj (.text.zb_mlme_scan_confirm)
                  000126ec    00000414                      : zboss_r23_nwk_nwk_join.obj (.text.zb_nlme_rejoin_response)
                  00012b00    00000408     zb_ti_platform_zc_zr.a : mac_ti_f3_mac.obj (.text.rfCallback)
                  00012f08    000003b4     zb_router_role.a : zboss_r23_nwk_nwk_cr_mesh_routing.obj (.text.zb_nwk_mesh_rreq_handler)
                  000132bc    000003b4     zb_cluster_zr.a : zboss_r23_zcl_zcl_reporting.obj (.text.zb_zcl_report_attr)
                  00013670    000003b0     {A6EE51F2-468C-4ACE-8CD5-1B3759E9EBB3} (.text.zb_zcl_read_attr_handler_continue)
                  00013a20    00000374     zb_cluster_zr.a : zboss_r23_zcl_zcl_general_commands.obj (.text.zb_zcl_write_attr_handler)
                  00013d94    00000364     {A6EE51F2-468C-4ACE-8CD5-1B3759E9EBB3} (.text.zb_zdo_common_response_handler)
                  000140f8    00000360     zb_router_role.a : zboss_r23_secur_zdo_secur.obj (.text.zb_apsme_transport_key_indication)
                  00014458    00000360                      : zboss_r23_mac_mac_pib.obj (.text.zb_mlme_set_request_sync)
                  000147b8    0000035c     {A6EE51F2-468C-4ACE-8CD5-1B3759E9EBB3} (.text.zb_nwk_accept_child)
                  00014b14    0000034c     zb_router_role.a : zboss_r23_aps_aps_main.obj (.text.zb_apsde_data_request)
                  00014e60    00000318                      : zboss_r23_secur_aps_secur.obj (.text.zb_aps_unsecure_frame)
                  00015178    000002fc                      : zboss_r23_secur_apsme_secur.obj (.text.zb_aps_in_transport_key)
                  00015474    000002fc                      : zboss_r23_aps_aps_main.obj (.text.zb_nlde_data_confirm)
                  00015770    000002fc     zb_zdo_zr.a : zboss_r23_zdo_zdo_bind_manage.obj (.text.zb_zdo_bind_unbind_res)
                  00015a6c    000002f4     rcl_cc23x0r5.a : LRFCC23X0.c.obj (.text.LRF_temperatureCompensateTrim)
                  00015d60    000002c8                    : LRF.c.obj (.text.LRF_applySettings)
                  00016028    000002c8     {A6EE51F2-468C-4ACE-8CD5-1B3759E9EBB3} (.text.UART2LPF3_hwiIntFxn)
                  000162f0    000002bc     door_lock.o (.text.zboss_signal_handler)
                  000165ac    000002b4     secure_drivers_cc23x0r5.a : AESCMACLPF3.c.obj (.text.AESCMAC_oneStepSign)
                  00016860    000002ac     {A6EE51F2-468C-4ACE-8CD5-1B3759E9EBB3} (.text.bdb_network_steering_machine)
                  00016b0c    000002a8     zb_router_role.a : zboss_r23_aps_aps_bind.obj (.text.zb_apsme_bind_request)
                  00016db4    000002a4     rcl_cc23x0r5.a : LRFCC23X0.c.obj (.text.LRF_programFrequency)
                  00017058    000002a4     {A6EE51F2-468C-4ACE-8CD5-1B3759E9EBB3} (.text.bdb_handle_comm_signal)
                  000172fc    000002a4     {A6EE51F2-468C-4ACE-8CD5-1B3759E9EBB3} (.text.bdb_rejoin_machine)
                  000175a0    000002a4     zb_router_role.a : zboss_r23_mac_mac_scan.obj (.text.zb_mlme_scan_step)
                  00017844    000002a0                      : zboss_r23_common_zb_scheduler.obj (.text.zb_schedule_alarm)
                  00017ae4    00000298     {A6EE51F2-468C-4ACE-8CD5-1B3759E9EBB3} (.text.zdo_ed_scan_completed_channel_manager)
                  00017d7c    00000290     {A6EE51F2-468C-4ACE-8CD5-1B3759E9EBB3} (.text.zb_zcl_finish_and_send_packet_common)
                  0001800c    00000280     zb_ti_platform_zc_zr.a : mac_ti_f3_mac.obj (.text.mac_ti23xx_radio_init)
                  0001828c    0000027c     {A6EE51F2-468C-4ACE-8CD5-1B3759E9EBB3} (.text.zgp_proxy_entry_update)
                  00018508    00000270     {A6EE51F2-468C-4ACE-8CD5-1B3759E9EBB3} (.text.process_binding_for_respondent)
                  00018778    00000270     zb_router_role.a : zboss_r23_secur_aps_secur.obj (.text.zb_aps_secure_frame)
                  000189e8    00000270     zb_zdo_zr.a : zboss_r23_zdo_zdo_app_join.obj (.text.zb_nlme_network_discovery_confirm)
                  00018c58    00000258     zb_router_role.a : zboss_r23_common_zb_address.obj (.text.zb_address_update)
                  00018eb0    00000250                      : zboss_r23_aps_aps_main.obj (.text.zb_aps_ack_timer_cb)
                  00019100    0000023c     rcl_cc23x0r5.a : ieee.c.obj (.text.RCL_Handler_Ieee_processRxAction)
                  0001933c    00000234     zb_router_role.a : zboss_r23_aps_aps_main.obj (.text.zb_nlde_data_indication)
                  00019570    00000234     {A6EE51F2-468C-4ACE-8CD5-1B3759E9EBB3} (.text.zgp_proxy_send_gp_notification)
                  000197a4    00000230     {A6EE51F2-468C-4ACE-8CD5-1B3759E9EBB3} (.text.done_with_this_ack)
                  000199d4    00000230     zb_router_role.a : zboss_r23_nwk_nwk_join.obj (.text.zb_mlme_associate_confirm)
                  00019c04    00000230     {A6EE51F2-468C-4ACE-8CD5-1B3759E9EBB3} (.text.zcl_write_attr_post_process)
                  00019e34    00000220     {A6EE51F2-468C-4ACE-8CD5-1B3759E9EBB3} (.text.zb_nvram_get_length_dataset)
                  0001a054    0000021c     zb_router_role.a : zboss_r23_nwk_nwk_broadcasting.obj (.text.zb_nwk_broadcasting_transmit)
                  0001a270    00000218     {A6EE51F2-468C-4ACE-8CD5-1B3759E9EBB3} (.text.convert_beacon_to_exneighbor)
                  0001a488    00000214     {A6EE51F2-468C-4ACE-8CD5-1B3759E9EBB3} (.text._pconv_a)
                  0001a69c    00000214     zb_zdo_zr.a : zboss_r23_zdo_zdo_wwah_survey_beacons.obj (.text.zb_nlme_beacon_survey_scan_confirm)
                  0001a8b0    00000210     {A6EE51F2-468C-4ACE-8CD5-1B3759E9EBB3} (.text.nwk_alloc_and_fill_hdr_int)
                  0001aac0    00000210     {A6EE51F2-468C-4ACE-8CD5-1B3759E9EBB3} (.text.sendTx)
                  0001acd0    0000020c     rcl_cc23x0r5.a : adc_noise.c.obj (.text.RCL_Handler_ADC_Noise_getNoise)
                  0001aedc    0000020c     {A6EE51F2-468C-4ACE-8CD5-1B3759E9EBB3} (.text.aps_ack_send_handle)
                  0001b0e8    0000020c     zb_router_role.a : zboss_r23_secur_apsme_secur.obj (.text.zb_aps_in_confirm_key)
                  0001b2f4    00000204                      : zboss_r23_nwk_nwk_join.obj (.text.nwk_choose_parent)
                  0001b4f8    00000200     rcl_cc23x0r5.a : RCL.c.obj (.text.rclCommandHwi)
                  0001b6f8    00000200     {A6EE51F2-468C-4ACE-8CD5-1B3759E9EBB3} (.text.zb_aps_out_frag_schedule_send_next_block)
                  0001b8f8    000001fc     zb_router_role.a : zboss_r23_commissioning_bdb_zdo_commissioning_bdb.obj (.text.bdb_commissioning_machine)
                  0001baf4    000001f8     {A6EE51F2-468C-4ACE-8CD5-1B3759E9EBB3} (.text.nwk_association_join)
                  0001bcec    000001f8     {A6EE51F2-468C-4ACE-8CD5-1B3759E9EBB3} (.text.zb_aps_unsecure_frame_bykey)
                  0001bee4    000001f4     zb_cluster_zr.a : zboss_r23_zcl_zcl_reporting.obj (.text.zb_zcl_mark_attr_for_reporting_manuf)
                  0001c0d8    000001f0     {A6EE51F2-468C-4ACE-8CD5-1B3759E9EBB3} (.text.find_datasets_on_page)
                  0001c2c8    000001ec     rcl_cc23x0r5.a : LRFCC23X0.c.obj (.text.LRF_setupRadio)
                  0001c4b4    000001ec     {A6EE51F2-468C-4ACE-8CD5-1B3759E9EBB3} (.text.UART2_write)
                  0001c6a0    000001ec     zb_router_role.a : zboss_r23_nwk_nwk_main.obj (.text.zb_nwk_do_leave)
                  0001c88c    000001e4                      : zboss_r23_zgp_zgp_cluster_gp.obj (.text.zgp_proxy_handle_gp_response)
                  0001ca70    000001e0     {A6EE51F2-468C-4ACE-8CD5-1B3759E9EBB3} (.text.zb_nlme_rejoin_resp_sent_cont)
                  0001cc50    000001e0     {A6EE51F2-468C-4ACE-8CD5-1B3759E9EBB3} (.text.zb_zcl_scenes_process_add_scene_command)
                  0001ce30    000001d8     zb_router_role.a : zboss_r23_mac_mac.obj (.text.zb_mac_send_frame)
                  0001d008    000001d8                      : zboss_r23_nwk_nwk_join.obj (.text.zb_nlme_join_request)
                  0001d1e0    000001d4     {A6EE51F2-468C-4ACE-8CD5-1B3759E9EBB3} (.text.addr_add)
                  0001d3b4    000001d4     {A6EE51F2-468C-4ACE-8CD5-1B3759E9EBB3} (.text.zb_aps_send_command_main)
                  0001d588    000001d4     zb_router_role.a : zboss_r23_nwk_nwk_nlme.obj (.text.zb_nlme_leave_request)
                  0001d75c    000001d4                      : zboss_r23_nwk_nwk_link_status.obj (.text.zb_nwk_send_link_status_command)
                  0001d930    000001d0     secure_drivers_cc23x0r5.a : AESCTRLPF3.c.obj (.text.AESCTR_oneStepEncrypt)
                  0001db00    000001d0     {A6EE51F2-468C-4ACE-8CD5-1B3759E9EBB3} (.text._pconv_g)
                  0001dcd0    000001cc     {A6EE51F2-468C-4ACE-8CD5-1B3759E9EBB3} (.text.zb_zcl_disc_attr_handler)
                  0001de9c    000001c4     zb_router_role.a : zboss_r23_zgp_zgp_stub.obj (.text.zb_gp_data_req)
                  0001e060    000001b8     rcl_cc23x0r5.a : ieee.c.obj (.text.RCL_Handler_Ieee_updateSrcMatchTableShort)
                  0001e218    000001b8     {A6EE51F2-468C-4ACE-8CD5-1B3759E9EBB3} (.text.add_group_handler)
                  0001e3d0    000001b8     zb_router_role.a : zboss_r23_mac_mac_pib.obj (.text.zb_mlme_get_request)
                  0001e588    000001b8                      : zboss_r23_secur_zdo_secur.obj (.text.zb_secur_update_key_pair_ex)
                  0001e740    000001b4     zb_ti_platform_zc_zr.a : osif_ti_f3_crypto.obj (.text.hw_aes128)
                  0001e8f4    000001b4     zb_cluster_zr.a : zboss_r23_zcl_zcl_identify_commands.obj (.text.zb_zcl_process_identify_specific_commands_srv)
                  0001eaa8    000001b4     libc.a : _printfi.c.obj (.text:__TI_printfi)
                  0001ec5c    000001b0     {A6EE51F2-468C-4ACE-8CD5-1B3759E9EBB3} (.text.nwk_broadcasting_brrt_countdown_alarm)
                  0001ee0c    000001b0     zb_router_role.a : zboss_r23_nwk_nwk_cr_parent.obj (.text.zb_nwk_do_update_beacon_payload)
                  0001efbc    000001b0     zb_cluster_zr.a : zboss_r23_zcl_zcl_door_lock.obj (.text.zb_zcl_process_door_lock_specific_commands_srv)
                  0001f16c    000001ac     zb_zdo_zr.a : zboss_r23_zdo_zdo_app_leave.obj (.text.zb_nlme_leave_indication)
                  0001f318    000001a8     zb_router_role.a : zboss_r23_nwk_nwk_disc_table.obj (.text.zb_nwk_neighbor_ext_to_base)
                  0001f4c0    000001a4                      : zboss_r23_mac_mac.obj (.text.zb_mlme_handle_in_command)
                  0001f664    000001a4     {A6EE51F2-468C-4ACE-8CD5-1B3759E9EBB3} (.text.zb_nvram_migrate_current_page)
                  0001f808    000001a4     {A6EE51F2-468C-4ACE-8CD5-1B3759E9EBB3} (.text.zgp_proxy_table_entry_over_the_air_transmission)
                  0001f9ac    000001a0     ti_f3_main.o (.text.main)
                  0001fb4c    0000019c     zb_cluster_zr.a : zboss_r23_zcl_zcl_s_wwah.obj (.text.zb_zcl_wwah_periodic_checkin_match_desc_req)
                  0001fce8    00000198     {A6EE51F2-468C-4ACE-8CD5-1B3759E9EBB3} (.text.migrate_curr_page_to_new_version)
                  0001fe80    00000198     zb_router_role.a : zboss_r23_secur_apsme_secur.obj (.text.zb_apsme_update_device_request)
                  00020018    00000198                      : zboss_r23_nwk_nwk_cr_join.obj (.text.zb_mlme_comm_status_indication)
                  000201b0    00000194     zb_cluster_zr.a : zboss_r23_zcl_zcl_common.obj (.text.zb_zcl_process_device_command)
                  00020344    00000192     libclang_rt.builtins.a : adddf3.S.obj (.text.adddf3_subdf3)
                  000204d6    00000002     rcl_cc23x0r5.a : RCL_Gpio.c.obj (.text.RCL_GPIO_disable)
                  000204d8    0000018c     ti_freertos_config.o (.text.xQueueSemaphoreTake)
                  00020664    00000188     zb_cluster_zr.a : zboss_r23_zcl_zcl_general_commands.obj (.text.zb_zcl_discover_commands_res)
                  000207ec    00000184     zb_zdo_zr.a : zboss_r23_zdo_zdo_app.obj (.text.zb_aps_command_confirm)
                  00020970    00000184     zb_router_role.a : zboss_r23_aps_aps_main.obj (.text.zb_aps_hdr_parse)
                  00020af4    00000184                      : zboss_r23_mac_mac_scan.obj (.text.zb_mlme_scan_request)
                  00020c78    00000184                      : zboss_r23_nwk_nwk_cr_mesh_routing.obj (.text.zb_nwk_mesh_route_discovery)
                  00020dfc    00000180                      : zboss_r23_nwk_nwk_nlme.obj (.text.zb_nwk_load_pib_stm)
                  00020f7c    0000017c     {A6EE51F2-468C-4ACE-8CD5-1B3759E9EBB3} (.text.mlme_get_mac_diag_info)
                  000210f8    00000178     zb_router_role.a : zboss_r23_mac_mac_scan.obj (.text.zb_mac_send_enhanced_beacon_request_command)
                  00021270    00000174                      : zboss_r23_secur_nwk_secur.obj (.text.zb_nwk_secure_frame)
                  000213e4    00000174     {A6EE51F2-468C-4ACE-8CD5-1B3759E9EBB3} (.text.zdo_get_mac_diag_info_cb)
                  00021558    0000016c     zb_router_role.a : zboss_r23_mac_mac_data.obj (.text.zb_mcps_data_request)
                  000216c4    0000016c                      : zboss_r23_secur_zdo_secur.obj (.text.zb_zdo_secur_ecdhe_start)
                  00021830    00000164     zb_zdo_zr.a : zboss_r23_zdo_zdo_poll.obj (.text.zb_nlme_sync_confirm)
                  00021994    00000164     zb_router_role.a : zboss_r23_nwk_nwk_link_status.obj (.text.zb_nwk_add_age_neighbor_alarm)
                  00021af8    00000164     {A6EE51F2-468C-4ACE-8CD5-1B3759E9EBB3} (.text.zb_zcl_scenes_process_view_scene_command)
                  00021c5c    00000160     zb_router_role.a : zboss_r23_secur_apsme_secur.obj (.text.zb_aps_in_relay)
                  00021dbc    00000160                      : zboss_r23_zgp_zgp_stub.obj (.text.zgp_key_recovery)
                  00021f1c    00000158     zb_zdo_zr.a : zboss_r23_zdo_zdo_app_leave.obj (.text.zb_nlme_leave_confirm)
                  00022074    00000150     {A6EE51F2-468C-4ACE-8CD5-1B3759E9EBB3} (.text.prvTimerTask)
                  000221c4    0000014c     {A6EE51F2-468C-4ACE-8CD5-1B3759E9EBB3} (.text.RNGLPF3RF_generateEntropy)
                  00022310    0000014c     zb_router_role.a : zboss_r23_nwk_nwk_cr_join.obj (.text.zb_nlme_rejoin_request_handler)
                  0002245c    00000144     {A6EE51F2-468C-4ACE-8CD5-1B3759E9EBB3} (.text.UART2LPF3_initHw)
                  000225a0    00000144     zb_router_role.a : zboss_r23_aps_aps_main.obj (.text.zb_aps_clear_after_leave)
                  000226e4    00000144                      : zboss_r23_commissioning_bdb_bdb_finding_binding.obj (.text.zb_bdb_process_identify_query_res)
                  00022828    00000144     {A6EE51F2-468C-4ACE-8CD5-1B3759E9EBB3} (.text.zb_zgp_cluster_gp_comm_notification_req)
                  0002296c    00000140     drivers_cc23x0r5.a : NVSLPF3.c.obj (.text.NVSLPF3_write)
                  00022aac    00000140     {A6EE51F2-468C-4ACE-8CD5-1B3759E9EBB3} (.text.add_rev_route)
                  00022bec    00000140     rcl_cc23x0r5.a : RCL.c.obj (.text.rclStop)
                  00022d2c    00000140     ti_freertos_config.o (.text.xQueueGenericSend)
                  00022e6c    0000013c     {A6EE51F2-468C-4ACE-8CD5-1B3759E9EBB3} (.text.process_ed_timeout_resp)
                  00022fa8    0000013c     zb_router_role.a : zboss_r23_mac_mac.obj (.text.zb_mac_change_channel)
                  000230e4    0000013c                      : zboss_r23_nwk_nwk_cr_join.obj (.text.zb_mlme_associate_indication)
                  00023220    0000013c     zb_zdo_zr.a : zboss_r23_zdo_zdo_app.obj (.text.zdo_send_parent_annce)
                  0002335c    00000138     rcl_cc23x0r5.a : RCL_Scheduler.c.obj (.text.rclSchedulerProcessCmdStartStopTime)
                  00023494    00000138     zb_zdo_zr.a : zboss_r23_zdo_af_rx.obj (.text.zb_apsde_data_indication)
                  000235cc    00000138     zb_router_role.a : zboss_r23_secur_secur_ccm.obj (.text.zb_ccm_auth_trans)
                  00023704    00000134     {A6EE51F2-468C-4ACE-8CD5-1B3759E9EBB3} (.text.fcvt)
                  00023838    00000134     {A6EE51F2-468C-4ACE-8CD5-1B3759E9EBB3} (.text.nwk_broadcasting_unicast_transmission)
                  0002396c    00000134     {A6EE51F2-468C-4ACE-8CD5-1B3759E9EBB3} (.text.prvAddNewTaskToReadyList)
                  00023aa0    00000130     zb_router_role.a : zboss_r23_commissioning_bdb_zdo_commissioning_bdb.obj (.text.bdb_initialization_procedure)
                  00023bd0    00000130     zb_zdo_zr.a : zboss_r23_zdo_zdo_app.obj (.text.zb_apsde_data_confirm)
                  00023d00    00000130                 : zboss_r23_zdo_zdo_disc_cli.obj (.text.zb_zdo_initiate_nwk_addr_req_2param)
                  00023e30    0000012c     zb_cluster_zr.a : zboss_r23_zcl_zcl_s_wwah.obj (.text.zb_zcl_wwah_periodic_checkin_tc_poll)
                  00023f5c    0000012c     zb_zdo_zr.a : zboss_r23_zdo_zdo_bind_manage.obj (.text.zb_zdo_get_group_membership_req)
                  00024088    00000128     {A6EE51F2-468C-4ACE-8CD5-1B3759E9EBB3} (.text.zb_nwk_send_router_record_if_needed)
                  000241b0    00000128     zb_cluster_zr.a : zboss_r23_zcl_zcl_common.obj (.text.zb_zcl_get_attribute_size)
                  000242d8    00000128     {A6EE51F2-468C-4ACE-8CD5-1B3759E9EBB3} (.text.zb_zdo_node_desc_req_2param_cb)
                  00024400    00000124     ti_freertos_config.o (.text.PowerCC23X0_standbyPolicy)
                  00024524    00000124     rcl_cc23x0r5.a : ieee.c.obj (.text.RCL_IEEE_updateSourceMatchingTableShort)
                  00024648    00000124     zb_zdo_zr.a : zboss_r23_zdo_zdo_commissioning.obj (.text.zdo_commissioning_leave_done)
                  0002476c    00000124                 : zboss_r23_zdo_zdo_rx.obj (.text.zdo_parent_annce_handler)
                  00024890    00000120                 : zboss_r23_zdo_zdo_disc_cli.obj (.text.zb_zdo_init_node_desc_req_2param)
                  000249b0    0000011c     {A6EE51F2-468C-4ACE-8CD5-1B3759E9EBB3} (.text._pconv_e)
                  00024acc    0000011c     {A6EE51F2-468C-4ACE-8CD5-1B3759E9EBB3} (.text.allocate_buffer_unsafe)
                  00024be8    0000011c     zb_router_role.a : zboss_r23_aps_aps_main.obj (.text.aps_data_hdr_fill_datareq)
                  00024d04    0000011c     ti_freertos_config.o (.text.xQueueReceive)
                  00024e20    0000011c     zb_router_role.a : zboss_r23_common_zb_scheduler.obj (.text.zb_schedule_alarm_cancel)
                  00024f3c    0000011c     {A6EE51F2-468C-4ACE-8CD5-1B3759E9EBB3} (.text.zdo_ed_scan_completed_by_update_request)
                  00025058    00000118     zb_router_role.a : zboss_r23_nwk_nwk_address_conflict.obj (.text.zb_nwk_is_conflict_addr)
                  00025170    00000118                      : zboss_r23_nwk_nwk_cr_mesh_routing.obj (.text.zb_nwk_mesh_expiry_pending)
                  00025288    00000118                      : zboss_r23_secur_zdo_secur.obj (.text.zb_zdo_secur_send_challenge_req)
                  000253a0    00000118     zb_zdo_zr.a : zboss_r23_zdo_zdo_commissioning.obj (.text.zdo_commissioning_join_via_scanlist)
                  000254b8    00000114     {A6EE51F2-468C-4ACE-8CD5-1B3759E9EBB3} (.text.AESCTRDRBG_reseed)
                  000255cc    00000114     {A6EE51F2-468C-4ACE-8CD5-1B3759E9EBB3} (.text.bdb_initialization_machine)
                  000256e0    00000114     zb_router_role.a : zboss_r23_commissioning_bdb_bdb_finding_binding.obj (.text.zb_bdb_active_eps_check_cb)
                  000257f4    00000114                      : zboss_r23_nwk_zb_nwk_ed_aging.obj (.text.zb_mcps_poll_indication)
                  00025908    00000110     ti_freertos_config.o (.text.xTaskResumeAll)
                  00025a18    00000110     zb_router_role.a : zboss_r23_mac_mac_cr_data.obj (.text.zb_accept_data_request_cmd)
                  00025b28    00000110     {A6EE51F2-468C-4ACE-8CD5-1B3759E9EBB3} (.text.zgp_proxy_send_next_gp_notification)
                  00025c38    0000010c     libclang_rt.builtins.a : divdf3.S.obj (.text.__divdf3)
                  00025d44    0000010c     {A6EE51F2-468C-4ACE-8CD5-1B3759E9EBB3} (.text.zb_zcl_send_command_short_alias)
                  00025e50    00000108     {A6EE51F2-468C-4ACE-8CD5-1B3759E9EBB3} (.text.check_in_handle_check_binding_confirm)
                  00025f58    00000108     zb_router_role.a : zboss_r23_secur_aps_secur.obj (.text.zb_aps_secure_frame_by_key)
                  00026060    00000108                      : zboss_r23_zgp_zgp_cluster_gp.obj (.text.zb_gp_proxy_data_indication)
                  00026168    00000108                      : zboss_r23_mac_mac_data.obj (.text.zb_handle_mcps_data_req)
                  00026270    00000108     {A6EE51F2-468C-4ACE-8CD5-1B3759E9EBB3} (.text.zb_handle_mlme_orphan_response)
                  00026378    00000108     {A6EE51F2-468C-4ACE-8CD5-1B3759E9EBB3} (.text.zdo_mgmt_leave_local)
                  00026480    00000100     rcl_cc23x0r5.a : RCL.c.obj (.text.rclSchedulerHwi)
                  00026580    00000100     zb_router_role.a : zboss_r23_mac_mac_cr_data.obj (.text.zb_mcps_purge_indirect_queue_request)
                  00026680    000000fc     {A6EE51F2-468C-4ACE-8CD5-1B3759E9EBB3} (.text.aps_in_frag_do_merge_blocks)
                  0002677c    000000fc     ti_freertos_config.o (.text.xTaskIncrementTick)
                  00026878    000000fc     zb_router_role.a : zboss_r23_commissioning_bdb_bdb_finding_binding.obj (.text.zb_bdb_process_ext_addr_resp)
                  00026974    000000f8     {A6EE51F2-468C-4ACE-8CD5-1B3759E9EBB3} (.text.zb_nvram_dataset_data_is_valid)
                  00026a6c    000000f8     zb_zdo_zr.a : zboss_r23_zdo_af_descriptor.obj (.text.zb_set_node_descriptor)
                  00026b64    000000f4     {A6EE51F2-468C-4ACE-8CD5-1B3759E9EBB3} (.text.encrypt_trans)
                  00026c58    000000f4     zb_router_role.a : zboss_r23_aps_aps_main.obj (.text.zb_apsde_data_request_relay)
                  00026d4c    000000f4                      : zboss_r23_common_zb_nvram.obj (.text.zb_nvram_write_end)
                  00026e40    000000f4     zb_ti_platform_zc_zr.a : osif_ti_f3_nvram.obj (.text.zb_osif_nvram_erase_async)
                  00026f34    000000f4     zb_cluster_zr.a : zboss_r23_zcl_zcl_common.obj (.text.zb_zcl_check_attribute_writable)
                  00027028    000000f0     {A6EE51F2-468C-4ACE-8CD5-1B3759E9EBB3} (.text.zb_run_ed_aging)
                  00027118    000000f0     {A6EE51F2-468C-4ACE-8CD5-1B3759E9EBB3} (.text.zdo_diagnostics_get_mac_stats_cb)
                  00027208    000000ec     {A6EE51F2-468C-4ACE-8CD5-1B3759E9EBB3} (.text.bdb_restore_saved_rr)
                  000272f4    000000ec     zb_router_role.a : zboss_r23_aps_aps_main.obj (.text.zb_aps_pass_group_msg_up)
                  000273e0    000000ec                      : zboss_r23_nwk_nwk_cr_mesh_routing.obj (.text.zb_nwk_mesh_expiry_route_disc)
                  000274cc    000000e8     {A6EE51F2-468C-4ACE-8CD5-1B3759E9EBB3} (.text.ed_scan_assemble_result)
                  000275b4    000000e8     zb_router_role.a : zboss_r23_common_zb_address.obj (.text.zb_address_set_pan_id)
                  0002769c    000000e8     door_lock.o (.text.zcl_specific_cluster_cmd_handler)
                  00027784    000000e4     drivers_cc23x0r5.a : UART2LPF3.c.obj (.text.UART2Support_dmaStartTx)
                  00027868    000000e4     libclang_rt.builtins.a : muldf3.S.obj (.text.__muldf3)
                  0002794c    000000e4     {A6EE51F2-468C-4ACE-8CD5-1B3759E9EBB3} (.text.zb_apsme_unbind_all)
                  00027a30    000000e4     zb_router_role.a : zboss_r23_nwk_nwk_main.obj (.text.zb_nlde_data_request)
                  00027b14    000000e4                      : zboss_r23_nwk_nwk_main.obj (.text.zb_nwk_forget_device)
                  00027bf8    000000e4     {A6EE51F2-468C-4ACE-8CD5-1B3759E9EBB3} (.text.zb_zcl_conform_singleton)
                  00027cdc    000000e4     zb_cluster_zr.a : zboss_r23_zcl_zcl_reporting.obj (.text.zb_zcl_reporting_timer_handler)
                  00027dc0    000000e4     zb_zdo_zr.a : zboss_r23_zdo_zdo_common.obj (.text.zdo_send_req_by_short)
                  00027ea4    000000e4     {A6EE51F2-468C-4ACE-8CD5-1B3759E9EBB3} (.text.zgp_proxy_table_response_req)
                  00027f88    000000e2     {A6EE51F2-468C-4ACE-8CD5-1B3759E9EBB3} (.text.zb_zcl_put_attribute_value)
                  0002806a    00000002     rcl_cc23x0r5.a : RCL_Gpio.c.obj (.text.RCL_GPIO_enable)
                  0002806c    000000e0     zb_router_role.a : zboss_r23_commissioning_bdb_zdo_commissioning_bdb.obj (.text.bdb_force_link)
                  0002814c    000000e0                      : zboss_r23_aps_aps_bind.obj (.text.zb_apsme_unbind_by_ref)
                  0002822c    000000e0                      : zboss_r23_nwk_nwk_neighbor.obj (.text.zb_nwk_neighbor_get)
                  0002830c    000000e0     {A6EE51F2-468C-4ACE-8CD5-1B3759E9EBB3} (.text.zb_zdo_pim_turbo_poll_adaptation)
                  000283ec    000000dc     ti_freertos_config.o (.text.pvPortMalloc)
                  000284c8    000000dc     zb_router_role.a : zboss_r23_secur_apsme_secur.obj (.text.zb_apsme_verify_key_req)
                  000285a4    000000dc                      : zboss_r23_nwk_nwk_broadcasting.obj (.text.zb_nwk_broadcasting_clear)
                  00028680    000000dc                      : zboss_r23_nwk_nwk_address_conflict.obj (.text.zb_nwk_change_my_child_addr)
                  0002875c    000000dc                      : zboss_r23_nwk_zb_nwk_ed_aging.obj (.text.zb_nwk_restart_aging)
                  00028838    000000dc     {A6EE51F2-468C-4ACE-8CD5-1B3759E9EBB3} (.text.zb_zdo_mgmt_permit_joining_req)
                  00028914    000000dc     zb_zdo_zr.a : zboss_r23_zdo_zdo_tlv_mgmt.obj (.text.zb_zdo_upd_key_req_process_tlv)
                  000289f0    000000d8     libc.a : s_scalbn.c.obj (.text.ldexp)
                  00028ac8    000000d8     zb_ti_platform_zc_zr.a : mac_ti_f3_mac.obj (.text.mac_ti23xx_trans_set_rx_on_off)
                  00028ba0    000000d8     {A6EE51F2-468C-4ACE-8CD5-1B3759E9EBB3} (.text.nvram_read_aps_keypair)
                  00028c78    000000d8     rcl_cc23x0r5.a : RCL.c.obj (.text.rclDispatchHwi)
                  00028d50    000000d8     zb_router_role.a : zboss_r23_mac_mac.obj (.text.zb_handle_mlme_poll_request)
                  00028e28    000000d8                      : zboss_r23_nwk_nwk_join.obj (.text.zb_nlme_rejoin_scan_confirm)
                  00028f00    000000d8                      : zboss_r23_secur_zdo_secur.obj (.text.zb_zdo_sec_st_key_neg_req_send)
                  00028fd8    000000d8     zb_zdo_zr.a : zboss_r23_zdo_zdo_commissioning.obj (.text.zdo_commissioning_dev_annce_sent)
                  000290b0    000000d4     drivers_cc23x0r5.a : PowerCC23X0.c.obj (.text.Power_init)
                  00029184    000000d4     zb_router_role.a : zboss_r23_nwk_nwk_main.obj (.text.mcps_indication_process_in)
                  00029258    000000d4     {A6EE51F2-468C-4ACE-8CD5-1B3759E9EBB3} (.text.zb_nvram_read_aps_counters)
                  0002932c    000000d4     zb_zdo_zr.a : zboss_r23_zdo_zdo_diagnostics.obj (.text.zdo_diagnostics_inc)
                  00029400    000000d0     ti_freertos_config.o (.text.pthread_create)
                  000294d0    000000d0     {A6EE51F2-468C-4ACE-8CD5-1B3759E9EBB3} (.text.register_zdo_cb)
                  000295a0    000000d0     zb_router_role.a : zboss_r23_aps_aps_main.obj (.text.zb_aps_add_max_trans_size)
                  00029670    000000d0     {A6EE51F2-468C-4ACE-8CD5-1B3759E9EBB3} (.text.zb_check_frag_queue_cleanup_and_send_fail_confirm)
                  00029740    000000d0     zb_router_role.a : zboss_r23_nwk_nwk_neighbor.obj (.text.zb_nwk_nbt_get_entry_for_substitution)
                  00029810    000000d0     {A6EE51F2-468C-4ACE-8CD5-1B3759E9EBB3} (.text.zdo_initiate_rejoin_cont)
                  000298e0    000000cc     {A6EE51F2-468C-4ACE-8CD5-1B3759E9EBB3} (.text.PowerCC23X0_oscillatorISR)
                  000299ac    000000cc     door_lock.o (.text.test_device_interface_cb)
                  00029a78    000000cc     zb_router_role.a : zboss_r23_nwk_nwk_nlme.obj (.text.zb_nlme_reset_request)
                  00029b44    000000cc                      : zboss_r23_nwk_nwk_nlme.obj (.text.zb_nlme_sync_request)
                  00029c10    000000cc     zb_ti_platform_zc_zr.a : osif_ti_f3_crypto.obj (.text.zb_osif_random_hw)
                  00029cdc    000000cc     zb_router_role.a : zboss_r23_mac_mac_common.obj (.text.zb_parse_mhr_ptr)
                  00029da8    000000cc     zb_cluster_zr.a : zboss_r23_zcl_zcl_s_wwah.obj (.text.zb_zcl_wwah_send_survey_beacons_response)
                  00029e74    000000cc     {A6EE51F2-468C-4ACE-8CD5-1B3759E9EBB3} (.text.zgp_send_cluster_gp_comm_notification_req)
                  00029f40    000000c8     {A6EE51F2-468C-4ACE-8CD5-1B3759E9EBB3} (.text.do_send_leave_frame)
                  0002a008    000000c8     zb_router_role.a : zboss_r23_mac_mac_cr_associate.obj (.text.zb_mlme_associate_response)
                  0002a0d0    000000c8     {A6EE51F2-468C-4ACE-8CD5-1B3759E9EBB3} (.text.zb_nwk_mesh_send_rrep)
                  0002a198    000000c4     {A6EE51F2-468C-4ACE-8CD5-1B3759E9EBB3} (.text.bdb_key_exchg_node_desc_callback)
                  0002a25c    000000c4     zb_router_role.a : zboss_r23_mac_mac_associate.obj (.text.mac_call_associate_confirm_fail)
                  0002a320    000000c4                      : zboss_r23_common_zb_bufpool_mult.obj (.text.zb_buf_free_func)
                  0002a3e4    000000c4     {A6EE51F2-468C-4ACE-8CD5-1B3759E9EBB3} (.text.zgp_mlme_set_cfm_cb)
                  0002a4a8    000000c0     {A6EE51F2-468C-4ACE-8CD5-1B3759E9EBB3} (.text.check_gpdf_for_dup)
                  0002a568    000000c0     zb_router_role.a : zboss_r23_zgp_zgp_stub.obj (.text.zb_gp_data_cfm)
                  0002a628    000000c0                      : zboss_r23_mac_mac_cr_data.obj (.text.zb_handle_data_request_cmd_continue)
                  0002a6e8    000000c0     zb_cluster_zr.a : zboss_r23_zcl_zcl_reporting.obj (.text.zb_zcl_find_reporting_info_manuf)
                  0002a7a8    000000bc     ti_freertos_config.o (.text.vTaskSuspend)
                  0002a864    000000bc     zb_router_role.a : zboss_r23_mac_mac_cr_coordinator.obj (.text.zb_handle_beacon_req)
                  0002a920    000000bc     {A6EE51F2-468C-4ACE-8CD5-1B3759E9EBB3} (.text.zb_nlme_nwk_commis_req_send_pkt)
                  0002a9dc    000000bc     zb_router_role.a : zboss_r23_nwk_nwk_cr_permit_join.obj (.text.zb_nlme_permit_joining_request)
                  0002aa98    000000bc                      : zboss_r23_secur_ic_secur.obj (.text.zb_secur_ic_get_key_by_address)
                  0002ab54    000000bc     {A6EE51F2-468C-4ACE-8CD5-1B3759E9EBB3} (.text.zb_zcl_adjust_reporting_timer)
                  0002ac10    000000bc     zb_cluster_zr.a : zboss_r23_zcl_zcl_common.obj (.text.zb_zcl_get_next_target_endpoint)
                  0002accc    000000b8     rcl_cc23x0r5.a : RCL.c.obj (.text.RCL_scheduleHook)
                  0002ad84    000000b8     zb_router_role.a : zboss_r23_aps_aps_main.obj (.text.aps_send_fail_confirm)
                  0002ae3c    000000b8     ti_freertos_config.o (.text.xQueueGenericReset)
                  0002aef4    000000b8     zb_router_role.a : zboss_r23_nwk_nwk_join.obj (.text.zb_nlme_rejoin_send_pkt)
                  0002afac    000000b8     zb_zdo_zr.a : zboss_r23_zdo_af_rx.obj (.text.zb_zdo_device_is_unreachable)
                  0002b064    000000b4     {A6EE51F2-468C-4ACE-8CD5-1B3759E9EBB3} (.text.handle_bind_confirm.1451)
                  0002b118    000000b4     {A6EE51F2-468C-4ACE-8CD5-1B3759E9EBB3} (.text.zb_mlme_reset_request_sync)
                  0002b1cc    000000b4     zb_router_role.a : zboss_r23_common_zb_nvram.obj (.text.zb_nvram_write_start)
                  0002b280    000000b4     zb_zdo_zr.a : zboss_r23_zdo_zdo_app_join.obj (.text.zdo_join_to_nwk_descr)
                  0002b334    000000b4     {A6EE51F2-468C-4ACE-8CD5-1B3759E9EBB3} (.text.zdo_nwk_update_req_process_channel_ed_scan)
                  0002b3e8    000000b4     {A6EE51F2-468C-4ACE-8CD5-1B3759E9EBB3} (.text.zdo_send_req)
                  0002b49c    000000b0     {A6EE51F2-468C-4ACE-8CD5-1B3759E9EBB3} (.text.brrt_set_passive_ack)
                  0002b54c    000000b0     {A6EE51F2-468C-4ACE-8CD5-1B3759E9EBB3} (.text.nwk_fill_alloc_hdr_req)
                  0002b5fc    000000b0     zb_router_role.a : zboss_r23_nwk_nwk_formation.obj (.text.nwk_router_start_common)
                  0002b6ac    000000b0                      : zboss_r23_nwk_nwk_cr_join.obj (.text.zb_mcps_purge_indirect_queue_confirm)
                  0002b75c    000000b0                      : zboss_r23_mac_mac_associate.obj (.text.zb_mlme_send_association_req_cmd)
                  0002b80c    000000b0     zb_cluster_zr.a : zboss_r23_zcl_zcl_reporting.obj (.text.zb_zcl_wait_reporting_timeout)
                  0002b8bc    000000b0     zb_router_role.a : zboss_r23_zgp_zgp_proxy_table.obj (.text.zb_zgp_proxy_table_get_entry_by_non_empty_list_index)
                  0002b96c    000000ac     {A6EE51F2-468C-4ACE-8CD5-1B3759E9EBB3} (.text.send_bind_unbind_req)
                  0002ba18    000000ac     ti_freertos_config.o (.text.vTaskDelete)
                  0002bac4    000000ac     zb_router_role.a : zboss_r23_common_zb_address.obj (.text.zb_add_short_addr_sorted)
                  0002bb70    000000ac                      : zboss_r23_common_zb_nvram.obj (.text.zb_aps_keypair_write)
                  0002bc1c    000000a8     ti_f3_led_buttons.o (.text.button_callback)
                  0002bcc4    000000a8     zb_router_role.a : zboss_r23_common_zb_bufpool_mult.obj (.text.zb_buf_copy_func)
                  0002bd6c    000000a8                      : zboss_r23_nwk_nwk_cr_parent.obj (.text.zb_nlme_start_router_request)
                  0002be14    000000a8     {A6EE51F2-468C-4ACE-8CD5-1B3759E9EBB3} (.text.zb_nlme_status_indication_process)
                  0002bebc    000000a8     zb_router_role.a : zboss_r23_nwk_nwk_main.obj (.text.zb_nwk_handle_init)
                  0002bf64    000000a8                      : zboss_r23_nwk_nwk_formation.obj (.text.zb_nwk_handle_mlme_start_confirm)
                  0002c00c    000000a8     {A6EE51F2-468C-4ACE-8CD5-1B3759E9EBB3} (.text.zdo_mgmt_leave_req)
                  0002c0b4    000000a8     {A6EE51F2-468C-4ACE-8CD5-1B3759E9EBB3} (.text.zgp_tbl_load)
                  0002c15c    000000a4     {A6EE51F2-468C-4ACE-8CD5-1B3759E9EBB3} (.text.PowerCC23X0_lfxtQual)
                  0002c200    000000a4     {A6EE51F2-468C-4ACE-8CD5-1B3759E9EBB3} (.text.aps_in_frag_assemble_window_delayed)
                  0002c2a4    000000a4     zb_router_role.a : zboss_r23_commissioning_bdb_bdb_finding_binding.obj (.text.zb_bdb_simple_desc_check_cb)
                  0002c348    000000a4                      : zboss_r23_secur_secur_ccm.obj (.text.zb_ccm_decrypt_n_auth)
                  0002c3ec    000000a4     {A6EE51F2-468C-4ACE-8CD5-1B3759E9EBB3} (.text.zb_mac_resp_by_empty_frame_cb)
                  0002c490    000000a4     zb_router_role.a : zboss_r23_nwk_nwk_main.obj (.text.zb_mcps_data_indication)
                  0002c534    000000a4                      : zboss_r23_mac_mac_cr_associate.obj (.text.zb_process_ass_request_cmd)
                  0002c5d8    000000a4     zb_cluster_zr.a : zboss_r23_zcl_zcl_identify_commands.obj (.text.zb_zcl_start_identifying)
                  0002c67c    000000a4     {A6EE51F2-468C-4ACE-8CD5-1B3759E9EBB3} (.text.zb_zdo_nwk_addr_req_2param_cb)
                  0002c720    000000a4     {A6EE51F2-468C-4ACE-8CD5-1B3759E9EBB3} (.text.zb_zdo_poll_parent)
                  0002c7c4    000000a4     {A6EE51F2-468C-4ACE-8CD5-1B3759E9EBB3} (.text.zdo_cb_killer)
                  0002c868    000000a2     libclang_rt.builtins.a : udivmoddi4.S.obj (.text)
                  0002c90a    00000002     rcl_cc23x0r5.a : RCL.c.obj (.text.RCL_phyHook)
                  0002c90c    000000a0     zb_router_role.a : zboss_r23_nwk_nwk_nlme.obj (.text.nwk_next_rejoin_poll)
                  0002c9ac    000000a0     rcl_cc23x0r5.a : RCL_Scheduler.c.obj (.text.rclSchedulerCancelStopTime)
                  0002ca4c    000000a0     ti_freertos_config.o (.text.xTaskRemoveFromEventList)
                  0002caec    000000a0     zb_router_role.a : zboss_r23_commissioning_bdb_bdb_finding_binding.obj (.text.zb_bdb_process_active_eps_res)
                  0002cb8c    000000a0                      : zboss_r23_mac_mac_data.obj (.text.zb_mac_check_security)
                  0002cc2c    000000a0                      : zboss_r23_mac_mac_data.obj (.text.zb_mac_get_indirect_data)
                  0002cccc    000000a0                      : zboss_r23_nwk_nwk_join.obj (.text.zb_nlme_rejoin_response_timeout)
                  0002cd6c    000000a0                      : zboss_r23_nwk_nwk_broadcasting.obj (.text.zb_nwk_broadcasting_add_btr)
                  0002ce0c    000000a0     {A6EE51F2-468C-4ACE-8CD5-1B3759E9EBB3} (.text.zb_zgp_tx_packet_info_q_find_pos)
                  0002ceac    000000a0     zb_router_role.a : zboss_r23_zgp_zgp_common.obj (.text.zgp_channel_config_add_to_queue)
                  0002cf4c    000000a0                      : zboss_r23_zgp_zgp_proxy_table.obj (.text.zgp_proxy_table_write)
                  0002cfec    0000009c     rcl_cc23x0r5.a : LRF.c.obj (.text.LRF_TxPowerTable_findValue)
                  0002d088    0000009c     drivers_cc23x0r5.a : PowerCC23X0.c.obj (.text.PowerLPF3_sleep)
                  0002d124    0000009c     {A6EE51F2-468C-4ACE-8CD5-1B3759E9EBB3} (.text.doErase)
                  0002d1c0    0000009c     zb_router_role.a : zboss_r23_secur_zdo_secur.obj (.text.secur_authenticate_child)
                  0002d25c    0000009c                      : zboss_r23_common_zb_address.obj (.text.zb_address_unlock_func)
                  0002d2f8    0000009c                      : zboss_r23_nwk_nwk_disc_table.obj (.text.zb_nwk_exneighbor_by_ieee)
                  0002d394    0000009c                      : zboss_r23_nwk_nwk_neighbor.obj (.text.zb_nwk_neighbor_clear)
                  0002d430    00000098     {A6EE51F2-468C-4ACE-8CD5-1B3759E9EBB3} (.text.zb_aps_relay_secured)
                  0002d4c8    00000098     {A6EE51F2-468C-4ACE-8CD5-1B3759E9EBB3} (.text.zb_gp_data_transmission_finished)
                  0002d560    00000098     {A6EE51F2-468C-4ACE-8CD5-1B3759E9EBB3} (.text.zb_mac_send_data_conf)
                  0002d5f8    00000098     zb_router_role.a : zboss_r23_nwk_nwk_nlme.obj (.text.zb_nlme_send_status)
                  0002d690    00000098                      : zboss_r23_nwk_nwk_address_conflict.obj (.text.zb_nwk_change_my_addr_conf)
                  0002d728    00000098                      : zboss_r23_nwk_nwk_cr_mesh_routing.obj (.text.zb_nwk_mesh_add_buf_to_pending)
                  0002d7c0    00000098     zb_cluster_zr.a : zboss_r23_zcl_zcl_main.obj (.text.zb_zcl_send_default_resp_ext)
                  0002d858    00000098     zb_zdo_zr.a : zboss_r23_zdo_zdo_poll.obj (.text.zb_zdo_pim_init_defaults)
                  0002d8f0    00000094     driverlib.a : interrupt.c.obj (.text.IntSetPriority)
                  0002d984    00000094     rcl_cc23x0r5.a : RCL_Scheduler.c.obj (.text.RCL_Scheduler_setStopTimes)
                  0002da18    00000094     drivers_cc23x0r5.a : TemperatureLPF3.c.obj (.text.Temperature_init)
                  0002daac    00000094     door_lock.o (.text.button_press_handler)
                  0002db40    00000094     {A6EE51F2-468C-4ACE-8CD5-1B3759E9EBB3} (.text.mac_clear_pending_queue_slot)
                  0002dbd4    00000094     zb_router_role.a : zboss_r23_secur_zdo_secur.obj (.text.secur_nwk_key_switch)
                  0002dc68    00000094     {A6EE51F2-468C-4ACE-8CD5-1B3759E9EBB3} (.text.zb_address_update_if_absent)
                  0002dcfc    00000094     zb_router_role.a : zboss_r23_aps_aps_main.obj (.text.zb_aps_pass_local_msg_up)
                  0002dd90    00000094                      : zboss_r23_common_zb_bufpool_mult.obj (.text.zb_buf_initial_alloc_func)
                  0002de24    00000094     {A6EE51F2-468C-4ACE-8CD5-1B3759E9EBB3} (.text.zb_clear_bind_trans)
                  0002deb8    00000094     zb_router_role.a : zboss_r23_secur_zdo_secur.obj (.text.zb_secur_create_best_suitable_link_key_pair_set)
                  0002df4c    00000094     {A6EE51F2-468C-4ACE-8CD5-1B3759E9EBB3} (.text.zgp_mlme_get_cfm_cb)
                  0002dfe0    00000092     driverlib.a : aes_ticlang.s.obj (.text)
                  0002e072    00000002     {A6EE51F2-468C-4ACE-8CD5-1B3759E9EBB3} (.text.UART2LPF3_eventCallback)
                  0002e074    00000090     {A6EE51F2-468C-4ACE-8CD5-1B3759E9EBB3} (.text.AESCMACLPF3_getResult)
                  0002e104    00000090     rcl_cc23x0r5.a : RCL_Buffer.c.obj (.text.RCL_MultiBuffer_RxEntry_get)
                  0002e194    00000090     {A6EE51F2-468C-4ACE-8CD5-1B3759E9EBB3} (.text.aps_send_frame_via_binding)
                  0002e224    00000090     {A6EE51F2-468C-4ACE-8CD5-1B3759E9EBB3} (.text.bdb_network_formation_machine)
                  0002e2b4    00000090     {A6EE51F2-468C-4ACE-8CD5-1B3759E9EBB3} (.text.mac_ti23xx_send_packet)
                  0002e344    00000090     {A6EE51F2-468C-4ACE-8CD5-1B3759E9EBB3} (.text.nwk_scan_find_next_channel_mask)
                  0002e3d4    00000090     {A6EE51F2-468C-4ACE-8CD5-1B3759E9EBB3} (.text.prvInitialiseNewTask)
                  0002e464    00000090     {A6EE51F2-468C-4ACE-8CD5-1B3759E9EBB3} (.text.prvUnlockQueue)
                  0002e4f4    00000090     ti_freertos_config.o (.text.vTaskStartScheduler)
                  0002e584    00000090     zb_router_role.a : zboss_r23_mac_mac_common.obj (.text.zb_mac_fill_mhr)
                  0002e614    00000090                      : zboss_r23_mac_mac_data.obj (.text.zb_mac_indirect_data_rx_failed)
                  0002e6a4    00000090                      : zboss_r23_mac_mac_pib.obj (.text.zb_mac_reinit_pib)
                  0002e734    00000090                      : zboss_r23_mac_mac_cr_coordinator.obj (.text.zb_mlme_start_request)
                  0002e7c4    00000090                      : zboss_r23_common_zb_nvram.obj (.text.zb_nvram_write_dataset)
                  0002e854    00000090     {A6EE51F2-468C-4ACE-8CD5-1B3759E9EBB3} (.text.zdo_initiate_rejoin)
                  0002e8e4    00000090     {A6EE51F2-468C-4ACE-8CD5-1B3759E9EBB3} (.text.zdo_join_done_cont)
                  0002e974    0000008e     {A6EE51F2-468C-4ACE-8CD5-1B3759E9EBB3} (.text.square)
                  0002ea02    00000002     libclang_rt.builtins.a : aeabi_div0.c.obj (.text.__aeabi_idiv0)
                  0002ea04    0000008c     {A6EE51F2-468C-4ACE-8CD5-1B3759E9EBB3} (.text.UART2Support_dmaStopTx)
                  0002ea90    0000008c     {A6EE51F2-468C-4ACE-8CD5-1B3759E9EBB3} (.text.aps_in_frag_get_received_mask)
                  0002eb1c    0000008c     {A6EE51F2-468C-4ACE-8CD5-1B3759E9EBB3} (.text.short_search)
                  0002eba8    0000008c     zb_router_role.a : zboss_r23_secur_aps_secur.obj (.text.zb_increase_aps_outgoing_frame_counter)
                  0002ec34    0000008c                      : zboss_r23_mac_mac_cr_data.obj (.text.zb_mac_put_data_to_pending_queue)
                  0002ecc0    0000008c                      : zboss_r23_nwk_nwk_discovery.obj (.text.zb_nlme_network_discovery_request)
                  0002ed4c    0000008c     zb_zdo_zr.a : zboss_r23_zdo_zdo_hubs.obj (.text.zb_wwah_set_pending_channel)
                  0002edd8    0000008c                 : zboss_r23_zdo_zdo_common.obj (.text.zdo_af_resp)
                  0002ee64    00000088     {A6EE51F2-468C-4ACE-8CD5-1B3759E9EBB3} (.text.ClockP_hwiCallback)
                  0002eeec    00000088     rcl_cc23x0r5.a : RCL_AdcNoise.c.obj (.text.RCL_AdcNoise_get_samples_blocking)
                  0002ef74    00000088     {A6EE51F2-468C-4ACE-8CD5-1B3759E9EBB3} (.text.bdb_node_desc_workaround_callback)
                  0002effc    00000088     zb_cluster_zr.a : zboss_r23_zcl_zcl_common.obj (.text.cluster_needs_aps_encryption)
                  0002f084    00000088     {A6EE51F2-468C-4ACE-8CD5-1B3759E9EBB3} (.text.notify_about_expired_entry)
                  0002f10c    00000088     zb_router_role.a : zboss_r23_common_zb_bufpool_mult.obj (.text.zb_buf_alloc_right_func)
                  0002f194    00000088                      : zboss_r23_nwk_nwk_main.obj (.text.zb_mcps_build_data_request)
                  0002f21c    00000088     zb_cluster_zr.a : zboss_r23_zcl_zcl_ias_zone_commands.obj (.text.zb_zcl_ias_zone_put_cie_address_to_binding_whitelist)
                  0002f2a4    00000088                     : zboss_r23_zcl_zcl_reporting.obj (.text.zb_zcl_reporting_cb)
                  0002f32c    00000088                     : zboss_r23_zcl_zcl_reporting.obj (.text.zb_zcl_reporting_slot_number)
                  0002f3b4    00000088     {A6EE51F2-468C-4ACE-8CD5-1B3759E9EBB3} (.text.zdo_nwk_update_req_process_new_active_channel)
                  0002f43c    00000086     {A6EE51F2-468C-4ACE-8CD5-1B3759E9EBB3} (.text.zb_zcl_set_attr_val)
                  0002f4c2    00000086     {A6EE51F2-468C-4ACE-8CD5-1B3759E9EBB3} (.text.zgp_proxy_table_entry_size_over_the_air)
                  0002f548    00000084     ti_freertos_config.o (.text.ClockP_startup)
                  0002f5cc    00000084     {A6EE51F2-468C-4ACE-8CD5-1B3759E9EBB3} (.text.alloc_new_extneiboar)
                  0002f650    00000084     {A6EE51F2-468C-4ACE-8CD5-1B3759E9EBB3} (.text.handle_bind_unbind_confirm)
                  0002f6d4    00000084     {A6EE51F2-468C-4ACE-8CD5-1B3759E9EBB3} (.text.mac_child_hash_table_search)
                  0002f758    00000084     ti_freertos_config.o (.text.memalign)
                  0002f7dc    00000084     {A6EE51F2-468C-4ACE-8CD5-1B3759E9EBB3} (.text.nwk_do_retry)
                  0002f860    00000084     {A6EE51F2-468C-4ACE-8CD5-1B3759E9EBB3} (.text.prvAddCurrentTaskToDelayedList)
                  0002f8e4    00000084     {A6EE51F2-468C-4ACE-8CD5-1B3759E9EBB3} (.text.prvCheckForValidListAndQueue)
                  0002f968    00000084     rcl_cc23x0r5.a : RCL_Scheduler.c.obj (.text.rclSchedulerSetNewStopTime)
                  0002f9ec    00000084     {A6EE51F2-468C-4ACE-8CD5-1B3759E9EBB3} (.text.send_bind_unbind_with_check)
                  0002fa70    00000084     ti_freertos_config.o (.text.vTaskSwitchContext)
                  0002faf4    00000084     zb_router_role.a : zboss_r23_aps_aps_binding_whitelist.obj (.text.zb_check_binding_table_whitelist)
                  0002fb78    00000084     {A6EE51F2-468C-4ACE-8CD5-1B3759E9EBB3} (.text.zb_check_tc_rejoin)
                  0002fbfc    00000084     {A6EE51F2-468C-4ACE-8CD5-1B3759E9EBB3} (.text.zb_mlme_associate_indication_cont)
                  0002fc80    00000084     zb_cluster_zr.a : zboss_r23_zcl_zcl_common.obj (.text.zb_zcl_is_target_endpoint)
                  0002fd04    00000080     rcl_cc23x0r5.a : ieee.c.obj (.text.RCL_Handler_Ieee_setCustomEventTime)
                  0002fd84    00000080     {A6EE51F2-468C-4ACE-8CD5-1B3759E9EBB3} (.text.call_scan_complete_cb)
                  0002fe04    00000080     {A6EE51F2-468C-4ACE-8CD5-1B3759E9EBB3} (.text.check_cluster_list)
                  0002fe84    00000080     {A6EE51F2-468C-4ACE-8CD5-1B3759E9EBB3} (.text.ieee_search)
                  0002ff04    00000080     {A6EE51F2-468C-4ACE-8CD5-1B3759E9EBB3} (.text.mac_confirm_pending_queue_item)
                  0002ff84    00000080     {A6EE51F2-468C-4ACE-8CD5-1B3759E9EBB3} (.text.process_delayed_buf_entry_unsafe)
                  00030004    00000080     ti_freertos_config.o (.text.xTaskPriorityInherit)
                  00030084    00000080     {A6EE51F2-468C-4ACE-8CD5-1B3759E9EBB3} (.text.zb_ccm_encrypt_n_auth)
                  00030104    00000080     zb_router_role.a : zboss_r23_zgp_zgp_stub.obj (.text.zb_cgp_data_cfm)
                  00030184    00000080     {A6EE51F2-468C-4ACE-8CD5-1B3759E9EBB3} (.text.zb_get_buf_tail_ptr)
                  00030204    00000080     zb_router_role.a : zboss_r23_mac_mac_associate.obj (.text.zb_mlme_associate_request_do)
                  00030284    00000080     {A6EE51F2-468C-4ACE-8CD5-1B3759E9EBB3} (.text.zb_nwk_src_match_save_param_add_ent_with_cb)
                  00030304    00000080     zb_router_role.a : zboss_r23_common_zb_tlv.obj (.text.zb_tlv_general_tlv_processing)
                  00030384    00000080     zb_cluster_zr.a : zboss_r23_zcl_zcl_poll_control_commands.obj (.text.zb_zcl_poll_control_start_check_in)
                  00030404    00000080     zb_zdo_zr.a : zboss_r23_zdo_zdo_poll.obj (.text.zb_zdo_pim_start_turbo_poll_packets)
                  00030484    00000080     {A6EE51F2-468C-4ACE-8CD5-1B3759E9EBB3} (.text.zdo_perform_ed_scan)
                  00030504    00000080     zb_router_role.a : zboss_r23_zgp_zgp_cluster.obj (.text.zgp_init_by_scheduler)
                  00030584    0000007e     {A6EE51F2-468C-4ACE-8CD5-1B3759E9EBB3} (.text.zb_sec_b6_hash)
                  00030602    00000002     libclang_rt.builtins.a : aeabi_div0.c.obj (.text.__aeabi_ldiv0)
                  00030604    0000007c     {A6EE51F2-468C-4ACE-8CD5-1B3759E9EBB3} (.text.AESCTRDRBGXX_updateState)
                  00030680    0000007c     rcl_cc23x0r5.a : ieee.c.obj (.text.RCL_IEEE_Tx_submit)
                  000306fc    0000007c     zb_router_role.a : zboss_r23_zgp_zgp_secur.obj (.text.form_secur_header)
                  00030778    0000007c     {A6EE51F2-468C-4ACE-8CD5-1B3759E9EBB3} (.text.prvIdleTask)
                  000307f4    0000007c     {A6EE51F2-468C-4ACE-8CD5-1B3759E9EBB3} (.text.remove_all_groups_cb_send_default_resp)
                  00030870    0000007c     {A6EE51F2-468C-4ACE-8CD5-1B3759E9EBB3} (.text.temperatureEventCb)
                  000308ec    0000007c     zb_router_role.a : zboss_r23_common_zb_address.obj (.text.zb_address_ieee_by_ref)
                  00030968    0000007c                      : zboss_r23_common_zb_address.obj (.text.zb_address_ieee_by_short)
                  000309e4    0000007c                      : zboss_r23_aps_aps_bind.obj (.text.zb_apsme_move_dst_bind_table)
                  00030a60    0000007c     {A6EE51F2-468C-4ACE-8CD5-1B3759E9EBB3} (.text.zb_get_buf_delayed)
                  00030adc    0000007c     {A6EE51F2-468C-4ACE-8CD5-1B3759E9EBB3} (.text.zb_zdo_bind_unbind_req)
                  00030b58    0000007c     {A6EE51F2-468C-4ACE-8CD5-1B3759E9EBB3} (.text.zb_zgp_proxy_leave_from_commissioning_mode)
                  00030bd4    0000007c     {A6EE51F2-468C-4ACE-8CD5-1B3759E9EBB3} (.text.zdo_nwk_update_req_process_new_channel_mask)
                  00030c50    0000007c     libc.a : copy_decompress_lzss.c.obj (.text:decompress:lzss)
                  00030ccc    00000078     ti_freertos_config.o (.text.HwiP_construct)
                  00030d44    00000078     rcl_cc23x0r5.a : RCL_Scheduler.c.obj (.text.RCL_Scheduler_findStopStatus)
                  00030dbc    00000078     {A6EE51F2-468C-4ACE-8CD5-1B3759E9EBB3} (.text.get_new_reporting_info)
                  00030e34    00000078     rcl_cc23x0r5.a : hal_cc23x0.c.obj (.text.hal_init_fsm)
                  00030eac    00000078     zb_router_role.a : zboss_r23_mac_mac_cr_data.obj (.text.mac_check_pending_data)
                  00030f24    00000078     {A6EE51F2-468C-4ACE-8CD5-1B3759E9EBB3} (.text.nwk_internals_clear)
                  00030f9c    00000078     rcl_cc23x0r5.a : RCL_Scheduler.c.obj (.text.rclSchedulerFindEarliestStopTime)
                  00031014    00000078     ti_freertos_config.o (.text.xQueueReceiveFromISR)
                  0003108c    00000078     zb_router_role.a : zboss_r23_commissioning_bdb_bdb_finding_binding.obj (.text.zb_bdb_finding_binding_target_alarm_ep)
                  00031104    00000078                      : zboss_r23_common_zb_channel_page.obj (.text.zb_channel_page_channel_logical_to_number)
                  0003117c    00000078                      : zboss_r23_mac_mac_pib.obj (.text.zb_mlme_set_request)
                  000311f4    00000078                      : zboss_r23_nwk_nwk_address_conflict.obj (.text.zb_nwk_address_conflict_start_process)
                  0003126c    00000078                      : zboss_r23_nwk_nwk_neighbor.obj (.text.zb_nwk_neighbor_complete_deletion)
                  000312e4    00000078                      : zboss_r23_nwk_zb_nwk_ed_aging.obj (.text.zb_nwk_src_match_add_ent)
                  0003135c    00000078     ti_f3_led_buttons.o (.text.zb_osif_led_button_init)
                  000313d4    00000078     zb_router_role.a : zboss_r23_secur_zdo_secur.obj (.text.zb_zdo_sec_get_auth_tok_req_snd)
                  0003144c    00000078     {A6EE51F2-468C-4ACE-8CD5-1B3759E9EBB3} (.text.zb_zgp_key_gen)
                  000314c4    00000078     zb_zdo_zr.a : zboss_r23_zdo_zdo_app_join.obj (.text.zdo_next_nwk_discovery_req)
                  0003153c    00000078                 : zboss_r23_zdo_zdo_app_join.obj (.text.zdo_rejoin_clear_prev_join)
                  000315b4    00000078     {A6EE51F2-468C-4ACE-8CD5-1B3759E9EBB3} (.text.zgp_add_group_alias_for_entry)
                  0003162c    00000078     zb_router_role.a : zboss_r23_zgp_zgp_proxy_table.obj (.text.zgp_is_equal_zgpd_id_for_table_entry)
                  000316a4    00000076     {A6EE51F2-468C-4ACE-8CD5-1B3759E9EBB3} (.text.prvCopyDataToQueue)
                  0003171a    00000002     {A6EE51F2-468C-4ACE-8CD5-1B3759E9EBB3} (.text.dummy_handler)
                  0003171c    00000074     {A6EE51F2-468C-4ACE-8CD5-1B3759E9EBB3} (.text.AESCTRLPF3_hwiFxn)
                  00031790    00000074     libclang_rt.builtins.a : comparedf2.c.obj (.text.__gedf2)
                  00031804    00000074     zb_router_role.a : zboss_r23_secur_bdb_secur.obj (.text.bdb_initiate_key_exchange)
                  00031878    00000074     {A6EE51F2-468C-4ACE-8CD5-1B3759E9EBB3} (.text.broadcast_endpoint_delivery_step)
                  000318ec    00000074     {A6EE51F2-468C-4ACE-8CD5-1B3759E9EBB3} (.text.construct_aes_nonce)
                  00031960    00000074     zb_ti_platform_zc_zr.a : mac_ti_f3_mac.obj (.text.update_rx_panconfig)
                  000319d4    00000074     zb_router_role.a : zboss_r23_common_zb_address.obj (.text.zb_address_lock_func)
                  00031a48    00000074                      : zboss_r23_aps_aps_bind.obj (.text.zb_aps_check_binding_request)
                  00031abc    00000074                      : zboss_r23_common_zb_nvram.obj (.text.zb_aps_keypair_load_by_idx)
                  00031b30    00000074     {A6EE51F2-468C-4ACE-8CD5-1B3759E9EBB3} (.text.zb_schedule_callback_prior)
                  00031ba4    00000074     zb_cluster_zr.a : zboss_r23_zcl_zcl_diagnostics_commands.obj (.text.zb_zcl_diagnostics_sync_counters)
                  00031c18    00000074     zb_zdo_zr.a : zboss_r23_zdo_zdo_app_join.obj (.text.zdo_send_device_annce)
                  00031c8c    00000074     {A6EE51F2-468C-4ACE-8CD5-1B3759E9EBB3} (.text.zgp_tbls_aging_alarm)
                  00031d00    00000072     {A6EE51F2-468C-4ACE-8CD5-1B3759E9EBB3} (.text.zb_zcl_set_attr_val_manuf_internal)
                  00031d72    00000002     {A6EE51F2-468C-4ACE-8CD5-1B3759E9EBB3} (.text.errorSpin)
                  00031d74    00000070     ti_freertos_config.o (.text.ClockP_start)
                  00031de4    00000070     drivers_cc23x0r5.a : NVSLPF3.c.obj (.text.NVSLPF3_open)
                  00031e54    00000070     {A6EE51F2-468C-4ACE-8CD5-1B3759E9EBB3} (.text.PowerCC23X0_startHFXT)
                  00031ec4    00000070     drivers_cc23x0r5.a : PowerCC23X0.c.obj (.text.Power_sleep)
                  00031f34    00000070                        : UART2LPF3.c.obj (.text.UART2Support_dmaStopRx)
                  00031fa4    00000070     {A6EE51F2-468C-4ACE-8CD5-1B3759E9EBB3} (.text.aps_in_frag_mac_ack_for_aps_ack_arrived)
                  00032014    00000070     {A6EE51F2-468C-4ACE-8CD5-1B3759E9EBB3} (.text.mult)
                  00032084    00000070     zb_router_role.a : zboss_r23_nwk_nwk_discovery.obj (.text.nlme_scan_request)
                  000320f4    00000070     {A6EE51F2-468C-4ACE-8CD5-1B3759E9EBB3} (.text.nwk_broadcasting_btr_aging_alarm)
                  00032164    00000070     {A6EE51F2-468C-4ACE-8CD5-1B3759E9EBB3} (.text.send_ed_timeout_req)
                  000321d4    00000070     {A6EE51F2-468C-4ACE-8CD5-1B3759E9EBB3} (.text.startCSMABackoff)
                  00032244    00000070     zb_router_role.a : zboss_r23_common_zb_address.obj (.text.zb_address_delete)
                  000322b4    00000070     {A6EE51F2-468C-4ACE-8CD5-1B3759E9EBB3} (.text.zb_aps_check_max_trans_size_timer_cb)
                  00032324    00000070     {A6EE51F2-468C-4ACE-8CD5-1B3759E9EBB3} (.text.zb_mac_call_comm_status_ind)
                  00032394    00000070     zb_router_role.a : zboss_r23_mac_mac_cr_coordinator.obj (.text.zb_mac_update_superframe_and_pib)
                  00032404    00000070     {A6EE51F2-468C-4ACE-8CD5-1B3759E9EBB3} (.text.zb_mlme_handle_orphan_response_continue)
                  00032474    00000070     {A6EE51F2-468C-4ACE-8CD5-1B3759E9EBB3} (.text.zb_nvram_get_dataset_version)
                  000324e4    00000070     zb_router_role.a : zboss_r23_nwk_nwk_neighbor.obj (.text.zb_nwk_neighbor_get_ed_short_list)
                  00032554    00000070                      : zboss_r23_nwk_nwk_main.obj (.text.zb_nwk_send_direct_leave_req)
                  000325c4    00000070     zb_cluster_zr.a : zboss_r23_zcl_zcl_general_commands.obj (.text.zb_zcl_get_attr_desc_manuf)
                  00032634    00000070     {A6EE51F2-468C-4ACE-8CD5-1B3759E9EBB3} (.text.zb_zdo_pim_restart_poll)
                  000326a4    00000070     zb_cluster_zr.a : zboss_r23_zcl_zcl_poll_control_commands.obj (.text.zcl_poll_control_check_in_send_cb)
                  00032714    00000070     zb_zdo_zr.a : zboss_r23_zdo_zdo_app_leave.obj (.text.zdo_device_removed)
                  00032784    00000070     {A6EE51F2-468C-4ACE-8CD5-1B3759E9EBB3} (.text.zdo_validate_desc_resp)
                  000327f4    00000070     {A6EE51F2-468C-4ACE-8CD5-1B3759E9EBB3} (.text.zgp_proxy_handle_commissioning_gpdf)
                  00032864    0000006c     ti_freertos_config.o (.text.ClockP_stop)
                  000328d0    0000006c     {A6EE51F2-468C-4ACE-8CD5-1B3759E9EBB3} (.text.age_dups)
                  0003293c    0000006c     {A6EE51F2-468C-4ACE-8CD5-1B3759E9EBB3} (.text.aps_in_frag_restart_ack_timer)
                  000329a8    0000006c     {A6EE51F2-468C-4ACE-8CD5-1B3759E9EBB3} (.text.aps_in_frag_stop_entry)
                  00032a14    0000006c     {A6EE51F2-468C-4ACE-8CD5-1B3759E9EBB3} (.text.get_endpoint_by_cluster_with_role)
                  00032a80    0000006c     zb_cluster_zr.a : zboss_r23_zcl_zcl_common.obj (.text.get_profile_id_by_endpoint)
                  00032aec    0000006c     zb_router_role.a : zboss_r23_common_zb_address.obj (.text.zb_address_done_ieee_disc)
                  00032b58    0000006c                      : zboss_r23_aps_aps_main.obj (.text.zb_aps_pass_local_group_pkt_up)
                  00032bc4    0000006c                      : zboss_r23_nwk_nwk_discovery.obj (.text.zb_nlme_ed_scan_request)
                  00032c30    0000006c                      : zboss_r23_nwk_nwk_join.obj (.text.zb_nlme_rejoin_set_parent_long)
                  00032c9c    0000006c     zb_zdo_zr.a : zboss_r23_zdo_zdo_app.obj (.text.zb_nlme_start_router_confirm)
                  00032d08    0000006c     {A6EE51F2-468C-4ACE-8CD5-1B3759E9EBB3} (.text.zb_nvram_write_aps_counters)
                  00032d74    0000006c     zb_router_role.a : zboss_r23_nwk_nwk_tlv_mgmt.obj (.text.zb_nwk_commissioning_req_put_tlv)
                  00032de0    0000006c                      : zboss_r23_common_zb_scheduler.obj (.text.zb_schedule_get_alarm_time)
                  00032e4c    0000006c     {A6EE51F2-468C-4ACE-8CD5-1B3759E9EBB3} (.text.zb_send_device_update_signal_delayed2)
                  00032eb8    0000006c     {A6EE51F2-468C-4ACE-8CD5-1B3759E9EBB3} (.text.zb_zcl_add_cluster_handlers)
                  00032f24    0000006c     {A6EE51F2-468C-4ACE-8CD5-1B3759E9EBB3} (.text.zb_zcl_diagnostics_sync_counters_cb)
                  00032f90    00000068     rcl_cc23x0r5.a : LRFCC23X0.c.obj (.text.LRF_setTrimCommon)
                  00032ff8    00000068                    : ieee.c.obj (.text.RCL_Handler_Ieee_updateStats)
                  00033060    00000068     libclang_rt.builtins.a : comparedf2.c.obj (.text.__ledf2)
                  000330c8    00000068     zb_router_role.a : zboss_r23_commissioning_bdb_zdo_commissioning_bdb.obj (.text.bdb_after_mgmt_permit_joining_cb)
                  00033130    00000068                      : zboss_r23_commissioning_bdb_zdo_commissioning_bdb.obj (.text.bdb_network_steering_start_scan)
                  00033198    00000068     {A6EE51F2-468C-4ACE-8CD5-1B3759E9EBB3} (.text.brrt_find_entry_by_nwk_hdr)
                  00033200    00000068     {A6EE51F2-468C-4ACE-8CD5-1B3759E9EBB3} (.text.get_endpoint_by_cluster)
                  00033268    00000068     zb_ti_platform_zc_zr.a : mac_ti_f3_mac.obj (.text.mac_ti23xx_src_match_short_set_pending_bit)
                  000332d0    00000068     uart2callback.o (.text.user_print)
                  00033338    00000068     ti_freertos_config.o (.text.vTaskPriorityDisinheritAfterTimeout)
                  000333a0    00000068     ti_freertos_config.o (.text.xTaskCheckForTimeOut)
                  00033408    00000068     zb_router_role.a : zboss_r23_common_zb_address.obj (.text.zb_address_get_pan_id_ref)
                  00033470    00000068     {A6EE51F2-468C-4ACE-8CD5-1B3759E9EBB3} (.text.zb_aps_hdr_mod)
                  000334d8    00000068     zb_router_role.a : zboss_r23_commissioning_bdb_bdb_finding_binding.obj (.text.zb_bdb_process_simple_desc_res)
                  00033540    00000068                      : zboss_r23_nwk_nwk_cr_join.obj (.text.zb_mlme_orphan_indication)
                  000335a8    00000068                      : zboss_r23_common_zb_nvram.obj (.text.zb_nvram_write_data)
                  00033610    00000068     {A6EE51F2-468C-4ACE-8CD5-1B3759E9EBB3} (.text.zb_nwk_call_br_confirm)
                  00033678    00000068     zb_router_role.a : zboss_r23_nwk_zb_nwk_ed_aging.obj (.text.zb_nwk_ed_aging_timeout)
                  000336e0    00000068     {A6EE51F2-468C-4ACE-8CD5-1B3759E9EBB3} (.text.zb_panid_conflict_set_panid_conf)
                  00033748    00000068     zb_router_role.a : zboss_r23_common_zb_scheduler.obj (.text.zb_schedule_callback2)
                  000337b0    00000068                      : zboss_r23_secur_zdo_secur.obj (.text.zb_secur_get_link_key_by_address)
                  00033818    00000068     {A6EE51F2-468C-4ACE-8CD5-1B3759E9EBB3} (.text.zb_zcl_finish_and_send_packet_new)
                  00033880    00000068     zb_cluster_zr.a : zboss_r23_zcl_zcl_identify_commands.obj (.text.zb_zcl_identify_effect_invoke_user_app)
                  000338e8    00000068                     : zboss_r23_zcl_zcl_identify_commands.obj (.text.zb_zcl_identify_time_handler)
                  00033950    00000068     zb_zdo_zr.a : zboss_r23_zdo_zdo_app_join.obj (.text.zdo_authenticated_send_device_annce)
                  000339b8    00000066     {A6EE51F2-468C-4ACE-8CD5-1B3759E9EBB3} (.text._mcpy)
                  00033a1e    00000002     ti_freertos_config.o (.text.vApplicationStackOverflowHook)
                  00033a20    00000064     secure_drivers_cc23x0r5.a : AESCommonLPF3.c.obj (.text.AESCommonLPF3_construct)
                  00033a84    00000064     {A6EE51F2-468C-4ACE-8CD5-1B3759E9EBB3} (.text.GPIO_setConfigAndMux)
                  00033ae8    00000064     {A6EE51F2-468C-4ACE-8CD5-1B3759E9EBB3} (.text.aps_in_frag_send_ack)
                  00033b4c    00000064     {A6EE51F2-468C-4ACE-8CD5-1B3759E9EBB3} (.text.bdb_finding_n_binding_machine)
                  00033bb0    00000064     {A6EE51F2-468C-4ACE-8CD5-1B3759E9EBB3} (.text.nwk_cancel_network_discovery_response)
                  00033c14    00000064     ti_freertos_config.o (.text.xTaskCreate)
                  00033c78    00000064     zb_router_role.a : zboss_r23_common_zb_address.obj (.text.zb_address_by_ref)
                  00033cdc    00000064     zb_zdo_zr.a : zboss_r23_zdo_af_rx.obj (.text.zb_apsde_data_indication_cont)
                  00033d40    00000064     zb_router_role.a : zboss_r23_nwk_nwk_cr_mesh_routing.obj (.text.zb_nwk_calc_path_cost)
                  00033da4    00000064                      : zboss_r23_nwk_nwk_disc_table.obj (.text.zb_nwk_exneighbor_by_short)
                  00033e08    00000064                      : zboss_r23_nwk_nwk_neighbor.obj (.text.zb_nwk_nbr_next_ze_children_i)
                  00033e6c    00000064     {A6EE51F2-468C-4ACE-8CD5-1B3759E9EBB3} (.text.zb_nwk_src_match_restore_iter)
                  00033ed0    00000064     zb_router_role.a : zboss_r23_common_zb_scheduler.obj (.text.zb_schedule_tx_cb)
                  00033f34    00000064     {A6EE51F2-468C-4ACE-8CD5-1B3759E9EBB3} (.text.zb_send_device_authorized_signal_delayed2)
                  00033f98    00000064     zb_router_role.a : zboss_r23_common_zb_time.obj (.text.zb_timer_start)
                  00033ffc    00000064     zb_zdo_zr.a : zboss_r23_zdo_zdo_hubs.obj (.text.zb_wwah_set_leave_without_rejoin_allowed)
                  00034060    00000064     zb_cluster_zr.a : zboss_r23_zcl_zcl_main.obj (.text.zb_zcl_process_command_finish)
                  000340c4    00000064     {A6EE51F2-468C-4ACE-8CD5-1B3759E9EBB3} (.text.zb_zdo_node_desc_req)
                  00034128    00000064     zb_router_role.a : zboss_r23_secur_bdb_secur.obj (.text.zdo_secur_update_tclk_done)
                  0003418c    00000064     {A6EE51F2-468C-4ACE-8CD5-1B3759E9EBB3} (.text.zdo_wwah_start_survey_beacons_cont)
                  000341f0    00000064     zb_router_role.a : zboss_r23_zgp_zgp_common.obj (.text.zgp_channel_config_transceiver_channel_change)
                  00034254    00000062     libclang_rt.builtins.a : aeabi_dcmp.S.obj (.text.__aeabi_dcmp)
                  000342b6    00000002     ti_freertos_portable_config.o (.text.vPortSVCHandler)
                  000342b8    00000060     rcl_cc23x0r5.a : ieee.c.obj (.text.RCL_IEEE_updateRxAction)
                  00034318    00000060     {A6EE51F2-468C-4ACE-8CD5-1B3759E9EBB3} (.text.add_group_cb_send_add_group_resp)
                  00034378    00000060     {A6EE51F2-468C-4ACE-8CD5-1B3759E9EBB3} (.text.add_group_cb_send_default_resp)
                  000343d8    00000060     {A6EE51F2-468C-4ACE-8CD5-1B3759E9EBB3} (.text.bdb_force_rejoin_if_not_in_progress)
                  00034438    00000060     {A6EE51F2-468C-4ACE-8CD5-1B3759E9EBB3} (.text.bdb_precomm_rejoin_over_all_channels)
                  00034498    00000060     zb_router_role.a : zboss_r23_nwk_nwk_main.obj (.text.nwk_call_nlde_data_confirm)
                  000344f8    00000060     {A6EE51F2-468C-4ACE-8CD5-1B3759E9EBB3} (.text.nwk_route_disc_failed)
                  00034558    00000060     {A6EE51F2-468C-4ACE-8CD5-1B3759E9EBB3} (.text.remove_group_cb_send_remove_group_resp)
                  000345b8    00000060     ti_freertos_config.o (.text.xQueueGiveFromISR)
                  00034618    00000060     ti_freertos_config.o (.text.xTaskPriorityDisinherit)
                  00034678    00000060     zb_router_role.a : zboss_r23_common_zb_address.obj (.text.zb_address_cmp_two_refs)
                  000346d8    00000060     zb_cluster_zr.a : zboss_r23_zcl_zcl_common.obj (.text.zb_af_get_endpoint_desc)
                  00034738    00000060     zb_ti_platform_zc_zr.a : osif_ti_f3_crypto.obj (.text.zb_hw_sha_256)
                  00034798    00000060     zb_zdo_zr.a : zboss_r23_zdo_zdo_app_join.obj (.text.zb_nlme_join_confirm)
                  000347f8    00000060     zb_router_role.a : zboss_r23_nwk_zb_nwk_ed_aging.obj (.text.zb_nwk_src_match_delete)
                  00034858    00000060                      : zboss_r23_common_zb_scheduler.obj (.text.zb_schedule_callback)
                  000348b8    00000060     zb_cluster_zr.a : zboss_r23_zcl_zcl_scenes.obj (.text.zb_zcl_scenes_remove_all_scenes_in_all_endpoints_by_group_id)
                  00034918    00000060     zb_zdo_zr.a : zboss_r23_zdo_zdo_app.obj (.text.zb_zdo_tclk_valid)
                  00034978    00000060                 : zboss_r23_zdo_zdo_common.obj (.text.zdo_send_resp_by_short)
                  000349d8    00000060     {A6EE51F2-468C-4ACE-8CD5-1B3759E9EBB3} (.text.zgp_proxy_table_set_security_counter)
                  00034a38    0000005e     zb_router_role.a : zboss_r23_zgp_zgp_secur.obj (.text.zb_zgp_key_hash)
                  00034a96    00000002                      : zboss_r23_aps_aps_nwk_confirm.obj (.text.zb_nlme_route_discovery_confirm)
                  00034a98    0000005c     secure_drivers_cc23x0r5.a : AESCommonLPF3.c.obj (.text.AESCommonLPF3_init)
                  00034af4    0000005c     ti_freertos_config.o (.text.ClockP_walkQueueDynamic)
                  00034b50    0000005c     rcl_cc23x0r5.a : adc_noise.c.obj (.text.RCL_Handler_Adc_Noise_powerDown)
                  00034bac    0000005c     {A6EE51F2-468C-4ACE-8CD5-1B3759E9EBB3} (.text.ed_scan_timer_callback)
                  00034c08    0000005c     libc.a : s_frexp.c.obj (.text.frexp)
                  00034c64    0000005c     {A6EE51F2-468C-4ACE-8CD5-1B3759E9EBB3} (.text.get_manufacturer_index_by_ieee_addr)
                  00034cc0    0000005c     {A6EE51F2-468C-4ACE-8CD5-1B3759E9EBB3} (.text.sync_num_of_children_and_siblings)
                  00034d1c    0000005c     zb_router_role.a : zboss_r23_common_zb_bufpool_mult.obj (.text.zb_buf_alloc_left_func)
                  00034d78    0000005c     {A6EE51F2-468C-4ACE-8CD5-1B3759E9EBB3} (.text.zb_nvram_dataset_is_supported)
                  00034dd4    0000005c     zb_router_role.a : zboss_r23_nwk_nwk_link_status.obj (.text.zb_nwk_link_status_alarm)
                  00034e30    0000005c                      : zboss_r23_nwk_nwk_cr_mesh_routing.obj (.text.zb_nwk_mesh_send_pending_data)
                  00034e8c    0000005c     {A6EE51F2-468C-4ACE-8CD5-1B3759E9EBB3} (.text.zb_secur_get_auth_token_key_by_ieee)
                  00034ee8    0000005c     zb_cluster_zr.a : zboss_r23_zcl_zcl_common.obj (.text.zb_zcl_finish_and_send_packet)
                  00034f44    0000005c     zb_zdo_zr.a : zboss_r23_zdo_zdo_channel_manager.obj (.text.zb_zdo_check_fails)
                  00034fa0    0000005c                 : zboss_r23_zdo_zdo_channel_manager.obj (.text.zb_zdo_check_fails_cont)
                  00034ffc    0000005c                 : zboss_r23_zdo_zdo_channel_manager.obj (.text.zb_zdo_ed_scan_request)
                  00035058    0000005c                 : zboss_r23_zdo_zdo_bind_manage.obj (.text.zb_zdo_send_check_bind_unbind)
                  000350b4    0000005c     {A6EE51F2-468C-4ACE-8CD5-1B3759E9EBB3} (.text.zdo_kill_cb_by_index)
                  00035110    0000005c     zb_zdo_zr.a : zboss_r23_zdo_zdo_app.obj (.text.zdo_send_device_annce_ex)
                  0003516c    0000005c     zb_router_role.a : zboss_r23_zgp_zgp_common.obj (.text.zgp_calc_alias_source_address)
                  000351c8    0000005a     {A6EE51F2-468C-4ACE-8CD5-1B3759E9EBB3} (.text.channel_page_get_edge_channel_number)
                  00035222    00000002     {A6EE51F2-468C-4ACE-8CD5-1B3759E9EBB3} (.text.zb_zcl_wwah_trace_ctx)
                  00035224    00000058     {A6EE51F2-468C-4ACE-8CD5-1B3759E9EBB3} (.text.AESCMACLPF3_hwiFxn)
                  0003527c    00000058     rcl_cc23x0r5.a : LRFCC23X0.c.obj (.text.LRF_setRxFifoEffSz)
                  000352d4    00000058     libc.a : _ltoa.c.obj (.text.__TI_ltoa)
                  0003532c    00000058     libclang_rt.builtins.a : clzsi2.c.obj (.text.__clzsi2)
                  00035384    00000058     {A6EE51F2-468C-4ACE-8CD5-1B3759E9EBB3} (.text._pconv_f)
                  000353dc    00000058     {A6EE51F2-468C-4ACE-8CD5-1B3759E9EBB3} (.text.aps_in_frag_kill_stopped_entries)
                  00035434    00000058     zb_router_role.a : zboss_r23_commissioning_bdb_zdo_commissioning_bdb.obj (.text.bdb_not_ever_joined)
                  0003548c    00000058     zb_cluster_zr.a : zboss_r23_zcl_zcl_scenes.obj (.text.check_value_scenes)
                  000354e4    00000058     {A6EE51F2-468C-4ACE-8CD5-1B3759E9EBB3} (.text.mac_ti23xx_set_channel)
                  0003553c    00000058     zb_router_role.a : zboss_r23_common_zb_address.obj (.text.zb_ieee_addr_compress)
                  00035594    00000058                      : zboss_r23_mac_mac.obj (.text.zb_mlme_poll_request)
                  000355ec    00000058                      : zboss_r23_common_zb_nvram.obj (.text.zb_nvram_read_data)
                  00035644    00000058                      : zboss_r23_nwk_nwk_cr_parent.obj (.text.zb_nwk_update_beacon_payload)
                  0003569c    00000058                      : zboss_r23_common_zb_sleep.obj (.text.zb_sleep_calc_sleep_tmo)
                  000356f4    00000058     {A6EE51F2-468C-4ACE-8CD5-1B3759E9EBB3} (.text.zb_timer_callback)
                  0003574c    00000058     {A6EE51F2-468C-4ACE-8CD5-1B3759E9EBB3} (.text.zb_zcl_basic_reset_invoke_user_app)
                  000357a4    00000058     {A6EE51F2-468C-4ACE-8CD5-1B3759E9EBB3} (.text.zb_zcl_init_periodic_activities)
                  000357fc    00000058     zb_cluster_zr.a : zboss_r23_zcl_zcl_scenes.obj (.text.zb_zcl_scenes_remove_all_scenes_in_all_endpoints)
[...]
00022d2d  xQueueGenericSend                                
00024401  PowerCC23X0_standbyPolicy                        
00024525  RCL_IEEE_updateSourceMatchingTableShort          
00024d05  xQueueReceive                                    
00025909  xTaskResumeAll                                   
00025c39  __aeabi_ddiv                                     
00025c39  __divdf3                                         
0002677d  xTaskIncrementTick                               
00027869  __aeabi_dmul                                     
00027869  __muldf3                                         
0002806b  RCL_GPIO_enable                                  
000283ed  pvPortMalloc                                     
000289f1  ldexp                                            
000289f1  ldexpl                                           
000290b1  Power_init                                       
00029401  pthread_create                                   
0002a7a9  vTaskSuspend                                     
0002accd  RCL_scheduleHook                                 
0002ae3d  xQueueGenericReset                               
0002ba19  vTaskDelete                                      
0002c869  __udivmoddi4                                     
0002c90b  RCL_phyHook                                      
0002ca4d  xTaskRemoveFromEventList                         
0002cfed  LRF_TxPowerTable_findValue                       
0002d089  PowerLPF3_sleep                                  
0002d985  RCL_Scheduler_setStopTimes                       
0002da19  Temperature_init                                 
0002dfe1  AESProcessAlignedBlocksCMAC                      
0002dff1  AESProcessAlignedBlocksCTR                       
0002e009  AESProcessAlignedBlocksECB                       
0002e051  AESCopyBlock                                     
0002e105  RCL_MultiBuffer_RxEntry_get                      
0002e4f5  vTaskStartScheduler                              
0002ea03  __aeabi_idiv0                                    
0002eeed  RCL_AdcNoise_get_samples_blocking                
0002f549  ClockP_startup                                   
0002f759  memalign                                         
0002fa71  vTaskSwitchContext                               
00030005  xTaskPriorityInherit                             
00030603  __aeabi_ldiv0                                    
00030681  RCL_IEEE_Tx_submit                               
00030c51  __TI_decompress_lzss                             
00030ccd  HwiP_construct                                   
00030d45  RCL_Scheduler_findStopStatus                     
00030e35  hal_init_fsm                                     
00031015  xQueueReceiveFromISR                             
00031791  __gedf2                                          
00031791  __gtdf2                                          
00031d75  ClockP_start                                     
00031ec5  Power_sleep                                      
00032865  ClockP_stop                                      
00033061  __cmpdf2                                         
00033061  __eqdf2                                          
00033061  __ledf2                                          
00033061  __ltdf2                                          
00033061  __nedf2                                          
00033339  vTaskPriorityDisinheritAfterTimeout              
000333a1  xTaskCheckForTimeOut                             
00033a1f  vApplicationStackOverflowHook                    
00033c15  xTaskCreate                                      
00034255  __aeabi_dcmpeq                                   
00034269  __aeabi_dcmplt                                   
0003427d  __aeabi_dcmple                                   
00034291  __aeabi_dcmpge                                   
000342a5  __aeabi_dcmpgt                                   
000342b9  RCL_IEEE_updateRxAction                          
000345b9  xQueueGiveFromISR                                
00034619  xTaskPriorityDisinherit                          
00034af5  ClockP_walkQueueDynamic                          
00034c09  frexp                                            
00034c09  frexpl                                           
0003527d  LRF_setRxFifoEffSz                               
0003532d  __clzsi2                                         
00035abd  __aeabi_idiv                                     
00035abd  __aeabi_idivmod                                  
00035b13  xQueueGenericCreate                              
00035c15  LRF_readRxFifoWords                              
00035c69  RCL_Command_pend                                 
00035d65  RCL_IEEE_updateTxPower                           
00035db9  RCL_Scheduler_setStartStopTimeEarliestStart      
00035f09  hal_check_clear_timer_compare                    
00036155  vQueueWaitForMessageRestricted                   
00036831  Power_releaseDependency                          
00036881  Power_setDependency                              
000368d1  RCL_Scheduler_setCustomStartStopTimeEarliestStart
00036b51  xTaskCreateStatic                                
000371d5  LRFDApplyClockDependencies                       
00037221  LRF_programTemperatureCompensatedTxPower         
0003726d  LRF_writeTxFifoWords                             
00037305  RCL_open                                         
000373e9  __aeabi_errno_addr                               
00037695  realloc                                          
0003772d  vPortFree                                        
00037d1d  LRF_loadImage                                    
00037d69  __aeabi_d2iz                                     
00037d69  __fixdfsi                                        
00037db3  calloc                                           
00037e49  ClockP_construct                                 
00037f21  PowerLPF3_getHfxtAmpAdjustment                   
00037f69  RCL_Scheduler_postEvent                          
00037fb1  Temperature_registerNotifyRange                  
00038281  localProgramStart                                
000383e9  xTimerCreateTimerTask                            
00038821  pthread_exit                                     
000388ad  RCL_MultiBuffer_getBuffer                        
00039169  RCL_Command_submit                               
000391a9  SemaphoreP_construct                             
000391e9  __aeabi_uidiv                                    
000391e9  __aeabi_uidivmod                                 
000399e1  PowerLPF3_selectLFXT                             
00039a1d  RCL_init                                         
00039a59  RCL_openPowerNotifications                       
00039b0d  SemaphoreP_pend                                  
00039bc1  eTaskConfirmSleepModeStatus                      
00039c75  vTaskPlaceOnEventListRestricted                  
00039cb1  vTaskStepTick                                    
0003a19d  __TI_auto_init_nobinit_nopinit                   
0003a1d9  __muldsi3                                        
0003a369  LRF_imagesNeedUpdate                             
0003a3a1  LRF_programTxPower                               
0003a3d9  LRF_updateTemperatureCompensation                
0003a449  RCL_closePowerNotifications                      
0003a481  SemaphoreP_create                                
0003a4b9  Temperature_getTemperature                       
0003a609  malloc                                           
0003aa9f  RCL_TxBuffer_init                                
0003ab0b  xQueueGenericCreateStatic                        
0003abe1  HwiP_disable                                     
0003ac49  PowerCC23X0_notify                               
0003ac7d  Power_getDependencyCount                         
0003acb1  RCL_MultiBuffer_init                             
0003ae1d  Exception_handlerSpin                            
0003ae55  vTaskSetApplicationTaskTag                       
0003ae89  xTaskGetApplicationTaskTag                       
0003b291  HwiP_dispatch                                    
0003b2c1  LRF_enable                                       
0003b351  LRF_peekRxFifo                                   
0003b3e1  Power_releaseConstraint                          
0003b411  RCL_close                                        
0003b5c1  hal_setup_setup_time                             
0003b5f1  sem_init                                         
0003bafb  vListInsert                                      
0003bb85  LRF_disable                                      
0003bbb1  LRF_enableTemperatureMonitoring                  
0003bbdd  LRF_prepareRxFifo                                
0003bc71  PowerLPF3_isLfincFilterAllowingStandby           
0003bc9d  Power_setConstraint                              
0003bcf5  RCL_submitHook                                   
0003bd21  Temperature_unregisterNotify                     
0003bd4d  __aeabi_i2d                                      
0003bd4d  __floatsidf                                      
0003c245  xQueueCreateCountingSemaphoreStatic              
0003c2c1  ClockP_usleep                                    
0003c2e9  HwiP_restore                                     
0003c3e9  Power_registerNotify                             
0003c4b1  hal_setup_start_time                             
0003c4d9  hal_setup_sync_found_cap                         
0003cb85  LRF_enableSynthRefsys                            
0003cbcd  LRF_getRawTxPower                                
0003cc15  List_get                                         
0003cc5d  RCL_MultiBuffer_findAvailableRxSpace             
0003cc81  __aeabi_lmul                                     
0003cc81  __muldi3                                         
0003cd59  hal_set_temperature_notification                 
0003ce9d  xQueueCreateCountingSemaphore                    
0003d1fd  List_remove                                      
0003d21f  SemaphoreP_constructBinary                       
0003d391  LRF_prepareTxFifo                                
0003d3b1  List_put                                         
0003d3d1  PowerLPF3_adjustHfxtAmp                          
0003d411  SemaphoreP_post                                  
0003d471  hal_cancel_graceful_stop_time                    
0003d491  hal_power_open                                   
0003d4b1  hal_setup_hard_stop_time                         
0003d531  uxListRemove                                     
0003d9ab  SemaphoreP_createBinary                          
0003d9c9  __aeabi_llsl                                     
0003d9c9  __ashldi3                                        
0003da23  HwiP_setPriority                                 
0003da41  LRFDReleaseClockDependency                       
0003da5d  LRFDSetClockDependency                           
0003db15  PTLS_taskDeleteHook                              
0003dbd9  hal_power_release_swtcxo_update_constraint       
0003dcf1  vTaskPlaceOnEventList                            
0003e01d  _c_int00                                         
0003e133  hal_clear_rcl_clock_enable                       
0003e167  hal_set_rcl_clock_enable                         
0003e411  RCL_MultiBuffer_put                              
0003e429  RCL_Scheduler_delta                              
0003e441  RCL_Scheduler_setNewStartAbsTime                 
0003e459  RCL_readRssi                                     
0003e4b9  hal_power_close                                  
0003e4d1  hal_setup_graceful_stop_time                     
0003e501  pvTaskIncrementMutexHeldCount                    
0003ea2d  vListInsertEnd                                   
0003eaf1  ClockP_destruct                                  
0003eb19  LRF_disableSynthRefsys                           
0003eb2d  LRF_disableTemperatureMonitoring                 
0003eb41  LRF_enableCoexGrant                              
0003ed5d  Power_getConstraintCount                         
0003ed71  RCL_MultiBuffer_RxEntry_isEmpty                  
0003edc1  __aeabi_uldivmod                                 
0003ee25  hal_enable_hard_stop_time_irq                    
0003ee39  hal_enable_setup_time_irq                        
0003ee4d  hal_get_command_ifg_reg                          
0003efb5  List_clearList                                   
0003f12d  vQueueDelete                                     
0003f175  TI_memcpy_small                                  
0003f187  __TI_decompress_none                             
0003f1b9  ClockP_setFunc                                   
0003f1d9  HwiP_Params_init                                 
0003f1e9  HwiP_setFunc                                     
0003f1f9  LRF_deassertCoexRequest                          
0003f209  LRF_rclDisableRadioClocks                        
0003f219  LRF_rclEnableRadioClocks                         
0003f229  LRF_waitForTopsmReady                            
0003f409  PowerLPF3_forceHFXTCompensationUpdate            
0003f419  Power_unregisterNotify                           
0003f429  RCL_MultiBuffer_findFirstWritableBuffer          
0003f439  free                                             
0003f449  hal_disable_all_command_radio_interrupts         
0003f459  hal_disable_all_dispatch_radio_interrupts        
0003f469  hal_disable_command_radio_interrupt              
0003f479  hal_enable_clk_buffer                            
0003f489  hal_enable_command_radio_interrupt               
0003f499  hal_get_hfxt_ratio                               
0003f4a9  hal_init_dispatch_radio_interrupts               
0003f4b9  hal_stop_temperature_notification                
0003f4d9  pthread_self                                     
0003f4e9  resetISR                                         
0003f6c9  __TI_zero_init                                   
0003fa6f  RCL_Scheduler_setNewStartNow                     
0003fa7d  __aeabi_memset                                   
0003fa7d  __aeabi_memset4                                  
0003fa7d  __aeabi_memset8                                  
0003fad1  TI_memset_small                                  
0003fae1  LRF_disableCoexGrant                             
0003faed  LRF_initializeMaxRssi                            
0003faf9  LRF_readMaxRssi                                  
0003fb05  LRF_readRssi                                     
0003fc69  RCL_clearNextCommandHook                         
0003fc75  RCL_getNextCommandHook                           
0003fc81  RCL_policyHook                                   
0003fc8d  __aeabi_memclr                                   
0003fc8d  __aeabi_memclr4                                  
0003fc8d  __aeabi_memclr8                                  
0003fcbd  hal_clear_command_radio_interrupt                
0003fcc9  hal_get_current_time                             
0003fcd5  hal_get_dispatch_ifg_reg                         
0004022b  RCL_Command_stop                                 
00040235  RCL_Scheduler_cancelSchedStopTime                
0004023f  RCL_Scheduler_isLater                            
00040249  RCL_Scheduler_setSchedStopTime                   
00040253  hal_power_release_standby_constraint             
0004025d  hal_power_set_standby_constraint                 
00040267  hal_power_set_swtcxo_update_constraint           
0004027b  hal_trigger_command_fsm                          
00040285  hal_trigger_dispatch_fsm                         
0004028f  hal_trigger_scheduler_fsm                        
00040305  HwiP_post                                        
00040685  aligned_alloc                                    
0004070d  RCL_MultiBuffer_clear                            
00040715  SemaphoreP_Params_init                           
0004071d  __aeabi_memcpy                                   
0004071d  __aeabi_memcpy4                                  
0004071d  __aeabi_memcpy8                                  
0004072d  hal_cancel_hard_stop_time                        
00040735  hal_cancel_start_time                            
0004073d  hal_get_temperature                              
00040745  hal_temperature_init                             
000407ab  LRF_initSettingsState                            
00040acb  hal_get_hfxt_ratio_default                       
00040ad7  abort                                            
00040adc  C$$EXIT                                          
000440fc  TimestampP_nativeFormat32                        
00044100  __aeabi_ctype_table_                             
00044100  __aeabi_ctype_table_C                            
00044734  LRF_txPowerTable                                 
00044bac  TimestampP_nativeFormat64                        
00044bc8  LRF_swConfig                                     
00044be0  LRF_swConfigAdcNoise                             
00044d24  LRF_config                                       
00044d34  LRF_configAdcNoise                               
00044db0  lrfCoexConfiguration                             
00044dd7  rclFeatureControl                                
00044e44  sysTimerResolutionShift                          
00044e50  swParamListSz                                    
00044e54  uxTopUsedPriority                                
00045040  __TI_Handler_Table_Base                          
0004504c  __TI_Handler_Table_Limit                         
00045074  __TI_CINIT_Base                                  
000450a4  __TI_CINIT_Limit                                 
000450a4  __TI_CINIT_Warm                                  
20000000  __start___llvm_prf_bits                          
20000000  __start___llvm_prf_cnts                          
20000000  __stop___llvm_prf_bits                           
20000000  __stop___llvm_prf_cnts                           
20004910  rclSchedulerState                                
20004974  clockHwi                                         
200049a4  swParamList                                      
200049d0  rclState                                         
200049f4  adcNoiseHandlerState                             
20006fe4  __TI_cleanup_ptr                                 
20006fe8  __TI_dtors_ptr                                   
20007230  HwiP_swiPIntNum                                  
200074e5  channel2usage                                    
200076de  rclTemperatureThreshold                          
20007774  halSchedFsmCb                                    
20007778  halDispatchFsmCb                                 
2000777c  halCommandFsmCb                                  
20007780  fXtalInv                                         
200077ac  pxCurrentTCB                                     
200077dc  rclPbeGpoMask                                    
2000fc00  __stack                                          
20010000  __STACK_END                                      
4e020000  ccfg                                             
4e020000  ti_utils_build_GenMap_sym_CRC_CCFG_BOOT_CFG_begin
4e02000b  ti_utils_build_GenMap_sym_CRC_CCFG_BOOT_CFG_end  
4e020010  ti_utils_build_GenMap_sym_CRC_CCFG_begin         
4e02074b  ti_utils_build_GenMap_sym_CRC_CCFG_end           
4e0207d0  ti_utils_build_GenMap_sym_CRC_CCFG_DEBUG_begin   
4e0207fb  ti_utils_build_GenMap_sym_CRC_CCFG_DEBUG_end     
90000000  TimestampP_nativeFormat64_copy                   
90000004  TimestampP_nativeFormat32_copy                   
ffffffff  __TI_pprof_out_hndl                              
ffffffff  __TI_prof_data_size                              
ffffffff  __TI_prof_data_start                             
ffffffff  __binit__                                        
ffffffff  binit                                            
UNDEFED   RCL_Debug_assertProxy                            
UNDEFED   RCL_Profiling_eventHook                          
UNDEFED   __mpu_init                                       
UNDEFED   _system_post_cinit                               

[357 symbols]
